Archive member included because of file (symbol)

.\CortexM0\ARM_GCC_484\Debug\RosOnAStick.a(cyfitter_cfg.o)
                              .\CortexM0\ARM_GCC_484\Debug\Cm0Start.o (cyfitter_cfg)
.\CortexM0\ARM_GCC_484\Debug\RosOnAStick.a(ROSSerial_UART_Clock.o)
                              .\CortexM0\ARM_GCC_484\Debug\Uarts.o (ROSSerial_UART_Clock_SetFractionalDividerRegister)
.\CortexM0\ARM_GCC_484\Debug\RosOnAStick.a(ROSSerial_UART.o)
                              .\CortexM0\ARM_GCC_484\Debug\Uarts.o (ROSSerial_UART_Start)
.\CortexM0\ARM_GCC_484\Debug\RosOnAStick.a(ROSSerial_UART_SPI_UART.o)
                              .\CortexM0\ARM_GCC_484\Debug\Uarts.o (ROSSerial_UART_SpiUartReadRxData)
.\CortexM0\ARM_GCC_484\Debug\RosOnAStick.a(ROSSerial_UART_UART.o)
                              .\CortexM0\ARM_GCC_484\Debug\RosOnAStick.a(ROSSerial_UART.o) (ROSSerial_UART_UartInit)
.\CortexM0\ARM_GCC_484\Debug\RosOnAStick.a(P1_6.o)
                              .\CortexM0\ARM_GCC_484\Debug\Blink.o (P1_6_Write)
.\CortexM0\ARM_GCC_484\Debug\RosOnAStick.a(Port0.o)
                              .\CortexM0\ARM_GCC_484\Debug\button_example.o (Port0_Read)
.\CortexM0\ARM_GCC_484\Debug\RosOnAStick.a(ADC_SAR_SEQ.o)
                              .\CortexM0\ARM_GCC_484\Debug\ADC.o (ADC_SAR_SEQ_Start)
.\CortexM0\ARM_GCC_484\Debug\RosOnAStick.a(ADC_SAR_SEQ_INT.o)
                              .\CortexM0\ARM_GCC_484\Debug\RosOnAStick.a(ADC_SAR_SEQ.o) (ADC_SAR_SEQ_ISR)
.\CortexM0\ARM_GCC_484\Debug\RosOnAStick.a(PWM_1.o)
                              .\CortexM0\ARM_GCC_484\Debug\ServoControl.o (PWM_1_WriteCompare)
.\CortexM0\ARM_GCC_484\Debug\RosOnAStick.a(QuadDec_1.o)
                              .\CortexM0\ARM_GCC_484\Debug\Encoder.o (QuadDec_1_Start)
.\CortexM0\ARM_GCC_484\Debug\RosOnAStick.a(Quad_Clock.o)
                              .\CortexM0\ARM_GCC_484\Debug\Encoder.o (Quad_Clock_Start)
.\CortexM0\ARM_GCC_484\Debug\RosOnAStick.a(CapSense.o)
                              .\CortexM0\ARM_GCC_484\Debug\capsense_button.o (CapSense_Start)
.\CortexM0\ARM_GCC_484\Debug\RosOnAStick.a(CapSense_CSHL.o)
                              .\CortexM0\ARM_GCC_484\Debug\RosOnAStick.a(CapSense.o) (CapSense_rawDataIndex)
.\CortexM0\ARM_GCC_484\Debug\RosOnAStick.a(CapSense_INT.o)
                              .\CortexM0\ARM_GCC_484\Debug\RosOnAStick.a(CapSense.o) (CapSense_ISR)
.\CortexM0\ARM_GCC_484\Debug\RosOnAStick.a(CapSense_SMS.o)
                              .\CortexM0\ARM_GCC_484\Debug\RosOnAStick.a(CapSense.o) (scanSpeedTbl)
.\CortexM0\ARM_GCC_484\Debug\RosOnAStick.a(Stepper_Control.o)
                              .\CortexM0\ARM_GCC_484\Debug\StepperControl.o (Stepper_Control_Write)
.\CortexM0\ARM_GCC_484\Debug\RosOnAStick.a(ADC_SAR_SEQ_IRQ.o)
                              .\CortexM0\ARM_GCC_484\Debug\ADC.o (ADC_SAR_SEQ_IRQ_StartEx)
.\CortexM0\ARM_GCC_484\Debug\RosOnAStick.a(CapSense_SampleClk.o)
                              .\CortexM0\ARM_GCC_484\Debug\RosOnAStick.a(CapSense.o) (CapSense_SampleClk_Start)
.\CortexM0\ARM_GCC_484\Debug\RosOnAStick.a(CapSense_SenseClk.o)
                              .\CortexM0\ARM_GCC_484\Debug\RosOnAStick.a(CapSense.o) (CapSense_SenseClk_Start)
.\CortexM0\ARM_GCC_484\Debug\RosOnAStick.a(CyBootAsmGnu.o)
                              .\CortexM0\ARM_GCC_484\Debug\RosOnAStick.a(cyfitter_cfg.o) (CyDelayCycles)
.\CortexM0\ARM_GCC_484\Debug\RosOnAStick.a(CyLib.o)
                              .\CortexM0\ARM_GCC_484\Debug\RosOnAStick.a(cyfitter_cfg.o) (CyDelayUs)
.\CortexM0\ARM_GCC_484\Debug\RosOnAStick.a(UpDown.o)
                              .\CortexM0\ARM_GCC_484\Debug\UpDownCount.o (UpDown_WriteCounter)
.\CortexM0\ARM_GCC_484\Debug\RosOnAStick.a(ROSSerial_UART_SPI_UART_INT.o)
                              .\CortexM0\ARM_GCC_484\Debug\RosOnAStick.a(ROSSerial_UART_UART.o) (ROSSerial_UART_SPI_UART_ISR)
C:\Program Files\Cypress\PSoC Creator\3.1\PSoC Creator\psoc\content\cycomponentlibrary\CyComponentLibrary.cylib\CortexM0\ARM_GCC_484\Debug\CyComponentLibrary.a(CSD_P4_SmartSense_v2_0.o)
                              .\CortexM0\ARM_GCC_484\Debug\RosOnAStick.a(CapSense_SMS.o) (CalibrateSensors_P4_v2_0)
c:/program files/cypress/psoc creator/3.1/psoc creator/import/gnu_cs/arm/4.8.4/bin/../lib/gcc/arm-none-eabi/4.8.4/armv6-m\libgcc.a(_udivsi3.o)
                              .\CortexM0\ARM_GCC_484\Debug\main.o (__aeabi_uidiv)
c:/program files/cypress/psoc creator/3.1/psoc creator/import/gnu_cs/arm/4.8.4/bin/../lib/gcc/arm-none-eabi/4.8.4/armv6-m\libgcc.a(_divsi3.o)
                              .\CortexM0\ARM_GCC_484\Debug\time.o (__aeabi_idiv)
c:/program files/cypress/psoc creator/3.1/psoc creator/import/gnu_cs/arm/4.8.4/bin/../lib/gcc/arm-none-eabi/4.8.4/armv6-m\libgcc.a(_dvmd_tls.o)
[...]
Memory Configuration

Name             Origin             Length             Attributes
rom              0x00000000         0x00008000         xr
ram              0x20000000         0x00001000         xrw
*default*        0x00000000         0xffffffff

Linker script and memory map

LOAD c:/program files/cypress/psoc creator/3.1/psoc creator/import/gnu_cs/arm/4.8.4/bin/../lib/gcc/arm-none-eabi/4.8.4/armv6-m/crti.o
LOAD c:/program files/cypress/psoc creator/3.1/psoc creator/import/gnu_cs/arm/4.8.4/bin/../lib/gcc/arm-none-eabi/4.8.4/armv6-m/crtbegin.o
LOAD c:/program files/cypress/psoc creator/3.1/psoc creator/import/gnu_cs/arm/4.8.4/bin/../lib/gcc/arm-none-eabi/4.8.4/../../../../arm-none-eabi/lib/armv6-m/crt0.o
START GROUP
LOAD .\CortexM0\ARM_GCC_484\Debug\main.o
LOAD .\CortexM0\ARM_GCC_484\Debug\Uarts.o
LOAD .\CortexM0\ARM_GCC_484\Debug\cxxabi-compat.o
LOAD .\CortexM0\ARM_GCC_484\Debug\duration.o
LOAD .\CortexM0\ARM_GCC_484\Debug\init.o
LOAD .\CortexM0\ARM_GCC_484\Debug\isnprintf.o
LOAD .\CortexM0\ARM_GCC_484\Debug\SysTimer.o
LOAD .\CortexM0\ARM_GCC_484\Debug\time.o
LOAD .\CortexM0\ARM_GCC_484\Debug\ADC.o
LOAD .\CortexM0\ARM_GCC_484\Debug\Blink.o
LOAD .\CortexM0\ARM_GCC_484\Debug\HelloWorld.o
LOAD .\CortexM0\ARM_GCC_484\Debug\button_example.o
LOAD .\CortexM0\ARM_GCC_484\Debug\ServoControl.o
LOAD .\CortexM0\ARM_GCC_484\Debug\Encoder.o
LOAD .\CortexM0\ARM_GCC_484\Debug\StepperControl.o
LOAD .\CortexM0\ARM_GCC_484\Debug\capsense_button.o
LOAD .\CortexM0\ARM_GCC_484\Debug\UpDownCount.o
LOAD .\CortexM0\ARM_GCC_484\Debug\cybootloader.o
LOAD .\CortexM0\ARM_GCC_484\Debug\cymetadata.o
LOAD .\CortexM0\ARM_GCC_484\Debug\Cm0Start.o
LOAD .\CortexM0\ARM_GCC_484\Debug\RosOnAStick.a
LOAD C:\Program Files\Cypress\PSoC Creator\3.1\PSoC Creator\psoc\content\cycomponentlibrary\CyComponentLibrary.cylib\CortexM0\ARM_GCC_484\Debug\CyComponentLibrary.a
END GROUP
START GROUP
LOAD c:/program files/cypress/psoc creator/3.1/psoc creator/import/gnu_cs/arm/4.8.4/bin/../lib/gcc/arm-none-eabi/4.8.4/armv6-m\libgcc.a
LOAD c:/program files/cypress/psoc creator/3.1/psoc creator/import/gnu_cs/arm/4.8.4/bin/../lib/gcc/arm-none-eabi/4.8.4/../../../../arm-none-eabi/lib/armv6-m\libg_s.a
LOAD c:/program files/cypress/psoc creator/3.1/psoc creator/import/gnu_cs/arm/4.8.4/bin/../lib/gcc/arm-none-eabi/4.8.4/../../../../arm-none-eabi/lib/armv6-m\libc_s.a
END GROUP
START GROUP
LOAD c:/program files/cypress/psoc creator/3.1/psoc creator/import/gnu_cs/arm/4.8.4/bin/../lib/gcc/arm-none-eabi/4.8.4/armv6-m\libgcc.a
LOAD c:/program files/cypress/psoc creator/3.1/psoc creator/import/gnu_cs/arm/4.8.4/bin/../lib/gcc/arm-none-eabi/4.8.4/../../../../arm-none-eabi/lib/armv6-m\libc_s.a
END GROUP
LOAD c:/program files/cypress/psoc creator/3.1/psoc creator/import/gnu_cs/arm/4.8.4/bin/../lib/gcc/arm-none-eabi/4.8.4/armv6-m/crtend.o
LOAD c:/program files/cypress/psoc creator/3.1/psoc creator/import/gnu_cs/arm/4.8.4/bin/../lib/gcc/arm-none-eabi/4.8.4/armv6-m/crtn.o
START GROUP
LOAD c:/program files/cypress/psoc creator/3.1/psoc creator/import/gnu_cs/arm/4.8.4/bin/../lib/gcc/arm-none-eabi/4.8.4/armv6-m\libgcc.a
LOAD c:/program files/cypress/psoc creator/3.1/psoc creator/import/gnu_cs/arm/4.8.4/bin/../lib/gcc/arm-none-eabi/4.8.4/../../../../arm-none-eabi/lib/armv6-m\libc.a
LOAD c:/program files/cypress/psoc creator/3.1/psoc creator/import/gnu_cs/arm/4.8.4/bin/../lib/gcc/arm-none-eabi/4.8.4/../../../../arm-none-eabi/lib/armv6-m\libnosys.a
END GROUP
                0x00000000                CY_APPL_ORIGIN = 0x0
                0x00000080                CY_FLASH_ROW_SIZE = 0x80
                0x00000001                CY_APPL_NUM = 0x1
                0x00000040                CY_METADATA_SIZE = 0x40
                0x200006b0                PROVIDE (__cy_heap_start, _end)
                0x00000001                PROVIDE (__cy_region_num, ((__cy_regions_end - __cy_regions) / 0x10))
                0x20001000                PROVIDE (__cy_stack, (ORIGIN (ram) + 0x1000))
                0x20000c00                PROVIDE (__cy_heap_end, (__cy_stack - 0x400))

.cybootloader   0x00000000      0xf80
 *(.cybootloader)
 .cybootloader  0x00000000      0xf80 .\CortexM0\ARM_GCC_484\Debug\cybootloader.o
                0x00000000                cy_bootloader
                0x00000f80                appl1_start = CY_APPL_ORIGIN?CY_APPL_ORIGIN:ALIGN (CY_FLASH_ROW_SIZE)
                0x00004780                appl2_start = (appl1_start + ALIGN ((((0x8000 - appl1_start) - (0x2 * CY_FLASH_ROW_SIZE)) / 0x2), CY_FLASH_ROW_SIZE))
                0x00000f80                appl_start = (CY_APPL_NUM == 0x1)?appl1_start:appl2_start

.text           0x00000f80     0x5e30
 CREATE_OBJECT_SYMBOLS
                0x00000f80                PROVIDE (__cy_interrupt_vector, RomVectors)
 *(.romvectors)
 .romvectors    0x00000f80       0x10 .\CortexM0\ARM_GCC_484\Debug\Cm0Start.o
                0x00000f80                RomVectors
                0x00000001                ASSERT ((. != __cy_interrupt_vector), No interrupt vector)
                0x00000001                ASSERT (CY_APPL_ORIGIN?(SIZEOF (.cybootloader) <= CY_APPL_ORIGIN):0x1, Wrong image location)
                0x00000f90                PROVIDE (__cy_reset, Reset)
 *(.text.Reset)
 .text.Reset    0x00000f90       0x14 .\CortexM0\ARM_GCC_484\Debug\Cm0Start.o
                0x00000f90                Reset
                0x00000001                ASSERT ((. != __cy_reset), No reset code)
 *(.psocinit)
 .psocinit      0x00000fa4      0x3a8 .\CortexM0\ARM_GCC_484\Debug\RosOnAStick.a(cyfitter_cfg.o)
                0x00001148                cyfitter_cfg
                0x0000134c                . = MAX (., 0x100)
 *(.text .text.* .gnu.linkonce.t.*)
 .text          0x0000134c       0x60 c:/program files/cypress/psoc creator/3.1/psoc creator/import/gnu_cs/arm/4.8.4/bin/../lib/gcc/arm-none-eabi/4.8.4/armv6-m/crtbegin.o
 .text._ZN3ros4TimeC2Ev
                0x000013ac       0x20 .\CortexM0\ARM_GCC_484\Debug\main.o
                0x000013ac                ros::Time::Time()
                0x000013ac                ros::Time::Time()
 .text._ZN3ros3MsgC2Ev
                0x000013cc       0x1c .\CortexM0\ARM_GCC_484\Debug\main.o
                0x000013cc                ros::Msg::Msg()
                0x000013cc                ros::Msg::Msg()
 .text._ZN8std_msgs4TimeC2Ev
                0x000013e8       0x30 .\CortexM0\ARM_GCC_484\Debug\main.o
                0x000013e8                std_msgs::Time::Time()
                0x000013e8                std_msgs::Time::Time()
 .text._ZNK8std_msgs4Time9serializeEPh
                0x00001418       0xac .\CortexM0\ARM_GCC_484\Debug\main.o
                0x00001418                std_msgs::Time::serialize(unsigned char*) const
 .text._ZN8std_msgs4Time11deserializeEPh
                0x000014c4       0xc4 .\CortexM0\ARM_GCC_484\Debug\main.o
                0x000014c4                std_msgs::Time::deserialize(unsigned char*)
 .text._ZN8std_msgs4Time7getTypeEv
                0x00001588       0x18 .\CortexM0\ARM_GCC_484\Debug\main.o
                0x00001588                std_msgs::Time::getType()
 .text._ZN8std_msgs4Time6getMD5Ev
                0x000015a0       0x18 .\CortexM0\ARM_GCC_484\Debug\main.o
                0x000015a0                std_msgs::Time::getMD5()
 .text._ZN14rosserial_msgs9TopicInfoC2Ev
                0x000015b8       0x48 .\CortexM0\ARM_GCC_484\Debug\main.o
                0x000015b8                rosserial_msgs::TopicInfo::TopicInfo()
                0x000015b8                rosserial_msgs::TopicInfo::TopicInfo()
 .text._ZNK14rosserial_msgs9TopicInfo9serializeEPh
                0x00001600      0x15c .\CortexM0\ARM_GCC_484\Debug\main.o
                0x00001600                rosserial_msgs::TopicInfo::serialize(unsigned char*) const
 .text._ZN14rosserial_msgs9TopicInfo11deserializeEPh
                0x0000175c      0x1d8 .\CortexM0\ARM_GCC_484\Debug\main.o
                0x0000175c                rosserial_msgs::TopicInfo::deserialize(unsigned char*)
 .text._ZN14rosserial_msgs9TopicInfo7getTypeEv
                0x00001934       0x18 .\CortexM0\ARM_GCC_484\Debug\main.o
                0x00001934                rosserial_msgs::TopicInfo::getType()
 .text._ZN14rosserial_msgs9TopicInfo6getMD5Ev
                0x0000194c       0x18 .\CortexM0\ARM_GCC_484\Debug\main.o
                0x0000194c                rosserial_msgs::TopicInfo::getMD5()
 .text._ZN14rosserial_msgs3LogC2Ev
                0x00001964       0x34 .\CortexM0\ARM_GCC_484\Debug\main.o
                0x00001964                rosserial_msgs::Log::Log()
                0x00001964                rosserial_msgs::Log::Log()
 .text._ZNK14rosserial_msgs3Log9serializeEPh
                0x00001998       0x70 .\CortexM0\ARM_GCC_484\Debug\main.o
                0x00001998                rosserial_msgs::Log::serialize(unsigned char*) const
 .text._ZN14rosserial_msgs3Log11deserializeEPh
                0x00001a08       0x94 .\CortexM0\ARM_GCC_484\Debug\main.o
                0x00001a08                rosserial_msgs::Log::deserialize(unsigned char*)
 .text._ZN14rosserial_msgs3Log7getTypeEv
                0x00001a9c       0x18 .\CortexM0\ARM_GCC_484\Debug\main.o
                0x00001a9c                rosserial_msgs::Log::getType()
 .text._ZN14rosserial_msgs3Log6getMD5Ev
                0x00001ab4       0x18 .\CortexM0\ARM_GCC_484\Debug\main.o
                0x00001ab4                rosserial_msgs::Log::getMD5()
 .text._ZN14rosserial_msgs20RequestParamResponseC2Ev
                0x00001acc       0x48 .\CortexM0\ARM_GCC_484\Debug\main.o
                0x00001acc                rosserial_msgs::RequestParamResponse::RequestParamResponse()
                0x00001acc                rosserial_msgs::RequestParamResponse::RequestParamResponse()
 .text._ZNK14rosserial_msgs20RequestParamResponse9serializeEPh
                0x00001b14      0x240 .\CortexM0\ARM_GCC_484\Debug\main.o
                0x00001b14                rosserial_msgs::RequestParamResponse::serialize(unsigned char*) const
 .text._ZN14rosserial_msgs20RequestParamResponse11deserializeEPh
                0x00001d54      0x2b0 .\CortexM0\ARM_GCC_484\Debug\main.o
                0x00001d54                rosserial_msgs::RequestParamResponse::deserialize(unsigned char*)
 .text._ZN14rosserial_msgs20RequestParamResponse7getTypeEv
                0x00002004       0x18 .\CortexM0\ARM_GCC_484\Debug\main.o
                0x00002004                rosserial_msgs::RequestParamResponse::getType()
 .text._ZN14rosserial_msgs20RequestParamResponse6getMD5Ev
                0x0000201c       0x18 .\CortexM0\ARM_GCC_484\Debug\main.o
                0x0000201c                rosserial_msgs::RequestParamResponse::getMD5()
 .text._ZN3ros9Publisher15getEndpointTypeEv
                0x00002034       0x14 .\CortexM0\ARM_GCC_484\Debug\main.o
                0x00002034                ros::Publisher::getEndpointType()
 .text._ZN8SysTimer6millisEv
                0x00002048       0x14 .\CortexM0\ARM_GCC_484\Debug\main.o
                0x00002048                SysTimer::millis()
 .text._ZN13Psoc4HardwareC2Ev
                0x0000205c       0x24 .\CortexM0\ARM_GCC_484\Debug\main.o
                0x0000205c                Psoc4Hardware::Psoc4Hardware()
                0x0000205c                Psoc4Hardware::Psoc4Hardware()
 .text._ZN13Psoc4Hardware4initEv
                0x00002080       0x24 .\CortexM0\ARM_GCC_484\Debug\main.o
                0x00002080                Psoc4Hardware::init()
 .text._ZN13Psoc4Hardware4readEv
                0x000020a4       0x24 .\CortexM0\ARM_GCC_484\Debug\main.o
                0x000020a4                Psoc4Hardware::read()
 .text._ZN13Psoc4Hardware5writeEPhi
                0x000020c8       0x44 .\CortexM0\ARM_GCC_484\Debug\main.o
                0x000020c8                Psoc4Hardware::write(unsigned char*, int)
 .text._ZN13Psoc4Hardware4timeEv
                0x0000210c       0x18 .\CortexM0\ARM_GCC_484\Debug\main.o
                0x0000210c                Psoc4Hardware::time()
 .text.main     0x00002124       0x68 .\CortexM0\ARM_GCC_484\Debug\main.o
                0x00002124                main
 .text._ZN3ros15NodeHandleBase_C2Ev
                0x0000218c       0x1c .\CortexM0\ARM_GCC_484\Debug\main.o
                0x0000218c                ros::NodeHandleBase_::NodeHandleBase_()
                0x0000218c                ros::NodeHandleBase_::NodeHandleBase_()
 .text._ZN3ros11NodeHandle_I13Psoc4HardwareLi10ELi20ELi200ELi200EEC2Ev
                0x000021a8       0xfc .\CortexM0\ARM_GCC_484\Debug\main.o
                0x000021a8                ros::NodeHandle_<Psoc4Hardware, 10, 20, 200, 200>::NodeHandle_()
                0x000021a8                ros::NodeHandle_<Psoc4Hardware, 10, 20, 200, 200>::NodeHandle_()
 .text._ZN3ros11NodeHandle_I13Psoc4HardwareLi10ELi20ELi200ELi200EE8initNodeEv
                0x000022a4       0x40 .\CortexM0\ARM_GCC_484\Debug\main.o
                0x000022a4                ros::NodeHandle_<Psoc4Hardware, 10, 20, 200, 200>::initNode()
 .text._ZN3ros11NodeHandle_I13Psoc4HardwareLi10ELi20ELi200ELi200EE8spinOnceEv
                0x000022e4      0x420 .\CortexM0\ARM_GCC_484\Debug\main.o
                0x000022e4                ros::NodeHandle_<Psoc4Hardware, 10, 20, 200, 200>::spinOnce()
 .text._ZN3ros11NodeHandle_I13Psoc4HardwareLi10ELi20ELi200ELi200EE15requestSyncTimeEv
                0x00002704       0x3c .\CortexM0\ARM_GCC_484\Debug\main.o
                0x00002704                ros::NodeHandle_<Psoc4Hardware, 10, 20, 200, 200>::requestSyncTime()
 .text._ZN3ros11NodeHandle_I13Psoc4HardwareLi10ELi20ELi200ELi200EE15negotiateTopicsEv
                0x00002740      0x1b8 .\CortexM0\ARM_GCC_484\Debug\main.o
                0x00002740                ros::NodeHandle_<Psoc4Hardware, 10, 20, 200, 200>::negotiateTopics()
 .text._ZN3ros11NodeHandle_I13Psoc4HardwareLi10ELi20ELi200ELi200EE8syncTimeEPh
                0x000028f8       0xa0 .\CortexM0\ARM_GCC_484\Debug\main.o
                0x000028f8                ros::NodeHandle_<Psoc4Hardware, 10, 20, 200, 200>::syncTime(unsigned char*)
 .text._ZN3ros11NodeHandle_I13Psoc4HardwareLi10ELi20ELi200ELi200EE7publishEiPKNS_3MsgE
                0x00002998      0x134 .\CortexM0\ARM_GCC_484\Debug\main.o
                0x00002998                ros::NodeHandle_<Psoc4Hardware, 10, 20, 200, 200>::publish(int, ros::Msg const*)
 .text._ZN3ros11NodeHandle_I13Psoc4HardwareLi10ELi20ELi200ELi200EE6setNowERNS_4TimeE
                0x00002acc       0x74 .\CortexM0\ARM_GCC_484\Debug\main.o
                0x00002acc                ros::NodeHandle_<Psoc4Hardware, 10, 20, 200, 200>::setNow(ros::Time&)
 .text._ZN3ros11NodeHandle_I13Psoc4HardwareLi10ELi20ELi200ELi200EE8logerrorEPKc
                0x00002b40       0x20 .\CortexM0\ARM_GCC_484\Debug\main.o
                0x00002b40                ros::NodeHandle_<Psoc4Hardware, 10, 20, 200, 200>::logerror(char const*)
 .text._ZN3ros11NodeHandle_I13Psoc4HardwareLi10ELi20ELi200ELi200EE3logEcPKc
                0x00002b60       0x48 .\CortexM0\ARM_GCC_484\Debug\main.o
                0x00002b60                ros::NodeHandle_<Psoc4Hardware, 10, 20, 200, 200>::log(char, char const*)
 .text._Z41__static_initialization_and_destruction_0ii
                0x00002ba8       0x30 .\CortexM0\ARM_GCC_484\Debug\main.o
 .text._ZN3ros11NodeHandle_I13Psoc4HardwareLi10ELi20ELi200ELi200EE9connectedEv
                0x00002bd8       0x18 .\CortexM0\ARM_GCC_484\Debug\main.o
                0x00002bd8                ros::NodeHandle_<Psoc4Hardware, 10, 20, 200, 200>::connected()
 .text._GLOBAL__sub_I_nh
                0x00002bf0       0x18 .\CortexM0\ARM_GCC_484\Debug\main.o
 .text._ZN4Uart5beginEm
                0x00002c08       0x48 .\CortexM0\ARM_GCC_484\Debug\Uarts.o
                0x00002c08                Uart::begin(unsigned long)
 .text._ZN4Uart4readEv
                0x00002c50       0x50 .\CortexM0\ARM_GCC_484\Debug\Uarts.o
                0x00002c50                Uart::read()
 .text._ZN4Uart5writeEh
                0x00002ca0       0x24 .\CortexM0\ARM_GCC_484\Debug\Uarts.o
                0x00002ca0                Uart::write(unsigned char)
 .text._ZN14HardwareSerialC2Ev
                0x00002cc4       0x1c .\CortexM0\ARM_GCC_484\Debug\Uarts.o
                0x00002cc4                HardwareSerial::HardwareSerial()
                0x00002cc4                HardwareSerial::HardwareSerial()
 .text._ZN4UartC2Ev
                0x00002ce0       0x24 .\CortexM0\ARM_GCC_484\Debug\Uarts.o
                0x00002ce0                Uart::Uart()
                0x00002ce0                Uart::Uart()
 .text._Z41__static_initialization_and_destruction_0ii
                0x00002d04       0x30 .\CortexM0\ARM_GCC_484\Debug\Uarts.o
 .text._GLOBAL__sub_I__ZN4Uart5beginEm
                0x00002d34       0x18 .\CortexM0\ARM_GCC_484\Debug\Uarts.o
 .text.__cxa_pure_virtual
                0x00002d4c        0x8 .\CortexM0\ARM_GCC_484\Debug\cxxabi-compat.o
                0x00002d4c                __cxa_pure_virtual
 .text._ZN8SysTimer4initEv
                0x00002d54       0x20 .\CortexM0\ARM_GCC_484\Debug\init.o
                0x00002d54                SysTimer::init()
 .text.NVIC_SetPriority
                0x00002d74       0xe0 .\CortexM0\ARM_GCC_484\Debug\init.o
 .text.SysTick_Config
                0x00002e54       0x48 .\CortexM0\ARM_GCC_484\Debug\init.o
 .text._Z4initv
                0x00002e9c       0x1c .\CortexM0\ARM_GCC_484\Debug\init.o
                0x00002e9c                init()
 .text._Z11SysTick_ISRv
                0x00002eb8       0x18 .\CortexM0\ARM_GCC_484\Debug\SysTimer.o
                0x00002eb8                SysTick_ISR()
 .text._ZN3ros16normalizeSecNSecERmS0_
                0x00002ed0       0x48 .\CortexM0\ARM_GCC_484\Debug\time.o
                0x00002ed0                ros::normalizeSecNSec(unsigned long&, unsigned long&)
 .text._ZN3ros9PublisherC2EPKcPNS_3MsgEi
                0x00002f18       0x2c .\CortexM0\ARM_GCC_484\Debug\ADC.o
                0x00002f18                ros::Publisher::Publisher(char const*, ros::Msg*, int)
                0x00002f18                ros::Publisher::Publisher(char const*, ros::Msg*, int)
 .text._ZN3ros9Publisher7publishEPKNS_3MsgE
                0x00002f44       0x30 .\CortexM0\ARM_GCC_484\Debug\ADC.o
                0x00002f44                ros::Publisher::publish(ros::Msg const*)
 .text._ZN15rosserial_psoc43AdcC2Ev
                0x00002f74       0x48 .\CortexM0\ARM_GCC_484\Debug\ADC.o
                0x00002f74                rosserial_psoc4::Adc::Adc()
                0x00002f74                rosserial_psoc4::Adc::Adc()
 .text._ZNK15rosserial_psoc43Adc9serializeEPh
                0x00002fbc      0x108 .\CortexM0\ARM_GCC_484\Debug\ADC.o
                0x00002fbc                rosserial_psoc4::Adc::serialize(unsigned char*) const
 .text._ZN15rosserial_psoc43Adc11deserializeEPh
                0x000030c4      0x144 .\CortexM0\ARM_GCC_484\Debug\ADC.o
                0x000030c4                rosserial_psoc4::Adc::deserialize(unsigned char*)
 .text._ZN15rosserial_psoc43Adc7getTypeEv
                0x00003208       0x18 .\CortexM0\ARM_GCC_484\Debug\ADC.o
                0x00003208                rosserial_psoc4::Adc::getType()
 .text._ZN15rosserial_psoc43Adc6getMD5Ev
                0x00003220       0x18 .\CortexM0\ARM_GCC_484\Debug\ADC.o
                0x00003220                rosserial_psoc4::Adc::getMD5()
 .text._ZN3ADC19ADC_SAR_SEQ_ISR_LOCEv
                0x00003238       0x54 .\CortexM0\ARM_GCC_484\Debug\ADC.o
                0x00003238                ADC::ADC_SAR_SEQ_ISR_LOC()
 .text._ZN3ADC9adc_setupEv
                0x0000328c       0x1c .\CortexM0\ARM_GCC_484\Debug\ADC.o
                0x0000328c                ADC::adc_setup()
 .text._ZN3ADC10analogReadEi
                0x000032a8       0x20 .\CortexM0\ARM_GCC_484\Debug\ADC.o
                0x000032a8                ADC::analogRead(int)
 .text._ZN3ADC5setupEv
                0x000032c8       0x30 .\CortexM0\ARM_GCC_484\Debug\ADC.o
                0x000032c8                ADC::setup()
 .text._ZN3ADC13averageAnalogEi
                0x000032f8       0x44 .\CortexM0\ARM_GCC_484\Debug\ADC.o
                0x000032f8                ADC::averageAnalog(int)
 .text._ZN3ADC4loopEv
                0x0000333c       0x60 .\CortexM0\ARM_GCC_484\Debug\ADC.o
                0x0000333c                ADC::loop()
 .text._ZN3ros11NodeHandle_I13Psoc4HardwareLi10ELi20ELi200ELi200EE9advertiseERNS_9PublisherE
                0x0000339c       0x54 .\CortexM0\ARM_GCC_484\Debug\ADC.o
                0x0000339c                ros::NodeHandle_<Psoc4Hardware, 10, 20, 200, 200>::advertise(ros::Publisher&)
 .text._Z41__static_initialization_and_destruction_0ii
                0x000033f0       0x48 .\CortexM0\ARM_GCC_484\Debug\ADC.o
 .text._GLOBAL__sub_I__ZN3ADC7adc_msgE
                0x00003438       0x18 .\CortexM0\ARM_GCC_484\Debug\ADC.o
 .text._ZN8std_msgs5EmptyC2Ev
                0x00003450       0x24 .\CortexM0\ARM_GCC_484\Debug\Blink.o
                0x00003450                std_msgs::Empty::Empty()
                0x00003450                std_msgs::Empty::Empty()
 .text._ZNK8std_msgs5Empty9serializeEPh
                0x00003474       0x18 .\CortexM0\ARM_GCC_484\Debug\Blink.o
                0x00003474                std_msgs::Empty::serialize(unsigned char*) const
 .text._ZN8std_msgs5Empty11deserializeEPh
                0x0000348c       0x18 .\CortexM0\ARM_GCC_484\Debug\Blink.o
                0x0000348c                std_msgs::Empty::deserialize(unsigned char*)
 .text._ZN8std_msgs5Empty7getTypeEv
                0x000034a4       0x18 .\CortexM0\ARM_GCC_484\Debug\Blink.o
                0x000034a4                std_msgs::Empty::getType()
 .text._ZN8std_msgs5Empty6getMD5Ev
                0x000034bc       0x18 .\CortexM0\ARM_GCC_484\Debug\Blink.o
                0x000034bc                std_msgs::Empty::getMD5()
 .text._ZN5Blink9messageCbERKN8std_msgs5EmptyE
                0x000034d4       0x20 .\CortexM0\ARM_GCC_484\Debug\Blink.o
                0x000034d4                Blink::messageCb(std_msgs::Empty const&)
 .text._ZN5Blink5setupEv
                0x000034f4       0x30 .\CortexM0\ARM_GCC_484\Debug\Blink.o
                0x000034f4                Blink::setup()
 .text._ZN5Blink4loopEv
                0x00003524       0x18 .\CortexM0\ARM_GCC_484\Debug\Blink.o
                0x00003524                Blink::loop()
 .text._ZN3ros11Subscriber_C2Ev
                0x0000353c       0x1c .\CortexM0\ARM_GCC_484\Debug\Blink.o
                0x0000353c                ros::Subscriber_::Subscriber_()
                0x0000353c                ros::Subscriber_::Subscriber_()
 .text._ZN3ros10SubscriberIN8std_msgs5EmptyEEC2EPKcPFvRKS2_Ei
                0x00003558       0x4c .\CortexM0\ARM_GCC_484\Debug\Blink.o
                0x00003558                ros::Subscriber<std_msgs::Empty>::Subscriber(char const*, void (*)(std_msgs::Empty const&), int)
                0x00003558                ros::Subscriber<std_msgs::Empty>::Subscriber(char const*, void (*)(std_msgs::Empty const&), int)
 .text._ZN3ros11NodeHandle_I13Psoc4HardwareLi10ELi20ELi200ELi200EE9subscribeIN8std_msgs5EmptyEEEbRNS_10SubscriberIT_EE
                0x000035a4       0x50 .\CortexM0\ARM_GCC_484\Debug\Blink.o
                0x000035a4                bool ros::NodeHandle_<Psoc4Hardware, 10, 20, 200, 200>::subscribe<std_msgs::Empty>(ros::Subscriber<std_msgs::Empty>&)
 .text._Z41__static_initialization_and_destruction_0ii
                0x000035f4       0x40 .\CortexM0\ARM_GCC_484\Debug\Blink.o
 .text._ZN3ros10SubscriberIN8std_msgs5EmptyEE8callbackEPh
                0x00003634       0x4c .\CortexM0\ARM_GCC_484\Debug\Blink.o
                0x00003634                ros::Subscriber<std_msgs::Empty>::callback(unsigned char*)
 .text._ZN3ros10SubscriberIN8std_msgs5EmptyEE15getEndpointTypeEv
                0x00003680       0x14 .\CortexM0\ARM_GCC_484\Debug\Blink.o
                0x00003680                ros::Subscriber<std_msgs::Empty>::getEndpointType()
 .text._ZN3ros10SubscriberIN8std_msgs5EmptyEE10getMsgTypeEv
                0x00003694       0x1c .\CortexM0\ARM_GCC_484\Debug\Blink.o
                0x00003694                ros::Subscriber<std_msgs::Empty>::getMsgType()
 .text._ZN3ros10SubscriberIN8std_msgs5EmptyEE9getMsgMD5Ev
                0x000036b0       0x1c .\CortexM0\ARM_GCC_484\Debug\Blink.o
                0x000036b0                ros::Subscriber<std_msgs::Empty>::getMsgMD5()
 .text._GLOBAL__sub_I__ZN5Blink5ledOnE
                0x000036cc       0x18 .\CortexM0\ARM_GCC_484\Debug\Blink.o
 .text._ZN8std_msgs6StringC2Ev
                0x000036e4       0x30 .\CortexM0\ARM_GCC_484\Debug\HelloWorld.o
                0x000036e4                std_msgs::String::String()
                0x000036e4                std_msgs::String::String()
 .text._ZNK8std_msgs6String9serializeEPh
                0x00003714       0x60 .\CortexM0\ARM_GCC_484\Debug\HelloWorld.o
                0x00003714                std_msgs::String::serialize(unsigned char*) const
 .text._ZN8std_msgs6String11deserializeEPh
                0x00003774       0x80 .\CortexM0\ARM_GCC_484\Debug\HelloWorld.o
                0x00003774                std_msgs::String::deserialize(unsigned char*)
 .text._ZN8std_msgs6String7getTypeEv
                0x000037f4       0x18 .\CortexM0\ARM_GCC_484\Debug\HelloWorld.o
                0x000037f4                std_msgs::String::getType()
 .text._ZN8std_msgs6String6getMD5Ev
                0x0000380c       0x18 .\CortexM0\ARM_GCC_484\Debug\HelloWorld.o
                0x0000380c                std_msgs::String::getMD5()
 .text._ZN10HelloWorld5setupEv
                0x00003824       0x2c .\CortexM0\ARM_GCC_484\Debug\HelloWorld.o
                0x00003824                HelloWorld::setup()
 .text._ZN10HelloWorld4loopEv
                0x00003850       0x50 .\CortexM0\ARM_GCC_484\Debug\HelloWorld.o
                0x00003850                HelloWorld::loop()
 .text._Z41__static_initialization_and_destruction_0ii
                0x000038a0       0x48 .\CortexM0\ARM_GCC_484\Debug\HelloWorld.o
 .text._GLOBAL__sub_I__ZN10HelloWorld7str_msgE
                0x000038e8       0x18 .\CortexM0\ARM_GCC_484\Debug\HelloWorld.o
 .text._ZN8std_msgs4BoolC2Ev
                0x00003900       0x2c .\CortexM0\ARM_GCC_484\Debug\button_example.o
                0x00003900                std_msgs::Bool::Bool()
                0x00003900                std_msgs::Bool::Bool()
 .text._ZNK8std_msgs4Bool9serializeEPh
                0x0000392c       0x38 .\CortexM0\ARM_GCC_484\Debug\button_example.o
                0x0000392c                std_msgs::Bool::serialize(unsigned char*) const
 .text._ZN8std_msgs4Bool11deserializeEPh
                0x00003964       0x48 .\CortexM0\ARM_GCC_484\Debug\button_example.o
                0x00003964                std_msgs::Bool::deserialize(unsigned char*)
 .text._ZN8std_msgs4Bool7getTypeEv
                0x000039ac       0x18 .\CortexM0\ARM_GCC_484\Debug\button_example.o
                0x000039ac                std_msgs::Bool::getType()
 .text._ZN8std_msgs4Bool6getMD5Ev
                0x000039c4       0x18 .\CortexM0\ARM_GCC_484\Debug\button_example.o
                0x000039c4                std_msgs::Bool::getMD5()
 .text._ZN6Button5setupEv
                0x000039dc       0x50 .\CortexM0\ARM_GCC_484\Debug\button_example.o
                0x000039dc                Button::setup()
 .text._ZN6Button4loopEv
                0x00003a2c       0xc0 .\CortexM0\ARM_GCC_484\Debug\button_example.o
                0x00003a2c                Button::loop()
 .text._ZN3ros11NodeHandle_I13Psoc4HardwareLi10ELi20ELi200ELi200EE7loginfoEPKc
                0x00003aec       0x20 .\CortexM0\ARM_GCC_484\Debug\button_example.o
                0x00003aec                ros::NodeHandle_<Psoc4Hardware, 10, 20, 200, 200>::loginfo(char const*)
 .text._Z41__static_initialization_and_destruction_0ii
                0x00003b0c       0x48 .\CortexM0\ARM_GCC_484\Debug\button_example.o
 .text._GLOBAL__sub_I__ZN6Button10pushed_msgE
                0x00003b54       0x18 .\CortexM0\ARM_GCC_484\Debug\button_example.o
 .text._ZN8std_msgs6UInt16C2Ev
                0x00003b6c       0x2c .\CortexM0\ARM_GCC_484\Debug\ServoControl.o
                0x00003b6c                std_msgs::UInt16::UInt16()
                0x00003b6c                std_msgs::UInt16::UInt16()
 .text._ZNK8std_msgs6UInt169serializeEPh
                0x00003b98       0x40 .\CortexM0\ARM_GCC_484\Debug\ServoControl.o
                0x00003b98                std_msgs::UInt16::serialize(unsigned char*) const
 .text._ZN8std_msgs6UInt1611deserializeEPh
                0x00003bd8       0x4c .\CortexM0\ARM_GCC_484\Debug\ServoControl.o
                0x00003bd8                std_msgs::UInt16::deserialize(unsigned char*)
 .text._ZN8std_msgs6UInt167getTypeEv
                0x00003c24       0x18 .\CortexM0\ARM_GCC_484\Debug\ServoControl.o
                0x00003c24                std_msgs::UInt16::getType()
 .text._ZN8std_msgs6UInt166getMD5Ev
                0x00003c3c       0x18 .\CortexM0\ARM_GCC_484\Debug\ServoControl.o
                0x00003c3c                std_msgs::UInt16::getMD5()
 .text._ZN12ServoControl11servo_us_cbERKN8std_msgs6UInt16E
                0x00003c54       0x54 .\CortexM0\ARM_GCC_484\Debug\ServoControl.o
                0x00003c54                ServoControl::servo_us_cb(std_msgs::UInt16 const&)
 .text._ZN12ServoControl5setupEv
                0x00003ca8       0x20 .\CortexM0\ARM_GCC_484\Debug\ServoControl.o
                0x00003ca8                ServoControl::setup()
 .text._ZN12ServoControl4loopEv
                0x00003cc8        0x8 .\CortexM0\ARM_GCC_484\Debug\ServoControl.o
                0x00003cc8                ServoControl::loop()
 .text._ZN3ros10SubscriberIN8std_msgs6UInt16EEC2EPKcPFvRKS2_Ei
                0x00003cd0       0x4c .\CortexM0\ARM_GCC_484\Debug\ServoControl.o
                0x00003cd0                ros::Subscriber<std_msgs::UInt16>::Subscriber(char const*, void (*)(std_msgs::UInt16 const&), int)
                0x00003cd0                ros::Subscriber<std_msgs::UInt16>::Subscriber(char const*, void (*)(std_msgs::UInt16 const&), int)
 .text._ZN3ros11NodeHandle_I13Psoc4HardwareLi10ELi20ELi200ELi200EE9subscribeIN8std_msgs6UInt16EEEbRNS_10SubscriberIT_EE
                0x00003d1c       0x50 .\CortexM0\ARM_GCC_484\Debug\ServoControl.o
                0x00003d1c                bool ros::NodeHandle_<Psoc4Hardware, 10, 20, 200, 200>::subscribe<std_msgs::UInt16>(ros::Subscriber<std_msgs::UInt16>&)
 .text._Z41__static_initialization_and_destruction_0ii
                0x00003d6c       0x40 .\CortexM0\ARM_GCC_484\Debug\ServoControl.o
 .text._ZN3ros10SubscriberIN8std_msgs6UInt16EE8callbackEPh
                0x00003dac       0x4c .\CortexM0\ARM_GCC_484\Debug\ServoControl.o
                0x00003dac                ros::Subscriber<std_msgs::UInt16>::callback(unsigned char*)
 .text._ZN3ros10SubscriberIN8std_msgs6UInt16EE15getEndpointTypeEv
                0x00003df8       0x14 .\CortexM0\ARM_GCC_484\Debug\ServoControl.o
                0x00003df8                ros::Subscriber<std_msgs::UInt16>::getEndpointType()
 .text._ZN3ros10SubscriberIN8std_msgs6UInt16EE10getMsgTypeEv
                0x00003e0c       0x1c .\CortexM0\ARM_GCC_484\Debug\ServoControl.o
                0x00003e0c                ros::Subscriber<std_msgs::UInt16>::getMsgType()
 .text._ZN3ros10SubscriberIN8std_msgs6UInt16EE9getMsgMD5Ev
                0x00003e28       0x1c .\CortexM0\ARM_GCC_484\Debug\ServoControl.o
                0x00003e28                ros::Subscriber<std_msgs::UInt16>::getMsgMD5()
 .text._GLOBAL__sub_I__ZN12ServoControl11servo_us_cbERKN8std_msgs6UInt16E
                0x00003e44       0x18 .\CortexM0\ARM_GCC_484\Debug\ServoControl.o
 .text._ZN8std_msgs5Int32C2Ev
                0x00003e5c       0x2c .\CortexM0\ARM_GCC_484\Debug\Encoder.o
                0x00003e5c                std_msgs::Int32::Int32()
                0x00003e5c                std_msgs::Int32::Int32()
 .text._ZNK8std_msgs5Int329serializeEPh
                0x00003e88       0x60 .\CortexM0\ARM_GCC_484\Debug\Encoder.o
                0x00003e88                std_msgs::Int32::serialize(unsigned char*) const
 .text._ZN8std_msgs5Int3211deserializeEPh
                0x00003ee8       0x6c .\CortexM0\ARM_GCC_484\Debug\Encoder.o
                0x00003ee8                std_msgs::Int32::deserialize(unsigned char*)
 .text._ZN8std_msgs5Int327getTypeEv
                0x00003f54       0x18 .\CortexM0\ARM_GCC_484\Debug\Encoder.o
                0x00003f54                std_msgs::Int32::getType()
 .text._ZN8std_msgs5Int326getMD5Ev
                0x00003f6c       0x18 .\CortexM0\ARM_GCC_484\Debug\Encoder.o
                0x00003f6c                std_msgs::Int32::getMD5()
 .text._ZN8std_msgs5Int16C2Ev
                0x00003f84       0x2c .\CortexM0\ARM_GCC_484\Debug\Encoder.o
                0x00003f84                std_msgs::Int16::Int16()
                0x00003f84                std_msgs::Int16::Int16()
 .text._ZNK8std_msgs5Int169serializeEPh
                0x00003fb0       0x50 .\CortexM0\ARM_GCC_484\Debug\Encoder.o
                0x00003fb0                std_msgs::Int16::serialize(unsigned char*) const
 .text._ZN8std_msgs5Int1611deserializeEPh
                0x00004000       0x6c .\CortexM0\ARM_GCC_484\Debug\Encoder.o
                0x00004000                std_msgs::Int16::deserialize(unsigned char*)
 .text._ZN8std_msgs5Int167getTypeEv
                0x0000406c       0x18 .\CortexM0\ARM_GCC_484\Debug\Encoder.o
                0x0000406c                std_msgs::Int16::getType()
 .text._ZN8std_msgs5Int166getMD5Ev
                0x00004084       0x18 .\CortexM0\ARM_GCC_484\Debug\Encoder.o
                0x00004084                std_msgs::Int16::getMD5()
 .text._ZN7Encoder5setupEv
                0x0000409c       0x6c .\CortexM0\ARM_GCC_484\Debug\Encoder.o
                0x0000409c                Encoder::setup()
 .text._ZN7Encoder12read_counterEv
                0x00004108       0x84 .\CortexM0\ARM_GCC_484\Debug\Encoder.o
                0x00004108                Encoder::read_counter()
 .text._ZN7Encoder4loopEv
                0x0000418c       0x88 .\CortexM0\ARM_GCC_484\Debug\Encoder.o
                0x0000418c                Encoder::loop()
 .text._Z41__static_initialization_and_destruction_0ii
                0x00004214       0x70 .\CortexM0\ARM_GCC_484\Debug\Encoder.o
 .text._GLOBAL__sub_I__ZN7Encoder11encoder_msgE
                0x00004284       0x18 .\CortexM0\ARM_GCC_484\Debug\Encoder.o
 .text._ZN14StepperControl9messageCbERKN8std_msgs5Int16E
                0x0000429c       0x1c .\CortexM0\ARM_GCC_484\Debug\StepperControl.o
                0x0000429c                StepperControl::messageCb(std_msgs::Int16 const&)
 .text._ZN14StepperControl5setupEv
                0x000042b8       0x30 .\CortexM0\ARM_GCC_484\Debug\StepperControl.o
                0x000042b8                StepperControl::setup()
 .text._ZN14StepperControl4loopEv
                0x000042e8       0x74 .\CortexM0\ARM_GCC_484\Debug\StepperControl.o
                0x000042e8                StepperControl::loop()
 .text._ZN3ros10SubscriberIN8std_msgs5Int16EEC2EPKcPFvRKS2_Ei
                0x0000435c       0x4c .\CortexM0\ARM_GCC_484\Debug\StepperControl.o
                0x0000435c                ros::Subscriber<std_msgs::Int16>::Subscriber(char const*, void (*)(std_msgs::Int16 const&), int)
                0x0000435c                ros::Subscriber<std_msgs::Int16>::Subscriber(char const*, void (*)(std_msgs::Int16 const&), int)
 .text._ZN3ros11NodeHandle_I13Psoc4HardwareLi10ELi20ELi200ELi200EE9subscribeIN8std_msgs5Int16EEEbRNS_10SubscriberIT_EE
                0x000043a8       0x50 .\CortexM0\ARM_GCC_484\Debug\StepperControl.o
                0x000043a8                bool ros::NodeHandle_<Psoc4Hardware, 10, 20, 200, 200>::subscribe<std_msgs::Int16>(ros::Subscriber<std_msgs::Int16>&)
 .text._Z41__static_initialization_and_destruction_0ii
                0x000043f8       0x40 .\CortexM0\ARM_GCC_484\Debug\StepperControl.o
 .text._ZN3ros10SubscriberIN8std_msgs5Int16EE8callbackEPh
                0x00004438       0x4c .\CortexM0\ARM_GCC_484\Debug\StepperControl.o
                0x00004438                ros::Subscriber<std_msgs::Int16>::callback(unsigned char*)
 .text._ZN3ros10SubscriberIN8std_msgs5Int16EE15getEndpointTypeEv
                0x00004484       0x14 .\CortexM0\ARM_GCC_484\Debug\StepperControl.o
                0x00004484                ros::Subscriber<std_msgs::Int16>::getEndpointType()
 .text._ZN3ros10SubscriberIN8std_msgs5Int16EE10getMsgTypeEv
                0x00004498       0x1c .\CortexM0\ARM_GCC_484\Debug\StepperControl.o
                0x00004498                ros::Subscriber<std_msgs::Int16>::getMsgType()
 .text._ZN3ros10SubscriberIN8std_msgs5Int16EE9getMsgMD5Ev
                0x000044b4       0x1c .\CortexM0\ARM_GCC_484\Debug\StepperControl.o
                0x000044b4                ros::Subscriber<std_msgs::Int16>::getMsgMD5()
 .text._GLOBAL__sub_I__ZN14StepperControl15steps_remainingE
                0x000044d0       0x18 .\CortexM0\ARM_GCC_484\Debug\StepperControl.o
 .text._ZN8Capsense5setupEv
                0x000044e8       0x30 .\CortexM0\ARM_GCC_484\Debug\capsense_button.o
                0x000044e8                Capsense::setup()
 .text._ZN8Capsense4loopEv
                0x00004518       0xdc .\CortexM0\ARM_GCC_484\Debug\capsense_button.o
                0x00004518                Capsense::loop()
 .text._Z41__static_initialization_and_destruction_0ii
                0x000045f4       0x48 .\CortexM0\ARM_GCC_484\Debug\capsense_button.o
 .text._GLOBAL__sub_I__ZN8Capsense10pushed_msgE
                0x0000463c       0x18 .\CortexM0\ARM_GCC_484\Debug\capsense_button.o
 .text._ZN11UpDownCount7resetCbERKN8std_msgs5EmptyE
                0x00004654       0x14 .\CortexM0\ARM_GCC_484\Debug\UpDownCount.o
                0x00004654                UpDownCount::resetCb(std_msgs::Empty const&)
 .text._ZN11UpDownCount5setupEv
                0x00004668       0x40 .\CortexM0\ARM_GCC_484\Debug\UpDownCount.o
                0x00004668                UpDownCount::setup()
 .text._ZN11UpDownCount4loopEv
                0x000046a8       0x50 .\CortexM0\ARM_GCC_484\Debug\UpDownCount.o
                0x000046a8                UpDownCount::loop()
 .text._Z41__static_initialization_and_destruction_0ii
                0x000046f8       0x68 .\CortexM0\ARM_GCC_484\Debug\UpDownCount.o
 .text._GLOBAL__sub_I__ZN11UpDownCount10updown_msgE
                0x00004760       0x18 .\CortexM0\ARM_GCC_484\Debug\UpDownCount.o
 .text.IntDefaultHandler
                0x00004778        0x8 .\CortexM0\ARM_GCC_484\Debug\Cm0Start.o
                0x00004778                IntDefaultHandler
 .text.Start_c  0x00004780       0x94 .\CortexM0\ARM_GCC_484\Debug\Cm0Start.o
                0x00004780                Start_c
 .text.initialize_psoc
                0x00004814       0x74 .\CortexM0\ARM_GCC_484\Debug\Cm0Start.o
                0x00004814                initialize_psoc
 .text.CYMEMZERO
                0x00004888       0x20 .\CortexM0\ARM_GCC_484\Debug\RosOnAStick.a(cyfitter_cfg.o)
 .text.cfg_write_bytes32
                0x000048a8       0x80 .\CortexM0\ARM_GCC_484\Debug\RosOnAStick.a(cyfitter_cfg.o)
 .text.AnalogSetDefault
                0x00004928       0x40 .\CortexM0\ARM_GCC_484\Debug\RosOnAStick.a(cyfitter_cfg.o)
 .text.SetAnalogRoutingPumps
                0x00004968       0x40 .\CortexM0\ARM_GCC_484\Debug\RosOnAStick.a(cyfitter_cfg.o)
                0x00004968                SetAnalogRoutingPumps
 .text.ROSSerial_UART_Clock_SetFractionalDividerRegister
                0x000049a8       0x38 .\CortexM0\ARM_GCC_484\Debug\RosOnAStick.a(ROSSerial_UART_Clock.o)
                0x000049a8                ROSSerial_UART_Clock_SetFractionalDividerRegister
 .text.ROSSerial_UART_Init
                0x000049e0        0xc .\CortexM0\ARM_GCC_484\Debug\RosOnAStick.a(ROSSerial_UART.o)
                0x000049e0                ROSSerial_UART_Init
 .text.ROSSerial_UART_Enable
                0x000049ec       0x20 .\CortexM0\ARM_GCC_484\Debug\RosOnAStick.a(ROSSerial_UART.o)
                0x000049ec                ROSSerial_UART_Enable
 .text.ROSSerial_UART_Start
                0x00004a0c       0x24 .\CortexM0\ARM_GCC_484\Debug\RosOnAStick.a(ROSSerial_UART.o)
                0x00004a0c                ROSSerial_UART_Start
 .text.ROSSerial_UART_ScbEnableIntr
                0x00004a30       0x10 .\CortexM0\ARM_GCC_484\Debug\RosOnAStick.a(ROSSerial_UART.o)
 .text.ROSSerial_UART_SpiUartReadRxData
                0x00004a40       0x50 .\CortexM0\ARM_GCC_484\Debug\RosOnAStick.a(ROSSerial_UART_SPI_UART.o)
                0x00004a40                ROSSerial_UART_SpiUartReadRxData
 .text.ROSSerial_UART_SpiUartGetRxBufferSize
                0x00004a90       0x40 .\CortexM0\ARM_GCC_484\Debug\RosOnAStick.a(ROSSerial_UART_SPI_UART.o)
                0x00004a90                ROSSerial_UART_SpiUartGetRxBufferSize
 .text.ROSSerial_UART_SpiUartWriteTxData
                0x00004ad0       0x98 .\CortexM0\ARM_GCC_484\Debug\RosOnAStick.a(ROSSerial_UART_SPI_UART.o)
                0x00004ad0                ROSSerial_UART_SpiUartWriteTxData
 .text.ROSSerial_UART_UartInit
                0x00004b68       0xf4 .\CortexM0\ARM_GCC_484\Debug\RosOnAStick.a(ROSSerial_UART_UART.o)
                0x00004b68                ROSSerial_UART_UartInit
 .text.P1_6_Write
                0x00004c5c       0x4c .\CortexM0\ARM_GCC_484\Debug\RosOnAStick.a(P1_6.o)
                0x00004c5c                P1_6_Write
 .text.Port0_Read
                0x00004ca8       0x14 .\CortexM0\ARM_GCC_484\Debug\RosOnAStick.a(Port0.o)
                0x00004ca8                Port0_Read
 .text.ADC_SAR_SEQ_Start
                0x00004cbc       0x24 .\CortexM0\ARM_GCC_484\Debug\RosOnAStick.a(ADC_SAR_SEQ.o)
                0x00004cbc                ADC_SAR_SEQ_Start
 .text.ADC_SAR_SEQ_Init
                0x00004ce0      0x1e4 .\CortexM0\ARM_GCC_484\Debug\RosOnAStick.a(ADC_SAR_SEQ.o)
                0x00004ce0                ADC_SAR_SEQ_Init
 .text.ADC_SAR_SEQ_Enable
                0x00004ec4       0x20 .\CortexM0\ARM_GCC_484\Debug\RosOnAStick.a(ADC_SAR_SEQ.o)
                0x00004ec4                ADC_SAR_SEQ_Enable
 .text.ADC_SAR_SEQ_StartConvert
                0x00004ee4       0x1c .\CortexM0\ARM_GCC_484\Debug\RosOnAStick.a(ADC_SAR_SEQ.o)
                0x00004ee4                ADC_SAR_SEQ_StartConvert
 .text.ADC_SAR_SEQ_GetResult16
                0x00004f00       0x44 .\CortexM0\ARM_GCC_484\Debug\RosOnAStick.a(ADC_SAR_SEQ.o)
                0x00004f00                ADC_SAR_SEQ_GetResult16
 .text.ADC_SAR_SEQ_ISR
                0x00004f44       0x1c .\CortexM0\ARM_GCC_484\Debug\RosOnAStick.a(ADC_SAR_SEQ_INT.o)
                0x00004f44                ADC_SAR_SEQ_ISR
 .text.PWM_1_Init
                0x00004f60       0x58 .\CortexM0\ARM_GCC_484\Debug\RosOnAStick.a(PWM_1.o)
                0x00004f60                PWM_1_Init
 .text.PWM_1_Enable
                0x00004fb8       0x38 .\CortexM0\ARM_GCC_484\Debug\RosOnAStick.a(PWM_1.o)
                0x00004fb8                PWM_1_Enable
 .text.PWM_1_Start
                0x00004ff0       0x24 .\CortexM0\ARM_GCC_484\Debug\RosOnAStick.a(PWM_1.o)
                0x00004ff0                PWM_1_Start
 .text.PWM_1_WritePeriod
                0x00005014       0x1c .\CortexM0\ARM_GCC_484\Debug\RosOnAStick.a(PWM_1.o)
                0x00005014                PWM_1_WritePeriod
 .text.PWM_1_WriteCompare
                0x00005030       0x1c .\CortexM0\ARM_GCC_484\Debug\RosOnAStick.a(PWM_1.o)
                0x00005030                PWM_1_WriteCompare
 .text.PWM_1_TriggerCommand
                0x0000504c       0x3c .\CortexM0\ARM_GCC_484\Debug\RosOnAStick.a(PWM_1.o)
                0x0000504c                PWM_1_TriggerCommand
 .text.PWM_1_SetInterruptMode
                0x00005088       0x18 .\CortexM0\ARM_GCC_484\Debug\RosOnAStick.a(PWM_1.o)
                0x00005088                PWM_1_SetInterruptMode
 .text.QuadDec_1_Init
                0x000050a0       0x28 .\CortexM0\ARM_GCC_484\Debug\RosOnAStick.a(QuadDec_1.o)
                0x000050a0                QuadDec_1_Init
 .text.QuadDec_1_Enable
                0x000050c8       0x30 .\CortexM0\ARM_GCC_484\Debug\RosOnAStick.a(QuadDec_1.o)
                0x000050c8                QuadDec_1_Enable
 .text.QuadDec_1_Start
                0x000050f8       0x24 .\CortexM0\ARM_GCC_484\Debug\RosOnAStick.a(QuadDec_1.o)
                0x000050f8                QuadDec_1_Start
 .text.QuadDec_1_ReadCounter
                0x0000511c       0x18 .\CortexM0\ARM_GCC_484\Debug\RosOnAStick.a(QuadDec_1.o)
                0x0000511c                QuadDec_1_ReadCounter
 .text.QuadDec_1_TriggerCommand
                0x00005134       0x3c .\CortexM0\ARM_GCC_484\Debug\RosOnAStick.a(QuadDec_1.o)
                0x00005134                QuadDec_1_TriggerCommand
 .text.QuadDec_1_SetInterruptMode
                0x00005170       0x18 .\CortexM0\ARM_GCC_484\Debug\RosOnAStick.a(QuadDec_1.o)
                0x00005170                QuadDec_1_SetInterruptMode
 .text.Quad_Clock_Start
                0x00005188       0x1c .\CortexM0\ARM_GCC_484\Debug\RosOnAStick.a(Quad_Clock.o)
                0x00005188                Quad_Clock_Start
 .text.CapSense_Init
                0x000051a4       0x3c .\CortexM0\ARM_GCC_484\Debug\RosOnAStick.a(CapSense.o)
                0x000051a4                CapSense_Init
 .text.CapSense_CsdHwBlockInit
                0x000051e0       0xc0 .\CortexM0\ARM_GCC_484\Debug\RosOnAStick.a(CapSense.o)
                0x000051e0                CapSense_CsdHwBlockInit
 .text.CapSense_Enable
                0x000052a0       0x50 .\CortexM0\ARM_GCC_484\Debug\RosOnAStick.a(CapSense.o)
                0x000052a0                CapSense_Enable
 .text.CapSense_Start
                0x000052f0       0x44 .\CortexM0\ARM_GCC_484\Debug\RosOnAStick.a(CapSense.o)
                0x000052f0                CapSense_Start
 .text.CapSense_FindNextSensor
                0x00005334       0x48 .\CortexM0\ARM_GCC_484\Debug\RosOnAStick.a(CapSense.o)
                0x00005334                CapSense_FindNextSensor
 .text.CapSense_ScanSensor
                0x0000537c       0x34 .\CortexM0\ARM_GCC_484\Debug\RosOnAStick.a(CapSense.o)
                0x0000537c                CapSense_ScanSensor
 .text.CapSense_ScanEnabledWidgets
                0x000053b0       0x58 .\CortexM0\ARM_GCC_484\Debug\RosOnAStick.a(CapSense.o)
                0x000053b0                CapSense_ScanEnabledWidgets
 .text.CapSense_IsBusy
                0x00005408       0x1c .\CortexM0\ARM_GCC_484\Debug\RosOnAStick.a(CapSense.o)
                0x00005408                CapSense_IsBusy
 .text.CapSense_ReadSensorRaw
                0x00005424       0x1c .\CortexM0\ARM_GCC_484\Debug\RosOnAStick.a(CapSense.o)
                0x00005424                CapSense_ReadSensorRaw
 .text.CapSense_ClearSensors
                0x00005440       0x28 .\CortexM0\ARM_GCC_484\Debug\RosOnAStick.a(CapSense.o)
                0x00005440                CapSense_ClearSensors
 .text.CapSense_EnableSensor
                0x00005468       0xb4 .\CortexM0\ARM_GCC_484\Debug\RosOnAStick.a(CapSense.o)
                0x00005468                CapSense_EnableSensor
 .text.CapSense_DisableSensor
                0x0000551c      0x104 .\CortexM0\ARM_GCC_484\Debug\RosOnAStick.a(CapSense.o)
                0x0000551c                CapSense_DisableSensor
 .text.CapSense_PreScan
                0x00005620      0x134 .\CortexM0\ARM_GCC_484\Debug\RosOnAStick.a(CapSense.o)
                0x00005620                CapSense_PreScan
 .text.CapSense_PostScan
                0x00005754       0xbc .\CortexM0\ARM_GCC_484\Debug\RosOnAStick.a(CapSense.o)
                0x00005754                CapSense_PostScan
 .text.CapSense_SetShieldDelay
                0x00005810       0x30 .\CortexM0\ARM_GCC_484\Debug\RosOnAStick.a(CapSense.o)
                0x00005810                CapSense_SetShieldDelay
 .text.CapSense_GetBitValue
                0x00005840       0x44 .\CortexM0\ARM_GCC_484\Debug\RosOnAStick.a(CapSense.o)
                0x00005840                CapSense_GetBitValue
 .text.CapSense_SetBitValue
                0x00005884       0x68 .\CortexM0\ARM_GCC_484\Debug\RosOnAStick.a(CapSense.o)
                0x00005884                CapSense_SetBitValue
 .text.CapSense_GetSensorRaw
                0x000058ec       0x50 .\CortexM0\ARM_GCC_484\Debug\RosOnAStick.a(CapSense.o)
                0x000058ec                CapSense_GetSensorRaw
 .text.CapSense_BaseInit
                0x0000593c       0x84 .\CortexM0\ARM_GCC_484\Debug\RosOnAStick.a(CapSense_CSHL.o)
                0x0000593c                CapSense_BaseInit
 .text.CapSense_InitializeSensorBaseline
                0x000059c0       0x2c .\CortexM0\ARM_GCC_484\Debug\RosOnAStick.a(CapSense_CSHL.o)
                0x000059c0                CapSense_InitializeSensorBaseline
 .text.CapSense_InitializeAllBaselines
                0x000059ec       0x28 .\CortexM0\ARM_GCC_484\Debug\RosOnAStick.a(CapSense_CSHL.o)
                0x000059ec                CapSense_InitializeAllBaselines
 .text.CapSense_UpdateBaselineNoThreshold
                0x00005a14      0x210 .\CortexM0\ARM_GCC_484\Debug\RosOnAStick.a(CapSense_CSHL.o)
                0x00005a14                CapSense_UpdateBaselineNoThreshold
 .text.CapSense_UpdateSensorBaseline
                0x00005c24       0x20 .\CortexM0\ARM_GCC_484\Debug\RosOnAStick.a(CapSense_CSHL.o)
                0x00005c24                CapSense_UpdateSensorBaseline
 .text.CapSense_UpdateEnabledBaselines
                0x00005c44       0x40 .\CortexM0\ARM_GCC_484\Debug\RosOnAStick.a(CapSense_CSHL.o)
                0x00005c44                CapSense_UpdateEnabledBaselines
 .text.CapSense_CheckIsSensorActive
                0x00005c84      0x138 .\CortexM0\ARM_GCC_484\Debug\RosOnAStick.a(CapSense_CSHL.o)
                0x00005c84                CapSense_CheckIsSensorActive
 .text.CapSense_CheckIsWidgetActive
                0x00005dbc       0x44 .\CortexM0\ARM_GCC_484\Debug\RosOnAStick.a(CapSense_CSHL.o)
                0x00005dbc                CapSense_CheckIsWidgetActive
 .text.CapSense_IIR4Filter
                0x00005e00       0x3c .\CortexM0\ARM_GCC_484\Debug\RosOnAStick.a(CapSense_CSHL.o)
                0x00005e00                CapSense_IIR4Filter
 .text.CapSense_ISR
                0x00005e3c       0xd4 .\CortexM0\ARM_GCC_484\Debug\RosOnAStick.a(CapSense_INT.o)
                0x00005e3c                CapSense_ISR
 .text.CapSense_AutoTune
                0x00005f10      0x104 .\CortexM0\ARM_GCC_484\Debug\RosOnAStick.a(CapSense_SMS.o)
                0x00005f10                CapSense_AutoTune
 .text.CapSense_UpdateThresholds
                0x00006014       0xec .\CortexM0\ARM_GCC_484\Debug\RosOnAStick.a(CapSense_SMS.o)
                0x00006014                CapSense_UpdateThresholds
 .text.CapSense_NormalizeWidgets
                0x00006100       0x9c .\CortexM0\ARM_GCC_484\Debug\RosOnAStick.a(CapSense_SMS.o)
                0x00006100                CapSense_NormalizeWidgets
 .text.CapSense_SetAnalogSwitchesSrcDirect
                0x0000619c       0x18 .\CortexM0\ARM_GCC_484\Debug\RosOnAStick.a(CapSense_SMS.o)
                0x0000619c                CapSense_SetAnalogSwitchesSrcDirect
 .text.CapSense_DisableBaselineIDAC
                0x000061b4       0x34 .\CortexM0\ARM_GCC_484\Debug\RosOnAStick.a(CapSense_SMS.o)
                0x000061b4                CapSense_DisableBaselineIDAC
 .text.CapSense_EnableBaselineIDAC
                0x000061e8       0x8c .\CortexM0\ARM_GCC_484\Debug\RosOnAStick.a(CapSense_SMS.o)
                0x000061e8                CapSense_EnableBaselineIDAC
 .text.Stepper_Control_Write
                0x00006274       0x20 .\CortexM0\ARM_GCC_484\Debug\RosOnAStick.a(Stepper_Control.o)
                0x00006274                Stepper_Control_Write
 .text.ADC_SAR_SEQ_IRQ_StartEx
                0x00006294       0x24 .\CortexM0\ARM_GCC_484\Debug\RosOnAStick.a(ADC_SAR_SEQ_IRQ.o)
                0x00006294                ADC_SAR_SEQ_IRQ_StartEx
 .text.ADC_SAR_SEQ_IRQ_SetVector
                0x000062b8       0x18 .\CortexM0\ARM_GCC_484\Debug\RosOnAStick.a(ADC_SAR_SEQ_IRQ.o)
                0x000062b8                ADC_SAR_SEQ_IRQ_SetVector
 .text.ADC_SAR_SEQ_IRQ_SetPriority
                0x000062d0       0x50 .\CortexM0\ARM_GCC_484\Debug\RosOnAStick.a(ADC_SAR_SEQ_IRQ.o)
                0x000062d0                ADC_SAR_SEQ_IRQ_SetPriority
 .text.ADC_SAR_SEQ_IRQ_Enable
                0x00006320       0x14 .\CortexM0\ARM_GCC_484\Debug\RosOnAStick.a(ADC_SAR_SEQ_IRQ.o)
                0x00006320                ADC_SAR_SEQ_IRQ_Enable
 .text.ADC_SAR_SEQ_IRQ_Disable
                0x00006334       0x14 .\CortexM0\ARM_GCC_484\Debug\RosOnAStick.a(ADC_SAR_SEQ_IRQ.o)
                0x00006334                ADC_SAR_SEQ_IRQ_Disable
 .text.CapSense_SampleClk_Start
                0x00006348       0x1c .\CortexM0\ARM_GCC_484\Debug\RosOnAStick.a(CapSense_SampleClk.o)
                0x00006348                CapSense_SampleClk_Start
 .text.CapSense_SampleClk_Stop
                0x00006364       0x18 .\CortexM0\ARM_GCC_484\Debug\RosOnAStick.a(CapSense_SampleClk.o)
                0x00006364                CapSense_SampleClk_Stop
 .text.CapSense_SampleClk_SetFractionalDividerRegister
                0x0000637c       0x38 .\CortexM0\ARM_GCC_484\Debug\RosOnAStick.a(CapSense_SampleClk.o)
                0x0000637c                CapSense_SampleClk_SetFractionalDividerRegister
 .text.CapSense_SenseClk_Start
                0x000063b4       0x1c .\CortexM0\ARM_GCC_484\Debug\RosOnAStick.a(CapSense_SenseClk.o)
                0x000063b4                CapSense_SenseClk_Start
 .text.CapSense_SenseClk_Stop
                0x000063d0       0x18 .\CortexM0\ARM_GCC_484\Debug\RosOnAStick.a(CapSense_SenseClk.o)
                0x000063d0                CapSense_SenseClk_Stop
 .text.CapSense_SenseClk_SetFractionalDividerRegister
                0x000063e8       0x38 .\CortexM0\ARM_GCC_484\Debug\RosOnAStick.a(CapSense_SenseClk.o)
                0x000063e8                CapSense_SenseClk_SetFractionalDividerRegister
 .text          0x00006420       0x20 .\CortexM0\ARM_GCC_484\Debug\RosOnAStick.a(CyBootAsmGnu.o)
                0x00006420                CyDelayCycles
                0x00006432                CyEnterCriticalSection
                0x0000643a                CyExitCriticalSection
 .text.CyIntSetSysVector
                0x00006440       0x48 .\CortexM0\ARM_GCC_484\Debug\RosOnAStick.a(CyLib.o)
                0x00006440                CyIntSetSysVector
 .text.CyIntSetVector
                0x00006488       0x4c .\CortexM0\ARM_GCC_484\Debug\RosOnAStick.a(CyLib.o)
                0x00006488                CyIntSetVector
 .text.CyIntSetPriority
                0x000064d4       0xa8 .\CortexM0\ARM_GCC_484\Debug\RosOnAStick.a(CyLib.o)
                0x000064d4                CyIntSetPriority
 .text.CyIntEnable
                0x0000657c       0x2c .\CortexM0\ARM_GCC_484\Debug\RosOnAStick.a(CyLib.o)
                0x0000657c                CyIntEnable
 .text.CyIntDisable
                0x000065a8       0x2c .\CortexM0\ARM_GCC_484\Debug\RosOnAStick.a(CyLib.o)
                0x000065a8                CyIntDisable
 .text.CyHalt   0x000065d4       0x14 .\CortexM0\ARM_GCC_484\Debug\RosOnAStick.a(CyLib.o)
                0x000065d4                CyHalt
 .text.CyDelayUs
                0x000065e8       0x28 .\CortexM0\ARM_GCC_484\Debug\RosOnAStick.a(CyLib.o)
                0x000065e8                CyDelayUs
 .text.UpDown_Init
                0x00006610       0x94 .\CortexM0\ARM_GCC_484\Debug\RosOnAStick.a(UpDown.o)
                0x00006610                UpDown_Init
 .text.UpDown_Enable
                0x000066a4       0x20 .\CortexM0\ARM_GCC_484\Debug\RosOnAStick.a(UpDown.o)
                0x000066a4                UpDown_Enable
 .text.UpDown_Start
                0x000066c4       0x24 .\CortexM0\ARM_GCC_484\Debug\RosOnAStick.a(UpDown.o)
                0x000066c4                UpDown_Start
 .text.UpDown_SetInterruptMode
                0x000066e8       0x20 .\CortexM0\ARM_GCC_484\Debug\RosOnAStick.a(UpDown.o)
                0x000066e8                UpDown_SetInterruptMode
 .text.UpDown_ReadStatusRegister
                0x00006708       0x14 .\CortexM0\ARM_GCC_484\Debug\RosOnAStick.a(UpDown.o)
                0x00006708                UpDown_ReadStatusRegister
 .text.UpDown_WriteCounter
                0x0000671c       0x18 .\CortexM0\ARM_GCC_484\Debug\RosOnAStick.a(UpDown.o)
                0x0000671c                UpDown_WriteCounter
 .text.UpDown_ReadCounter
                0x00006734       0x1c .\CortexM0\ARM_GCC_484\Debug\RosOnAStick.a(UpDown.o)
                0x00006734                UpDown_ReadCounter
 .text.UpDown_ReadCapture
                0x00006750       0x14 .\CortexM0\ARM_GCC_484\Debug\RosOnAStick.a(UpDown.o)
                0x00006750                UpDown_ReadCapture
 .text.UpDown_WritePeriod
                0x00006764       0x18 .\CortexM0\ARM_GCC_484\Debug\RosOnAStick.a(UpDown.o)
                0x00006764                UpDown_WritePeriod
 .text.UpDown_WriteCompare
                0x0000677c       0x18 .\CortexM0\ARM_GCC_484\Debug\RosOnAStick.a(UpDown.o)
                0x0000677c                UpDown_WriteCompare
 .text.UpDown_ClearFIFO
                0x00006794       0x1c .\CortexM0\ARM_GCC_484\Debug\RosOnAStick.a(UpDown.o)
                0x00006794                UpDown_ClearFIFO
 .text.ROSSerial_UART_SPI_UART_ISR
                0x000067b0      0x118 .\CortexM0\ARM_GCC_484\Debug\RosOnAStick.a(ROSSerial_UART_SPI_UART_INT.o)
                0x000067b0                ROSSerial_UART_SPI_UART_ISR
 .text.CalibrateOneDAC_P4_v2_0
                0x000068c8       0x44 C:\Program Files\Cypress\PSoC Creator\3.1\PSoC Creator\psoc\content\cycomponentlibrary\CyComponentLibrary.cylib\CortexM0\ARM_GCC_484\Debug\CyComponentLibrary.a(CSD_P4_SmartSense_v2_0.o)
                0x000068c8                CalibrateOneDAC_P4_v2_0
 .text.CalibrateSensors_P4_v2_0
                0x0000690c       0x22 C:\Program Files\Cypress\PSoC Creator\3.1\PSoC Creator\psoc\content\cycomponentlibrary\CyComponentLibrary.cylib\CortexM0\ARM_GCC_484\Debug\CyComponentLibrary.a(CSD_P4_SmartSense_v2_0.o)
                0x0000690c                CalibrateSensors_P4_v2_0
 *fill*         0x0000692e        0x2 
 .text.TunePrescalers_P4_v2_0
                0x00006930       0x48 C:\Program Files\Cypress\PSoC Creator\3.1\PSoC Creator\psoc\content\cycomponentlibrary\CyComponentLibrary.cylib\CortexM0\ARM_GCC_484\Debug\CyComponentLibrary.a(CSD_P4_SmartSense_v2_0.o)
                0x00006930                TunePrescalers_P4_v2_0
 .text.TuneSensitivity_P4_v2_0
                0x00006978      0x100 C:\Program Files\Cypress\PSoC Creator\3.1\PSoC Creator\psoc\content\cycomponentlibrary\CyComponentLibrary.cylib\CortexM0\ARM_GCC_484\Debug\CyComponentLibrary.a(CSD_P4_SmartSense_v2_0.o)
                0x00006978                TuneSensitivity_P4_v2_0
 .text.MeasureNoiseEnvelope_P4_v2_0
                0x00006a78      0x118 C:\Program Files\Cypress\PSoC Creator\3.1\PSoC Creator\psoc\content\cycomponentlibrary\CyComponentLibrary.cylib\CortexM0\ARM_GCC_484\Debug\CyComponentLibrary.a(CSD_P4_SmartSense_v2_0.o)
                0x00006a78                MeasureNoiseEnvelope_P4_v2_0
 .text.CalculateThresholds_P4_v2_0
                0x00006b90       0x44 C:\Program Files\Cypress\PSoC Creator\3.1\PSoC Creator\psoc\content\cycomponentlibrary\CyComponentLibrary.cylib\CortexM0\ARM_GCC_484\Debug\CyComponentLibrary.a(CSD_P4_SmartSense_v2_0.o)
                0x00006b90                CalculateThresholds_P4_v2_0
 .text          0x00006bd4       0x9c c:/program files/cypress/psoc creator/3.1/psoc creator/import/gnu_cs/arm/4.8.4/bin/../lib/gcc/arm-none-eabi/4.8.4/armv6-m\libgcc.a(_udivsi3.o)
                0x00006bd4                __aeabi_uidiv
                0x00006bd4                __udivsi3
                0x00006c5c                __aeabi_uidivmod
 .text          0x00006c70       0xc0 c:/program files/cypress/psoc creator/3.1/psoc creator/import/gnu_cs/arm/4.8.4/bin/../lib/gcc/arm-none-eabi/4.8.4/armv6-m\libgcc.a(_divsi3.o)
                0x00006c70                __divsi3
                0x00006c70                __aeabi_idiv
                0x00006d1c                __aeabi_idivmod
 .text          0x00006d30        0x4 c:/program files/cypress/psoc creator/3.1/psoc creator/import/gnu_cs/arm/4.8.4/bin/../lib/gcc/arm-none-eabi/4.8.4/armv6-m\libgcc.a(_dvmd_tls.o)
                0x00006d30                __aeabi_idiv0
                0x00006d30                __aeabi_ldiv0
 .text.__libc_init_array
                0x00006d34       0x4c c:/program files/cypress/psoc creator/3.1/psoc creator/import/gnu_cs/arm/4.8.4/bin/../lib/gcc/arm-none-eabi/4.8.4/../../../../arm-none-eabi/lib/armv6-m\libg_s.a(lib_a-init.o)
                0x00006d34                __libc_init_array
 .text.memcpy   0x00006d80       0x12 c:/program files/cypress/psoc creator/3.1/psoc creator/import/gnu_cs/arm/4.8.4/bin/../lib/gcc/arm-none-eabi/4.8.4/../../../../arm-none-eabi/lib/armv6-m\libg_s.a(lib_a-memcpy-stub.o)
                0x00006d80                memcpy
 .text.memset   0x00006d92       0x10 c:/program files/cypress/psoc creator/3.1/psoc creator/import/gnu_cs/arm/4.8.4/bin/../lib/gcc/arm-none-eabi/4.8.4/../../../../arm-none-eabi/lib/armv6-m\libg_s.a(lib_a-memset.o)
                0x00006d92                memset
 .text.strlen   0x00006da2        0xe c:/program files/cypress/psoc creator/3.1/psoc creator/import/gnu_cs/arm/4.8.4/bin/../lib/gcc/arm-none-eabi/4.8.4/../../../../arm-none-eabi/lib/armv6-m\libg_s.a(lib_a-strlen.o)
                0x00006da2                strlen
 *(.plt)
 *(.gnu.warning)
 *(.glue_7t)
 .glue_7t       0x00000000        0x0 linker stubs
 *(.glue_7)
 .glue_7        0x00000000        0x0 linker stubs
 *(.vfp11_veneer)
 .vfp11_veneer  0x00000000        0x0 linker stubs
 *(.bootloader)
 *(.ARM.extab* .gnu.linkonce.armextab.*)
 *(.gcc_except_table)

.v4_bx          0x00006db0        0x0
 .v4_bx         0x00000000        0x0 linker stubs

.iplt           0x00006db0        0x0
 .iplt          0x00000000        0x0 c:/program files/cypress/psoc creator/3.1/psoc creator/import/gnu_cs/arm/4.8.4/bin/../lib/gcc/arm-none-eabi/4.8.4/armv6-m/crtbegin.o

.eh_frame_hdr
 *(.eh_frame_hdr)

.eh_frame       0x00006db0        0x4
 *(.eh_frame)
 .eh_frame      0x00006db0        0x0 c:/program files/cypress/psoc creator/3.1/psoc creator/import/gnu_cs/arm/4.8.4/bin/../lib/gcc/arm-none-eabi/4.8.4/armv6-m/crtbegin.o
 .eh_frame      0x00006db0        0x4 c:/program files/cypress/psoc creator/3.1/psoc creator/import/gnu_cs/arm/4.8.4/bin/../lib/gcc/arm-none-eabi/4.8.4/armv6-m/crtend.o
                0x00006db4                PROVIDE (__exidx_start, .)

.ARM.exidx
 *(.ARM.exidx* .gnu.linkonce.armexidx.*)
                0x00006db4                __exidx_end = .

.rodata         0x00006db8      0xbd8
 *(.rodata .rodata.* .gnu.linkonce.r.*)
 .rodata        0x00006db8      0x12c .\CortexM0\ARM_GCC_484\Debug\main.o
 *fill*         0x00006ee4        0x4 
 .rodata._ZTVN3ros11NodeHandle_I13Psoc4HardwareLi10ELi20ELi200ELi200EEE
                0x00006ee8       0x18 .\CortexM0\ARM_GCC_484\Debug\main.o
                0x00006ee8                vtable for ros::NodeHandle_<Psoc4Hardware, 10, 20, 200, 200>
 .rodata._ZTVN3ros15NodeHandleBase_E
                0x00006f00       0x18 .\CortexM0\ARM_GCC_484\Debug\main.o
                0x00006f00                vtable for ros::NodeHandleBase_
 .rodata._ZTVN14rosserial_msgs20RequestParamResponseE
                0x00006f18       0x18 .\CortexM0\ARM_GCC_484\Debug\main.o
                0x00006f18                vtable for rosserial_msgs::RequestParamResponse
 .rodata._ZTVN14rosserial_msgs3LogE
                0x00006f30       0x18 .\CortexM0\ARM_GCC_484\Debug\main.o
                0x00006f30                vtable for rosserial_msgs::Log
 .rodata._ZTVN14rosserial_msgs9TopicInfoE
                0x00006f48       0x18 .\CortexM0\ARM_GCC_484\Debug\main.o
                0x00006f48                vtable for rosserial_msgs::TopicInfo
 .rodata._ZTVN8std_msgs4TimeE
                0x00006f60       0x18 .\CortexM0\ARM_GCC_484\Debug\main.o
                0x00006f60                vtable for std_msgs::Time
 .rodata._ZTVN3ros3MsgE
                0x00006f78       0x18 .\CortexM0\ARM_GCC_484\Debug\main.o
                0x00006f78                vtable for ros::Msg
 .rodata        0x00006f90       0x30 .\CortexM0\ARM_GCC_484\Debug\Uarts.o
                0x00006f90                vtable for Uart
 .rodata._ZTV14HardwareSerial
                0x00006fc0       0x18 .\CortexM0\ARM_GCC_484\Debug\Uarts.o
                0x00006fc0                vtable for HardwareSerial
 .rodata        0x00006fd8       0x5c .\CortexM0\ARM_GCC_484\Debug\ADC.o
 *fill*         0x00007034        0x4 
 .rodata._ZTVN15rosserial_psoc43AdcE
                0x00007038       0x18 .\CortexM0\ARM_GCC_484\Debug\ADC.o
                0x00007038                vtable for rosserial_psoc4::Adc
 .rodata        0x00007050       0x5c .\CortexM0\ARM_GCC_484\Debug\Blink.o
 *fill*         0x000070ac        0x4 
 .rodata._ZTVN3ros10SubscriberIN8std_msgs5EmptyEEE
                0x000070b0       0x18 .\CortexM0\ARM_GCC_484\Debug\Blink.o
                0x000070b0                vtable for ros::Subscriber<std_msgs::Empty>
 .rodata._ZTVN8std_msgs5EmptyE
                0x000070c8       0x18 .\CortexM0\ARM_GCC_484\Debug\Blink.o
                0x000070c8                vtable for std_msgs::Empty
 .rodata._ZTVN3ros11Subscriber_E
                0x000070e0       0x18 .\CortexM0\ARM_GCC_484\Debug\Blink.o
                0x000070e0                vtable for ros::Subscriber_
 .rodata        0x000070f8       0x5c .\CortexM0\ARM_GCC_484\Debug\HelloWorld.o
 *fill*         0x00007154        0x4 
 .rodata._ZTVN8std_msgs6StringE
                0x00007158       0x18 .\CortexM0\ARM_GCC_484\Debug\HelloWorld.o
                0x00007158                vtable for std_msgs::String
 .rodata        0x00007170       0xa4 .\CortexM0\ARM_GCC_484\Debug\button_example.o
 *fill*         0x00007214        0x4 
 .rodata._ZTVN8std_msgs4BoolE
                0x00007218       0x18 .\CortexM0\ARM_GCC_484\Debug\button_example.o
                0x00007218                vtable for std_msgs::Bool
 .rodata        0x00007230       0x5c .\CortexM0\ARM_GCC_484\Debug\ServoControl.o
 *fill*         0x0000728c        0x4 
 .rodata._ZTVN3ros10SubscriberIN8std_msgs6UInt16EEE
                0x00007290       0x18 .\CortexM0\ARM_GCC_484\Debug\ServoControl.o
                0x00007290                vtable for ros::Subscriber<std_msgs::UInt16>
 .rodata._ZTVN8std_msgs6UInt16E
                0x000072a8       0x18 .\CortexM0\ARM_GCC_484\Debug\ServoControl.o
                0x000072a8                vtable for std_msgs::UInt16
 .rodata        0x000072c0       0x9c .\CortexM0\ARM_GCC_484\Debug\Encoder.o
 *fill*         0x0000735c        0x4 
 .rodata._ZTVN8std_msgs5Int16E
                0x00007360       0x18 .\CortexM0\ARM_GCC_484\Debug\Encoder.o
                0x00007360                vtable for std_msgs::Int16
 .rodata._ZTVN8std_msgs5Int32E
                0x00007378       0x18 .\CortexM0\ARM_GCC_484\Debug\Encoder.o
                0x00007378                vtable for std_msgs::Int32
 .rodata        0x00007390       0x64 .\CortexM0\ARM_GCC_484\Debug\StepperControl.o
 *fill*         0x000073f4        0x4 
 .rodata._ZTVN3ros10SubscriberIN8std_msgs5Int16EEE
                0x000073f8       0x18 .\CortexM0\ARM_GCC_484\Debug\StepperControl.o
                0x000073f8                vtable for ros::Subscriber<std_msgs::Int16>
 .rodata        0x00007410       0xb0 .\CortexM0\ARM_GCC_484\Debug\capsense_button.o
 .rodata        0x000074c0       0xa0 .\CortexM0\ARM_GCC_484\Debug\UpDownCount.o
 .rodata        0x00007560      0x324 .\CortexM0\ARM_GCC_484\Debug\RosOnAStick.a(cyfitter_cfg.o)
 .rodata        0x00007884       0x10 .\CortexM0\ARM_GCC_484\Debug\RosOnAStick.a(ADC_SAR_SEQ.o)
 .rodata        0x00007894       0x4c .\CortexM0\ARM_GCC_484\Debug\RosOnAStick.a(CapSense.o)
                0x00007894                CapSense_portTable
                0x00007898                CapSense_maskTable
                0x0000789c                CapSense_pinShiftTbl
                0x000078a0                CapSense_widgetNumber
                0x000078a4                CapSense_prtSelTbl
                0x000078b8                CapSense_prtCfgTbl
                0x000078cc                CapSense_prtDRTbl
 .rodata        0x000078e0        0x8 .\CortexM0\ARM_GCC_484\Debug\RosOnAStick.a(CapSense_CSHL.o)
                0x000078e0                CapSense_rawDataIndex
                0x000078e4                CapSense_numberOfSensors
 .rodata        0x000078e8       0x48 .\CortexM0\ARM_GCC_484\Debug\RosOnAStick.a(CapSense_SMS.o)
                0x000078e8                prescalerTable
                0x000078f8                CapSense_configPointers
                0x00007930                . = ALIGN (0x4)
 *(.init)
 .init          0x00007930        0x4 c:/program files/cypress/psoc creator/3.1/psoc creator/import/gnu_cs/arm/4.8.4/bin/../lib/gcc/arm-none-eabi/4.8.4/armv6-m/crti.o
                0x00007930                _init
 .init          0x00007934        0x8 c:/program files/cypress/psoc creator/3.1/psoc creator/import/gnu_cs/arm/4.8.4/bin/../lib/gcc/arm-none-eabi/4.8.4/armv6-m/crtn.o
                0x0000793c                . = ALIGN (0x4)
                0x0000793c                __preinit_array_start = .
 *(.preinit_array)
                0x0000793c                __preinit_array_end = .
                0x0000793c                . = ALIGN (0x4)
                0x0000793c                __init_array_start = .
 *(SORT(.init_array.*))
 *(.init_array)
 .init_array    0x0000793c        0x4 c:/program files/cypress/psoc creator/3.1/psoc creator/import/gnu_cs/arm/4.8.4/bin/../lib/gcc/arm-none-eabi/4.8.4/armv6-m/crtbegin.o
 .init_array    0x00007940        0x4 .\CortexM0\ARM_GCC_484\Debug\main.o
 .init_array    0x00007944        0x4 .\CortexM0\ARM_GCC_484\Debug\Uarts.o
 .init_array    0x00007948        0x4 .\CortexM0\ARM_GCC_484\Debug\ADC.o
 .init_array    0x0000794c        0x4 .\CortexM0\ARM_GCC_484\Debug\Blink.o
 .init_array    0x00007950        0x4 .\CortexM0\ARM_GCC_484\Debug\HelloWorld.o
 .init_array    0x00007954        0x4 .\CortexM0\ARM_GCC_484\Debug\button_example.o
 .init_array    0x00007958        0x4 .\CortexM0\ARM_GCC_484\Debug\ServoControl.o
 .init_array    0x0000795c        0x4 .\CortexM0\ARM_GCC_484\Debug\Encoder.o
 .init_array    0x00007960        0x4 .\CortexM0\ARM_GCC_484\Debug\StepperControl.o
 .init_array    0x00007964        0x4 .\CortexM0\ARM_GCC_484\Debug\capsense_button.o
 .init_array    0x00007968        0x4 .\CortexM0\ARM_GCC_484\Debug\UpDownCount.o
 .init_array    0x0000796c        0x4 .\CortexM0\ARM_GCC_484\Debug\Cm0Start.o
                0x00007970                __init_array_end = .
                0x00007970                . = ALIGN (0x4)
 *(.fini)
 .fini          0x00007970        0x4 c:/program files/cypress/psoc creator/3.1/psoc creator/import/gnu_cs/arm/4.8.4/bin/../lib/gcc/arm-none-eabi/4.8.4/armv6-m/crti.o
                0x00007970                _fini
 .fini          0x00007974        0x8 c:/program files/cypress/psoc creator/3.1/psoc creator/import/gnu_cs/arm/4.8.4/bin/../lib/gcc/arm-none-eabi/4.8.4/armv6-m/crtn.o
                0x0000797c                . = ALIGN (0x4)
                0x0000797c                __fini_array_start = .
 *(.fini_array)
 .fini_array    0x0000797c        0x4 c:/program files/cypress/psoc creator/3.1/psoc creator/import/gnu_cs/arm/4.8.4/bin/../lib/gcc/arm-none-eabi/4.8.4/armv6-m/crtbegin.o
 *(SORT(.fini_array.*))
                0x00007980                __fini_array_end = .
                0x00007980                . = ALIGN (0x4)
 *crtbegin.o(.ctors)
 *(EXCLUDE_FILE(*crtend.o) .ctors)
 *(SORT(.ctors.*))
 *crtend.o(.ctors)
                0x00007980                . = ALIGN (0x4)
 *crtbegin.o(.dtors)
 *(EXCLUDE_FILE(*crtend.o) .dtors)
 *(SORT(.dtors.*))
 *crtend.o(.dtors)
                0x00007980                . = ALIGN (0x4)
                0x00007980                __cy_regions = .
                0x00007980        0x4 LONG 0x7990 __cy_region_init_ram
                0x00007984        0x4 LONG 0x200000d0 __cy_region_start_data
                0x00007988        0x4 LONG 0x50 __cy_region_init_size_ram
                0x0000798c        0x4 LONG 0x590 __cy_region_zero_size_ram
                0x00007990                __cy_regions_end = .
                0x00007990                . = ALIGN (0x8)
                0x00007990                _etext = .

.ramvectors     0x20000000       0xc0
                0x20000000                __cy_region_start_ram = .
 *(.ramvectors)
 .ramvectors    0x20000000       0xc0 .\CortexM0\ARM_GCC_484\Debug\Cm0Start.o
                0x20000000                CyRamVectors

.btldr_run      0x200000c0        0x4
 *(.bootloaderruntype)
 .bootloaderruntype
                0x200000c0        0x4 .\CortexM0\ARM_GCC_484\Debug\Cm0Start.o
                0x200000c0                cyBtldrRunType

.noinit         0x200000c8        0x4
 *(.noinit)
 .noinit        0x200000c8        0x4 .\CortexM0\ARM_GCC_484\Debug\Cm0Start.o

.data           0x200000d0       0x50 load address 0x00007990
                0x200000d0                __cy_region_start_data = .
 *(.jcr)
 .jcr           0x200000d0        0x0 c:/program files/cypress/psoc creator/3.1/psoc creator/import/gnu_cs/arm/4.8.4/bin/../lib/gcc/arm-none-eabi/4.8.4/armv6-m/crtbegin.o
 .jcr           0x200000d0        0x4 c:/program files/cypress/psoc creator/3.1/psoc creator/import/gnu_cs/arm/4.8.4/bin/../lib/gcc/arm-none-eabi/4.8.4/armv6-m/crtend.o
 *(.got.plt)
 *(.got)
 *(.shdata)
 *(.data .data.* .gnu.linkonce.d.*)
 .data          0x200000d4       0x10 .\CortexM0\ARM_GCC_484\Debug\HelloWorld.o
                0x200000d4                HelloWorld::hello
 .data          0x200000e4        0x8 .\CortexM0\ARM_GCC_484\Debug\button_example.o
                0x200000e4                Button::debounce_delay
                0x200000e8                Button::published
 .data          0x200000ec        0x8 .\CortexM0\ARM_GCC_484\Debug\capsense_button.o
                0x200000ec                Capsense::debounce_delay
                0x200000f0                Capsense::published
 .data          0x200000f4        0x4 .\CortexM0\ARM_GCC_484\Debug\RosOnAStick.a(cyfitter_cfg.o)
 .data          0x200000f8        0xc .\CortexM0\ARM_GCC_484\Debug\RosOnAStick.a(CapSense.o)
                0x200000f8                CapSense_sensorEnableMask
                0x200000fc                CapSense_pcTable
                0x20000100                CapSense_widgetResolution
 .data          0x20000104        0x8 .\CortexM0\ARM_GCC_484\Debug\RosOnAStick.a(CapSense_CSHL.o)
                0x20000104                CapSense_lowBaselineReset
                0x20000108                CapSense_debounce
 .data          0x2000010c        0x4 .\CortexM0\ARM_GCC_484\Debug\RosOnAStick.a(CapSense_SMS.o)
                0x2000010c                SMS_LIB_SensorSensitivity
 .data          0x20000110       0x10 .\CortexM0\ARM_GCC_484\Debug\RosOnAStick.a(CyLib.o)
                0x20000110                cydelayFreqHz
                0x20000114                cydelayFreqKhz
                0x20000118                cydelayFreqMhz
                0x2000011c                cydelay32kMs
                0x20000120                . = ALIGN (0x8)
 *(.ram)
                0x20000120                _edata = .

.igot.plt       0x20000120        0x0 load address 0x000079e0
 .igot.plt      0x00000000        0x0 c:/program files/cypress/psoc creator/3.1/psoc creator/import/gnu_cs/arm/4.8.4/bin/../lib/gcc/arm-none-eabi/4.8.4/armv6-m/crtbegin.o

.bss            0x20000120      0x590 load address 0x000079e0
                0x20000120                PROVIDE (__bss_start__, .)
 *(.shbss)
 *(.bss .bss.* .gnu.linkonce.b.*)
 .bss           0x20000120       0x1c c:/program files/cypress/psoc creator/3.1/psoc creator/import/gnu_cs/arm/4.8.4/bin/../lib/gcc/arm-none-eabi/4.8.4/armv6-m/crtbegin.o
 .bss           0x2000013c      0x270 .\CortexM0\ARM_GCC_484\Debug\main.o
                0x2000013c                nh
 .bss           0x200003ac        0x4 .\CortexM0\ARM_GCC_484\Debug\Uarts.o
                0x200003ac                Uart0
 .bss           0x200003b0        0x4 .\CortexM0\ARM_GCC_484\Debug\SysTimer.o
                0x200003b0                SysTimer::millis_
 .bss           0x200003b4       0x30 .\CortexM0\ARM_GCC_484\Debug\ADC.o
                0x200003b4                ADC::adc_msg
                0x200003c4                ADC::p
                0x200003d8                ADC::next_report_time
 .bss           0x200003e4       0x20 .\CortexM0\ARM_GCC_484\Debug\Blink.o
                0x200003e4                Blink::ledOn
                0x200003e8                Blink::sub
 .bss           0x20000404       0x20 .\CortexM0\ARM_GCC_484\Debug\HelloWorld.o
                0x20000404                HelloWorld::str_msg
                0x2000040c                HelloWorld::chatter
                0x20000420                HelloWorld::next_time
 .bss           0x20000424       0x24 .\CortexM0\ARM_GCC_484\Debug\button_example.o
                0x20000424                Button::pushed_msg
                0x2000042c                Button::pub_button
                0x20000440                Button::last_reading
                0x20000444                Button::last_debounce_time
 .bss           0x20000448       0x20 .\CortexM0\ARM_GCC_484\Debug\ServoControl.o
                0x20000448                ServoControl::sub
 .bss           0x20000468       0x44 .\CortexM0\ARM_GCC_484\Debug\Encoder.o
                0x20000468                Encoder::encoder_msg
                0x20000470                Encoder::p
                0x20000484                Encoder::counter_msg
                0x2000048c                Encoder::pc
                0x200004a0                Encoder::next_report_time
                0x200004a4                Encoder::next_read_time
                0x200004a8                Encoder::prev_counter_val
 .bss           0x200004ac       0x28 .\CortexM0\ARM_GCC_484\Debug\StepperControl.o
                0x200004ac                StepperControl::steps_remaining
                0x200004b0                StepperControl::next_time
                0x200004b4                StepperControl::sub
 .bss           0x200004d4       0x24 .\CortexM0\ARM_GCC_484\Debug\capsense_button.o
                0x200004d4                Capsense::pushed_msg
                0x200004dc                Capsense::pub_button
                0x200004f0                Capsense::last_reading
                0x200004f4                Capsense::last_debounce_time
 .bss           0x200004f8       0x3c .\CortexM0\ARM_GCC_484\Debug\UpDownCount.o
                0x200004f8                UpDownCount::updown_msg
                0x20000500                UpDownCount::p
                0x20000514                UpDownCount::sub
                0x20000530                UpDownCount::next_report_time
 .bss           0x20000534        0x8 .\CortexM0\ARM_GCC_484\Debug\RosOnAStick.a(ROSSerial_UART.o)
                0x20000534                ROSSerial_UART_initVar
                0x20000538                ROSSerial_UART_customIntrHandler
 .bss           0x2000053c        0x1 .\CortexM0\ARM_GCC_484\Debug\RosOnAStick.a(ADC_SAR_SEQ.o)
                0x2000053c                ADC_SAR_SEQ_initVar
 .bss           0x2000053d        0x1 .\CortexM0\ARM_GCC_484\Debug\RosOnAStick.a(PWM_1.o)
                0x2000053d                PWM_1_initVar
 .bss           0x2000053e        0x1 .\CortexM0\ARM_GCC_484\Debug\RosOnAStick.a(QuadDec_1.o)
                0x2000053e                QuadDec_1_initVar
 *fill*         0x2000053f        0x1 
 .bss           0x20000540        0x8 .\CortexM0\ARM_GCC_484\Debug\RosOnAStick.a(CapSense.o)
                0x20000540                CapSense_lowLevelTuningDone
                0x20000542                CapSense_csdStatusVar
                0x20000543                CapSense_sensorIndex
                0x20000544                CapSense_sensorRaw
 .bss           0x20000548       0x14 .\CortexM0\ARM_GCC_484\Debug\RosOnAStick.a(CapSense_CSHL.o)
                0x20000548                CapSense_sensorBaseline
                0x2000054c                CapSense_sensorBaselineLow
                0x20000550                CapSense_sensorSignal
                0x20000554                CapSense_sensorOnMask
 .bss           0x2000055c        0x1 .\CortexM0\ARM_GCC_484\Debug\RosOnAStick.a(CapSense_INT.o)
 .bss           0x2000055d        0x1 .\CortexM0\ARM_GCC_484\Debug\RosOnAStick.a(UpDown.o)
                0x2000055d                UpDown_initVar
 *(COMMON)
 *fill*         0x2000055e        0x2 
 COMMON         0x20000560       0xd5 .\CortexM0\ARM_GCC_484\Debug\RosOnAStick.a(ROSSerial_UART_SPI_UART.o)
                0x20000560                ROSSerial_UART_txBufferHead
                0x20000564                ROSSerial_UART_txBufferTail
                0x20000568                ROSSerial_UART_txBufferInternal
                0x200005e8                ROSSerial_UART_rxBufferHead
                0x200005ec                ROSSerial_UART_rxBufferInternal
                0x20000630                ROSSerial_UART_rxBufferTail
                0x20000634                ROSSerial_UART_rxBufferOverflow
 *fill*         0x20000635        0x3 
 COMMON         0x20000638       0x14 .\CortexM0\ARM_GCC_484\Debug\RosOnAStick.a(ADC_SAR_SEQ.o)
                0x20000638                ADC_SAR_SEQ_offset
                0x20000640                ADC_SAR_SEQ_countsPer10Volt
 COMMON         0x2000064c       0x19 .\CortexM0\ARM_GCC_484\Debug\RosOnAStick.a(CapSense.o)
                0x2000064c                CapSense_csdTrim1
                0x20000650                CapSense_sensorEnableMaskBackup
                0x20000654                CapSense_senseClkDividerVal
                0x20000658                CapSense_modulationIDAC
                0x2000065c                CapSense_compensationIDAC
                0x20000660                CapSense_unscannedSnsDriveMode
                0x20000664                CapSense_sampleClkDividerVal
 *fill*         0x20000665        0x3 
 COMMON         0x20000668       0x15 .\CortexM0\ARM_GCC_484\Debug\RosOnAStick.a(CapSense_CSHL.o)
                0x20000668                CapSense_noiseThreshold
                0x2000066c                CapSense_lowBaselineResetCnt
                0x20000670                CapSense_negativeNoiseThreshold
                0x20000674                CapSense_rawFilterData1
                0x20000678                CapSense_hysteresis
                0x2000067c                CapSense_fingerThreshold
 *fill*         0x2000067d        0x3 
 COMMON         0x20000680       0x29 .\CortexM0\ARM_GCC_484\Debug\RosOnAStick.a(CapSense_SMS.o)
                0x20000680                signRegisterTbl
                0x20000684                runningDifferenceTbl
                0x20000688                sampleMinTbl
                0x2000068c                scanSpeedTbl
                0x20000690                previousSampleTbl
                0x20000694                kValueTbl
                0x20000698                CapSense_config
                0x200006a4                sampleMaxTbl
                0x200006a8                noiseEnvelopeTbl
                0x200006b0                . = ALIGN (0x8)
 *fill*         0x200006a9        0x7 
 *(.ram.b)
                0x200006b0                _end = .
                0x200006b0                __end = .
                0x200006b0                PROVIDE (end, .)
                0x200006b0                PROVIDE (__bss_end__, .)
                0x00007990                __cy_region_init_ram = LOADADDR (.data)
                0x00000050                __cy_region_init_size_ram = (_edata - ADDR (.data))
                0x00000590                __cy_region_zero_size_ram = (_end - _edata)

.heap           0x200006b0      0x100 load address 0x000079e0
                0x200006b0                . = _end
                0x200007b0                . = (. + 0x100)
 *fill*         0x200006b0      0x100 
                0x200007b0                __cy_heap_limit = .

.stack          0x20000c00      0x400
                0x20000c00                __cy_stack_limit = .
                0x20001000                . = (. + 0x400)
 *fill*         0x20000c00      0x400 
                0x00000001                ASSERT ((__cy_stack_limit >= __cy_heap_limit), region RAM overflowed with stack)

.cyloadermeta   0xf0000000       0x40
 *(.cyloadermeta)
 .cyloadermeta  0xf0000000       0x40 .\CortexM0\ARM_GCC_484\Debug\cybootloader.o
                0xf0000000                cy_meta_loader

.cyloadablemeta
                0x00007fc0       0x40
 *(.cyloadablemeta)
 .cyloadablemeta
                0x00007fc0       0x40 .\CortexM0\ARM_GCC_484\Debug\cymetadata.o
                0x00007fc0                cy_meta_loadable

.cyflashprotect
                0x90400000       0x20
 *(.cyflashprotect)
 .cyflashprotect
                0x90400000       0x20 .\CortexM0\ARM_GCC_484\Debug\cybootloader.o
                0x90400000                cy_meta_flashprotect

.cymeta         0x90500000        0xc
 *(.cymeta)
 .cymeta        0x90500000        0xc .\CortexM0\ARM_GCC_484\Debug\cybootloader.o
                0x90500000                cy_metadata

.cychipprotect  0x90600000        0x4
 *(.cychipprotect)
 .cychipprotect
                0x90600000        0x4 .\CortexM0\ARM_GCC_484\Debug\cybootloader.o
                0x90600000                cy_meta_chipprotect

.rel.dyn        0x00008000        0x0 load address 0x90600004
 .rel.iplt      0x00000000        0x0 c:/program files/cypress/psoc creator/3.1/psoc creator/import/gnu_cs/arm/4.8.4/bin/../lib/gcc/arm-none-eabi/4.8.4/armv6-m/crtbegin.o

.stab
 *(.stab)

.stabstr
 *(.stabstr)

.debug
 *(.debug)

.line
 *(.line)

.debug_srcinfo
 *(.debug_srcinfo)

.debug_sfnames
 *(.debug_sfnames)

.debug_aranges  0x00000000     0x1650
 *(.debug_aranges)
 .debug_aranges
                0x00000000      0x178 .\CortexM0\ARM_GCC_484\Debug\main.o
 .debug_aranges
                0x00000178       0x50 .\CortexM0\ARM_GCC_484\Debug\Uarts.o
 .debug_aranges
                0x000001c8       0x20 .\CortexM0\ARM_GCC_484\Debug\cxxabi-compat.o
 .debug_aranges
                0x000001e8       0x38 .\CortexM0\ARM_GCC_484\Debug\duration.o
 .debug_aranges
                0x00000220       0x38 .\CortexM0\ARM_GCC_484\Debug\init.o
 .debug_aranges
                0x00000258       0x30 .\CortexM0\ARM_GCC_484\Debug\isnprintf.o
 .debug_aranges
                0x00000288       0x20 .\CortexM0\ARM_GCC_484\Debug\SysTimer.o
 .debug_aranges
                0x000002a8       0x38 .\CortexM0\ARM_GCC_484\Debug\time.o
 .debug_aranges
                0x000002e0       0xa8 .\CortexM0\ARM_GCC_484\Debug\ADC.o
 .debug_aranges
                0x00000388       0xa8 .\CortexM0\ARM_GCC_484\Debug\Blink.o
 .debug_aranges
                0x00000430       0x88 .\CortexM0\ARM_GCC_484\Debug\HelloWorld.o
 .debug_aranges
                0x000004b8       0xc0 .\CortexM0\ARM_GCC_484\Debug\button_example.o
 .debug_aranges
                0x00000578       0xa8 .\CortexM0\ARM_GCC_484\Debug\ServoControl.o
 .debug_aranges
                0x00000620       0xb8 .\CortexM0\ARM_GCC_484\Debug\Encoder.o
 .debug_aranges
                0x000006d8       0xb0 .\CortexM0\ARM_GCC_484\Debug\StepperControl.o
 .debug_aranges
                0x00000788       0xc0 .\CortexM0\ARM_GCC_484\Debug\capsense_button.o
 .debug_aranges
                0x00000848       0xf0 .\CortexM0\ARM_GCC_484\Debug\UpDownCount.o
 .debug_aranges
                0x00000938       0x18 .\CortexM0\ARM_GCC_484\Debug\cybootloader.o
 .debug_aranges
                0x00000950       0x18 .\CortexM0\ARM_GCC_484\Debug\cymetadata.o
 .debug_aranges
                0x00000968       0x40 .\CortexM0\ARM_GCC_484\Debug\Cm0Start.o
 .debug_aranges
                0x000009a8       0x60 .\CortexM0\ARM_GCC_484\Debug\RosOnAStick.a(cyfitter_cfg.o)
 .debug_aranges
                0x00000a08       0x40 .\CortexM0\ARM_GCC_484\Debug\RosOnAStick.a(ROSSerial_UART_Clock.o)
 .debug_aranges
                0x00000a48       0x50 .\CortexM0\ARM_GCC_484\Debug\RosOnAStick.a(ROSSerial_UART.o)
 .debug_aranges
                0x00000a98       0x60 .\CortexM0\ARM_GCC_484\Debug\RosOnAStick.a(ROSSerial_UART_SPI_UART.o)
 .debug_aranges
                0x00000af8       0x50 .\CortexM0\ARM_GCC_484\Debug\RosOnAStick.a(ROSSerial_UART_UART.o)
 .debug_aranges
                0x00000b48       0x40 .\CortexM0\ARM_GCC_484\Debug\RosOnAStick.a(P1_6.o)
 .debug_aranges
                0x00000b88       0x40 .\CortexM0\ARM_GCC_484\Debug\RosOnAStick.a(Port0.o)
 .debug_aranges
                0x00000bc8       0xa8 .\CortexM0\ARM_GCC_484\Debug\RosOnAStick.a(ADC_SAR_SEQ.o)
 .debug_aranges
                0x00000c70       0x20 .\CortexM0\ARM_GCC_484\Debug\RosOnAStick.a(ADC_SAR_SEQ_INT.o)
 .debug_aranges
                0x00000c90      0x158 .\CortexM0\ARM_GCC_484\Debug\RosOnAStick.a(PWM_1.o)
 .debug_aranges
                0x00000de8      0x158 .\CortexM0\ARM_GCC_484\Debug\RosOnAStick.a(QuadDec_1.o)
 .debug_aranges
                0x00000f40       0x40 .\CortexM0\ARM_GCC_484\Debug\RosOnAStick.a(Quad_Clock.o)
 .debug_aranges
                0x00000f80      0x150 .\CortexM0\ARM_GCC_484\Debug\RosOnAStick.a(CapSense.o)
 .debug_aranges
                0x000010d0      0x110 .\CortexM0\ARM_GCC_484\Debug\RosOnAStick.a(CapSense_CSHL.o)
 .debug_aranges
                0x000011e0       0x20 .\CortexM0\ARM_GCC_484\Debug\RosOnAStick.a(CapSense_INT.o)
 .debug_aranges
                0x00001200       0x68 .\CortexM0\ARM_GCC_484\Debug\RosOnAStick.a(CapSense_SMS.o)
 .debug_aranges
                0x00001268       0x28 .\CortexM0\ARM_GCC_484\Debug\RosOnAStick.a(Stepper_Control.o)
 .debug_aranges
                0x00001290       0x80 .\CortexM0\ARM_GCC_484\Debug\RosOnAStick.a(ADC_SAR_SEQ_IRQ.o)
 .debug_aranges
                0x00001310       0x40 .\CortexM0\ARM_GCC_484\Debug\RosOnAStick.a(CapSense_SampleClk.o)
 .debug_aranges
                0x00001350       0x40 .\CortexM0\ARM_GCC_484\Debug\RosOnAStick.a(CapSense_SenseClk.o)
 .debug_aranges
                0x00001390       0x20 .\CortexM0\ARM_GCC_484\Debug\RosOnAStick.a(CyBootAsmGnu.o)
 .debug_aranges
                0x000013b0      0x1a0 .\CortexM0\ARM_GCC_484\Debug\RosOnAStick.a(CyLib.o)
 .debug_aranges
                0x00001550       0x98 .\CortexM0\ARM_GCC_484\Debug\RosOnAStick.a(UpDown.o)
 .debug_aranges
                0x000015e8       0x20 .\CortexM0\ARM_GCC_484\Debug\RosOnAStick.a(ROSSerial_UART_SPI_UART_INT.o)
 .debug_aranges
                0x00001608       0x48 C:\Program Files\Cypress\PSoC Creator\3.1\PSoC Creator\psoc\content\cycomponentlibrary\CyComponentLibrary.cylib\CortexM0\ARM_GCC_484\Debug\CyComponentLibrary.a(CSD_P4_SmartSense_v2_0.o)

.debug_pubnames
 *(.debug_pubnames)

.debug_info     0x00000000    0x12187
 *(.debug_info .gnu.linkonce.wi.*)
 .debug_info    0x00000000     0x2091 .\CortexM0\ARM_GCC_484\Debug\main.o
 .debug_info    0x00002091      0x749 .\CortexM0\ARM_GCC_484\Debug\Uarts.o
 .debug_info    0x000027da       0x37 .\CortexM0\ARM_GCC_484\Debug\cxxabi-compat.o
 .debug_info    0x00002811      0x2e1 .\CortexM0\ARM_GCC_484\Debug\duration.o
 .debug_info    0x00002af2      0x6cf .\CortexM0\ARM_GCC_484\Debug\init.o
 .debug_info    0x000031c1      0x21d .\CortexM0\ARM_GCC_484\Debug\isnprintf.o
 .debug_info    0x000033de      0x46a .\CortexM0\ARM_GCC_484\Debug\SysTimer.o
 .debug_info    0x00003848      0x446 .\CortexM0\ARM_GCC_484\Debug\time.o
 .debug_info    0x00003c8e      0xcfe .\CortexM0\ARM_GCC_484\Debug\ADC.o
 .debug_info    0x0000498c      0xdec .\CortexM0\ARM_GCC_484\Debug\Blink.o
 .debug_info    0x00005778      0xba7 .\CortexM0\ARM_GCC_484\Debug\HelloWorld.o
 .debug_info    0x0000631f      0xf8d .\CortexM0\ARM_GCC_484\Debug\button_example.o
 .debug_info    0x000072ac      0xdf7 .\CortexM0\ARM_GCC_484\Debug\ServoControl.o
 .debug_info    0x000080a3      0xf30 .\CortexM0\ARM_GCC_484\Debug\Encoder.o
 .debug_info    0x00008fd3      0xf28 .\CortexM0\ARM_GCC_484\Debug\StepperControl.o
 .debug_info    0x00009efb      0xf72 .\CortexM0\ARM_GCC_484\Debug\capsense_button.o
 .debug_info    0x0000ae6d     0x1325 .\CortexM0\ARM_GCC_484\Debug\UpDownCount.o
 .debug_info    0x0000c192      0x14d .\CortexM0\ARM_GCC_484\Debug\cybootloader.o
 .debug_info    0x0000c2df       0xb1 .\CortexM0\ARM_GCC_484\Debug\cymetadata.o
 .debug_info    0x0000c390      0x2a5 .\CortexM0\ARM_GCC_484\Debug\Cm0Start.o