ARM GAS  C:\Users\Chuck\AppData\Local\Temp\ccqjuDvb.s 			page 1


   1              		.cpu cortex-m0
   2              		.fpu softvfp
   3              		.eabi_attribute 20, 1
   4              		.eabi_attribute 21, 1
   5              		.eabi_attribute 23, 3
   6              		.eabi_attribute 24, 1
   7              		.eabi_attribute 25, 1
   8              		.eabi_attribute 26, 1
   9              		.eabi_attribute 30, 6
  10              		.eabi_attribute 34, 0
  11              		.eabi_attribute 18, 4
  12              		.code	16
  13              		.file	"I2C_1_I2C.c"
  14              		.text
  15              	.Ltext0:
  16              		.cfi_sections	.debug_frame
  17              		.comm	I2C_1_state,1,1
  18              		.section	.text.I2C_1_I2CInit,"ax",%progbits
  19              		.align	2
  20              		.global	I2C_1_I2CInit
  21              		.code	16
  22              		.thumb_func
  23              		.type	I2C_1_I2CInit, %function
  24              	I2C_1_I2CInit:
  25              	.LFB0:
  26              		.file 1 ".\\Generated_Source\\PSoC4\\I2C_1_I2C.c"
   1:.\Generated_Source\PSoC4/I2C_1_I2C.c **** /***************************************************************************//**
   2:.\Generated_Source\PSoC4/I2C_1_I2C.c **** * \file I2C_1_I2C.c
   3:.\Generated_Source\PSoC4/I2C_1_I2C.c **** * \version 3.20
   4:.\Generated_Source\PSoC4/I2C_1_I2C.c **** *
   5:.\Generated_Source\PSoC4/I2C_1_I2C.c **** * \brief
   6:.\Generated_Source\PSoC4/I2C_1_I2C.c **** *  This file provides the source code to the API for the SCB Component in
   7:.\Generated_Source\PSoC4/I2C_1_I2C.c **** *  I2C mode.
   8:.\Generated_Source\PSoC4/I2C_1_I2C.c **** *
   9:.\Generated_Source\PSoC4/I2C_1_I2C.c **** * Note:
  10:.\Generated_Source\PSoC4/I2C_1_I2C.c **** *
  11:.\Generated_Source\PSoC4/I2C_1_I2C.c **** *******************************************************************************
  12:.\Generated_Source\PSoC4/I2C_1_I2C.c **** * \copyright
  13:.\Generated_Source\PSoC4/I2C_1_I2C.c **** * Copyright 2013-2016, Cypress Semiconductor Corporation.  All rights reserved.
  14:.\Generated_Source\PSoC4/I2C_1_I2C.c **** * You may use this file only in accordance with the license, terms, conditions,
  15:.\Generated_Source\PSoC4/I2C_1_I2C.c **** * disclaimers, and limitations in the end user license agreement accompanying
  16:.\Generated_Source\PSoC4/I2C_1_I2C.c **** * the software package with which this file was provided.
  17:.\Generated_Source\PSoC4/I2C_1_I2C.c **** *******************************************************************************/
  18:.\Generated_Source\PSoC4/I2C_1_I2C.c **** 
  19:.\Generated_Source\PSoC4/I2C_1_I2C.c **** #include "I2C_1_PVT.h"
  20:.\Generated_Source\PSoC4/I2C_1_I2C.c **** #include "I2C_1_I2C_PVT.h"
  21:.\Generated_Source\PSoC4/I2C_1_I2C.c **** 
  22:.\Generated_Source\PSoC4/I2C_1_I2C.c **** 
  23:.\Generated_Source\PSoC4/I2C_1_I2C.c **** /***************************************
  24:.\Generated_Source\PSoC4/I2C_1_I2C.c **** *      I2C Private Vars
  25:.\Generated_Source\PSoC4/I2C_1_I2C.c **** ***************************************/
  26:.\Generated_Source\PSoC4/I2C_1_I2C.c **** 
  27:.\Generated_Source\PSoC4/I2C_1_I2C.c **** volatile uint8 I2C_1_state;  /* Current state of I2C FSM */
  28:.\Generated_Source\PSoC4/I2C_1_I2C.c **** 
  29:.\Generated_Source\PSoC4/I2C_1_I2C.c **** #if(I2C_1_SCB_MODE_UNCONFIG_CONST_CFG)
  30:.\Generated_Source\PSoC4/I2C_1_I2C.c **** 
  31:.\Generated_Source\PSoC4/I2C_1_I2C.c ****     /***************************************
ARM GAS  C:\Users\Chuck\AppData\Local\Temp\ccqjuDvb.s 			page 2


  32:.\Generated_Source\PSoC4/I2C_1_I2C.c ****     *  Configuration Structure Initialization
  33:.\Generated_Source\PSoC4/I2C_1_I2C.c ****     ***************************************/
  34:.\Generated_Source\PSoC4/I2C_1_I2C.c **** 
  35:.\Generated_Source\PSoC4/I2C_1_I2C.c ****     /* Constant configuration of I2C */
  36:.\Generated_Source\PSoC4/I2C_1_I2C.c ****     const I2C_1_I2C_INIT_STRUCT I2C_1_configI2C =
  37:.\Generated_Source\PSoC4/I2C_1_I2C.c ****     {
  38:.\Generated_Source\PSoC4/I2C_1_I2C.c ****         I2C_1_I2C_MODE,
  39:.\Generated_Source\PSoC4/I2C_1_I2C.c ****         I2C_1_I2C_OVS_FACTOR_LOW,
  40:.\Generated_Source\PSoC4/I2C_1_I2C.c ****         I2C_1_I2C_OVS_FACTOR_HIGH,
  41:.\Generated_Source\PSoC4/I2C_1_I2C.c ****         I2C_1_I2C_MEDIAN_FILTER_ENABLE,
  42:.\Generated_Source\PSoC4/I2C_1_I2C.c ****         I2C_1_I2C_SLAVE_ADDRESS,
  43:.\Generated_Source\PSoC4/I2C_1_I2C.c ****         I2C_1_I2C_SLAVE_ADDRESS_MASK,
  44:.\Generated_Source\PSoC4/I2C_1_I2C.c ****         I2C_1_I2C_ACCEPT_ADDRESS,
  45:.\Generated_Source\PSoC4/I2C_1_I2C.c ****         I2C_1_I2C_WAKE_ENABLE,
  46:.\Generated_Source\PSoC4/I2C_1_I2C.c ****         I2C_1_I2C_BYTE_MODE_ENABLE,
  47:.\Generated_Source\PSoC4/I2C_1_I2C.c ****         I2C_1_I2C_DATA_RATE,
  48:.\Generated_Source\PSoC4/I2C_1_I2C.c ****         I2C_1_I2C_ACCEPT_GENERAL_CALL,
  49:.\Generated_Source\PSoC4/I2C_1_I2C.c ****     };
  50:.\Generated_Source\PSoC4/I2C_1_I2C.c **** 
  51:.\Generated_Source\PSoC4/I2C_1_I2C.c ****     /*******************************************************************************
  52:.\Generated_Source\PSoC4/I2C_1_I2C.c ****     * Function Name: I2C_1_I2CInit
  53:.\Generated_Source\PSoC4/I2C_1_I2C.c ****     ****************************************************************************//**
  54:.\Generated_Source\PSoC4/I2C_1_I2C.c ****     *
  55:.\Generated_Source\PSoC4/I2C_1_I2C.c ****     *
  56:.\Generated_Source\PSoC4/I2C_1_I2C.c ****     *  Configures the I2C_1 for I2C operation.
  57:.\Generated_Source\PSoC4/I2C_1_I2C.c ****     *
  58:.\Generated_Source\PSoC4/I2C_1_I2C.c ****     *  This function is intended specifically to be used when the I2C_1 
  59:.\Generated_Source\PSoC4/I2C_1_I2C.c ****     *  configuration is set to “Unconfigured I2C_1” in the customizer. 
  60:.\Generated_Source\PSoC4/I2C_1_I2C.c ****     *  After initializing the I2C_1 in I2C mode using this function, 
  61:.\Generated_Source\PSoC4/I2C_1_I2C.c ****     *  the component can be enabled using the I2C_1_Start() or 
  62:.\Generated_Source\PSoC4/I2C_1_I2C.c ****     * I2C_1_Enable() function.
  63:.\Generated_Source\PSoC4/I2C_1_I2C.c ****     *  This function uses a pointer to a structure that provides the configuration 
  64:.\Generated_Source\PSoC4/I2C_1_I2C.c ****     *  settings. This structure contains the same information that would otherwise 
  65:.\Generated_Source\PSoC4/I2C_1_I2C.c ****     *  be provided by the customizer settings.
  66:.\Generated_Source\PSoC4/I2C_1_I2C.c ****     *
  67:.\Generated_Source\PSoC4/I2C_1_I2C.c ****     *  \param config: pointer to a structure that contains the following list of 
  68:.\Generated_Source\PSoC4/I2C_1_I2C.c ****     *   fields. These fields match the selections available in the customizer. 
  69:.\Generated_Source\PSoC4/I2C_1_I2C.c ****     *   Refer to the customizer for further description of the settings.
  70:.\Generated_Source\PSoC4/I2C_1_I2C.c ****     *
  71:.\Generated_Source\PSoC4/I2C_1_I2C.c ****     *******************************************************************************/
  72:.\Generated_Source\PSoC4/I2C_1_I2C.c ****     void I2C_1_I2CInit(const I2C_1_I2C_INIT_STRUCT *config)
  73:.\Generated_Source\PSoC4/I2C_1_I2C.c ****     {
  74:.\Generated_Source\PSoC4/I2C_1_I2C.c ****         uint32 medianFilter;
  75:.\Generated_Source\PSoC4/I2C_1_I2C.c ****         uint32 locEnableWake;
  76:.\Generated_Source\PSoC4/I2C_1_I2C.c **** 
  77:.\Generated_Source\PSoC4/I2C_1_I2C.c ****         if(NULL == config)
  78:.\Generated_Source\PSoC4/I2C_1_I2C.c ****         {
  79:.\Generated_Source\PSoC4/I2C_1_I2C.c ****             CYASSERT(0u != 0u); /* Halt execution due to bad function parameter */
  80:.\Generated_Source\PSoC4/I2C_1_I2C.c ****         }
  81:.\Generated_Source\PSoC4/I2C_1_I2C.c ****         else
  82:.\Generated_Source\PSoC4/I2C_1_I2C.c ****         {
  83:.\Generated_Source\PSoC4/I2C_1_I2C.c ****             /* Configure pins */
  84:.\Generated_Source\PSoC4/I2C_1_I2C.c ****             I2C_1_SetPins(I2C_1_SCB_MODE_I2C, I2C_1_DUMMY_PARAM,
  85:.\Generated_Source\PSoC4/I2C_1_I2C.c ****                                      I2C_1_DUMMY_PARAM);
  86:.\Generated_Source\PSoC4/I2C_1_I2C.c **** 
  87:.\Generated_Source\PSoC4/I2C_1_I2C.c ****             /* Store internal configuration */
  88:.\Generated_Source\PSoC4/I2C_1_I2C.c ****             I2C_1_scbMode       = (uint8) I2C_1_SCB_MODE_I2C;
ARM GAS  C:\Users\Chuck\AppData\Local\Temp\ccqjuDvb.s 			page 3


  89:.\Generated_Source\PSoC4/I2C_1_I2C.c ****             I2C_1_scbEnableWake = (uint8) config->enableWake;
  90:.\Generated_Source\PSoC4/I2C_1_I2C.c ****             I2C_1_scbEnableIntr = (uint8) I2C_1_SCB_IRQ_INTERNAL;
  91:.\Generated_Source\PSoC4/I2C_1_I2C.c **** 
  92:.\Generated_Source\PSoC4/I2C_1_I2C.c ****             I2C_1_mode          = (uint8) config->mode;
  93:.\Generated_Source\PSoC4/I2C_1_I2C.c ****             I2C_1_acceptAddr    = (uint8) config->acceptAddr;
  94:.\Generated_Source\PSoC4/I2C_1_I2C.c **** 
  95:.\Generated_Source\PSoC4/I2C_1_I2C.c ****         #if (I2C_1_CY_SCBIP_V0)
  96:.\Generated_Source\PSoC4/I2C_1_I2C.c ****             /* Adjust SDA filter settings. Ticket ID#150521 */
  97:.\Generated_Source\PSoC4/I2C_1_I2C.c ****             I2C_1_SET_I2C_CFG_SDA_FILT_TRIM(I2C_1_EC_AM_I2C_CFG_SDA_FILT_TRIM);
  98:.\Generated_Source\PSoC4/I2C_1_I2C.c ****         #endif /* (I2C_1_CY_SCBIP_V0) */
  99:.\Generated_Source\PSoC4/I2C_1_I2C.c **** 
 100:.\Generated_Source\PSoC4/I2C_1_I2C.c ****             /* Adjust AF and DF filter settings. Ticket ID#176179 */
 101:.\Generated_Source\PSoC4/I2C_1_I2C.c ****             if (((I2C_1_I2C_MODE_SLAVE != config->mode) &&
 102:.\Generated_Source\PSoC4/I2C_1_I2C.c ****                  (config->dataRate <= I2C_1_I2C_DATA_RATE_FS_MODE_MAX)) ||
 103:.\Generated_Source\PSoC4/I2C_1_I2C.c ****                  (I2C_1_I2C_MODE_SLAVE == config->mode))
 104:.\Generated_Source\PSoC4/I2C_1_I2C.c ****             {
 105:.\Generated_Source\PSoC4/I2C_1_I2C.c ****                 /* AF = 1, DF = 0 */
 106:.\Generated_Source\PSoC4/I2C_1_I2C.c ****                 I2C_1_I2C_CFG_ANALOG_FITER_ENABLE;
 107:.\Generated_Source\PSoC4/I2C_1_I2C.c ****                 medianFilter = I2C_1_DIGITAL_FILTER_DISABLE;
 108:.\Generated_Source\PSoC4/I2C_1_I2C.c ****             }
 109:.\Generated_Source\PSoC4/I2C_1_I2C.c ****             else
 110:.\Generated_Source\PSoC4/I2C_1_I2C.c ****             {
 111:.\Generated_Source\PSoC4/I2C_1_I2C.c ****                 /* AF = 0, DF = 1 */
 112:.\Generated_Source\PSoC4/I2C_1_I2C.c ****                 I2C_1_I2C_CFG_ANALOG_FITER_DISABLE;
 113:.\Generated_Source\PSoC4/I2C_1_I2C.c ****                 medianFilter = I2C_1_DIGITAL_FILTER_ENABLE;
 114:.\Generated_Source\PSoC4/I2C_1_I2C.c ****             }
 115:.\Generated_Source\PSoC4/I2C_1_I2C.c **** 
 116:.\Generated_Source\PSoC4/I2C_1_I2C.c ****         #if (!I2C_1_CY_SCBIP_V0)
 117:.\Generated_Source\PSoC4/I2C_1_I2C.c ****             locEnableWake = (I2C_1_I2C_MULTI_MASTER_SLAVE) ? (0u) : (config->enableWake);
 118:.\Generated_Source\PSoC4/I2C_1_I2C.c ****         #else
 119:.\Generated_Source\PSoC4/I2C_1_I2C.c ****             locEnableWake = config->enableWake;
 120:.\Generated_Source\PSoC4/I2C_1_I2C.c ****         #endif /* (!I2C_1_CY_SCBIP_V0) */
 121:.\Generated_Source\PSoC4/I2C_1_I2C.c **** 
 122:.\Generated_Source\PSoC4/I2C_1_I2C.c ****             /* Configure I2C interface */
 123:.\Generated_Source\PSoC4/I2C_1_I2C.c ****             I2C_1_CTRL_REG     = I2C_1_GET_CTRL_BYTE_MODE  (config->enableByteMode) |
 124:.\Generated_Source\PSoC4/I2C_1_I2C.c ****                                             I2C_1_GET_CTRL_ADDR_ACCEPT(config->acceptAddr)     |
 125:.\Generated_Source\PSoC4/I2C_1_I2C.c ****                                             I2C_1_GET_CTRL_EC_AM_MODE (locEnableWake);
 126:.\Generated_Source\PSoC4/I2C_1_I2C.c **** 
 127:.\Generated_Source\PSoC4/I2C_1_I2C.c ****             I2C_1_I2C_CTRL_REG = I2C_1_GET_I2C_CTRL_HIGH_PHASE_OVS(config->oversampleHigh) |
 128:.\Generated_Source\PSoC4/I2C_1_I2C.c ****                     I2C_1_GET_I2C_CTRL_LOW_PHASE_OVS (config->oversampleLow)                       
 129:.\Generated_Source\PSoC4/I2C_1_I2C.c ****                     I2C_1_GET_I2C_CTRL_S_GENERAL_IGNORE((uint32)(0u == config->acceptGeneralAddr)) 
 130:.\Generated_Source\PSoC4/I2C_1_I2C.c ****                     I2C_1_GET_I2C_CTRL_SL_MSTR_MODE  (config->mode);
 131:.\Generated_Source\PSoC4/I2C_1_I2C.c **** 
 132:.\Generated_Source\PSoC4/I2C_1_I2C.c ****             /* Configure RX direction */
 133:.\Generated_Source\PSoC4/I2C_1_I2C.c ****             I2C_1_RX_CTRL_REG      = I2C_1_GET_RX_CTRL_MEDIAN(medianFilter) |
 134:.\Generated_Source\PSoC4/I2C_1_I2C.c ****                                                 I2C_1_I2C_RX_CTRL;
 135:.\Generated_Source\PSoC4/I2C_1_I2C.c ****             I2C_1_RX_FIFO_CTRL_REG = I2C_1_CLEAR_REG;
 136:.\Generated_Source\PSoC4/I2C_1_I2C.c **** 
 137:.\Generated_Source\PSoC4/I2C_1_I2C.c ****             /* Set default address and mask */
 138:.\Generated_Source\PSoC4/I2C_1_I2C.c ****             I2C_1_RX_MATCH_REG    = ((I2C_1_I2C_SLAVE) ?
 139:.\Generated_Source\PSoC4/I2C_1_I2C.c ****                                                 (I2C_1_GET_I2C_8BIT_ADDRESS(config->slaveAddr) |
 140:.\Generated_Source\PSoC4/I2C_1_I2C.c ****                                                  I2C_1_GET_RX_MATCH_MASK(config->slaveAddrMask)) :
 141:.\Generated_Source\PSoC4/I2C_1_I2C.c ****                                                 (I2C_1_CLEAR_REG));
 142:.\Generated_Source\PSoC4/I2C_1_I2C.c **** 
 143:.\Generated_Source\PSoC4/I2C_1_I2C.c **** 
 144:.\Generated_Source\PSoC4/I2C_1_I2C.c ****             /* Configure TX direction */
 145:.\Generated_Source\PSoC4/I2C_1_I2C.c ****             I2C_1_TX_CTRL_REG      = I2C_1_I2C_TX_CTRL;
ARM GAS  C:\Users\Chuck\AppData\Local\Temp\ccqjuDvb.s 			page 4


 146:.\Generated_Source\PSoC4/I2C_1_I2C.c ****             I2C_1_TX_FIFO_CTRL_REG = I2C_1_CLEAR_REG;
 147:.\Generated_Source\PSoC4/I2C_1_I2C.c **** 
 148:.\Generated_Source\PSoC4/I2C_1_I2C.c ****             /* Configure interrupt with I2C handler but do not enable it */
 149:.\Generated_Source\PSoC4/I2C_1_I2C.c ****             CyIntDisable    (I2C_1_ISR_NUMBER);
 150:.\Generated_Source\PSoC4/I2C_1_I2C.c ****             CyIntSetPriority(I2C_1_ISR_NUMBER, I2C_1_ISR_PRIORITY);
 151:.\Generated_Source\PSoC4/I2C_1_I2C.c ****             (void) CyIntSetVector(I2C_1_ISR_NUMBER, &I2C_1_I2C_ISR);
 152:.\Generated_Source\PSoC4/I2C_1_I2C.c **** 
 153:.\Generated_Source\PSoC4/I2C_1_I2C.c ****             /* Configure interrupt sources */
 154:.\Generated_Source\PSoC4/I2C_1_I2C.c ****         #if(!I2C_1_CY_SCBIP_V1)
 155:.\Generated_Source\PSoC4/I2C_1_I2C.c ****             I2C_1_INTR_SPI_EC_MASK_REG = I2C_1_NO_INTR_SOURCES;
 156:.\Generated_Source\PSoC4/I2C_1_I2C.c ****         #endif /* (!I2C_1_CY_SCBIP_V1) */
 157:.\Generated_Source\PSoC4/I2C_1_I2C.c **** 
 158:.\Generated_Source\PSoC4/I2C_1_I2C.c ****             I2C_1_INTR_I2C_EC_MASK_REG = I2C_1_NO_INTR_SOURCES;
 159:.\Generated_Source\PSoC4/I2C_1_I2C.c ****             I2C_1_INTR_RX_MASK_REG     = I2C_1_NO_INTR_SOURCES;
 160:.\Generated_Source\PSoC4/I2C_1_I2C.c ****             I2C_1_INTR_TX_MASK_REG     = I2C_1_NO_INTR_SOURCES;
 161:.\Generated_Source\PSoC4/I2C_1_I2C.c **** 
 162:.\Generated_Source\PSoC4/I2C_1_I2C.c ****             I2C_1_INTR_SLAVE_MASK_REG  = ((I2C_1_I2C_SLAVE) ?
 163:.\Generated_Source\PSoC4/I2C_1_I2C.c ****                             (I2C_1_GET_INTR_SLAVE_I2C_GENERAL(config->acceptGeneralAddr) |
 164:.\Generated_Source\PSoC4/I2C_1_I2C.c ****                              I2C_1_I2C_INTR_SLAVE_MASK) : (I2C_1_CLEAR_REG));
 165:.\Generated_Source\PSoC4/I2C_1_I2C.c **** 
 166:.\Generated_Source\PSoC4/I2C_1_I2C.c ****             I2C_1_INTR_MASTER_MASK_REG = ((I2C_1_I2C_MASTER) ?
 167:.\Generated_Source\PSoC4/I2C_1_I2C.c ****                                                      (I2C_1_I2C_INTR_MASTER_MASK) :
 168:.\Generated_Source\PSoC4/I2C_1_I2C.c ****                                                      (I2C_1_CLEAR_REG));
 169:.\Generated_Source\PSoC4/I2C_1_I2C.c **** 
 170:.\Generated_Source\PSoC4/I2C_1_I2C.c ****             /* Configure global variables */
 171:.\Generated_Source\PSoC4/I2C_1_I2C.c ****             I2C_1_state = I2C_1_I2C_FSM_IDLE;
 172:.\Generated_Source\PSoC4/I2C_1_I2C.c **** 
 173:.\Generated_Source\PSoC4/I2C_1_I2C.c ****             /* Internal slave variables */
 174:.\Generated_Source\PSoC4/I2C_1_I2C.c ****             I2C_1_slStatus        = 0u;
 175:.\Generated_Source\PSoC4/I2C_1_I2C.c ****             I2C_1_slRdBufIndex    = 0u;
 176:.\Generated_Source\PSoC4/I2C_1_I2C.c ****             I2C_1_slWrBufIndex    = 0u;
 177:.\Generated_Source\PSoC4/I2C_1_I2C.c ****             I2C_1_slOverFlowCount = 0u;
 178:.\Generated_Source\PSoC4/I2C_1_I2C.c **** 
 179:.\Generated_Source\PSoC4/I2C_1_I2C.c ****             /* Internal master variables */
 180:.\Generated_Source\PSoC4/I2C_1_I2C.c ****             I2C_1_mstrStatus     = 0u;
 181:.\Generated_Source\PSoC4/I2C_1_I2C.c ****             I2C_1_mstrRdBufIndex = 0u;
 182:.\Generated_Source\PSoC4/I2C_1_I2C.c ****             I2C_1_mstrWrBufIndex = 0u;
 183:.\Generated_Source\PSoC4/I2C_1_I2C.c ****         }
 184:.\Generated_Source\PSoC4/I2C_1_I2C.c ****     }
 185:.\Generated_Source\PSoC4/I2C_1_I2C.c **** 
 186:.\Generated_Source\PSoC4/I2C_1_I2C.c **** #else
 187:.\Generated_Source\PSoC4/I2C_1_I2C.c **** 
 188:.\Generated_Source\PSoC4/I2C_1_I2C.c ****     /*******************************************************************************
 189:.\Generated_Source\PSoC4/I2C_1_I2C.c ****     * Function Name: I2C_1_I2CInit
 190:.\Generated_Source\PSoC4/I2C_1_I2C.c ****     ****************************************************************************//**
 191:.\Generated_Source\PSoC4/I2C_1_I2C.c ****     *
 192:.\Generated_Source\PSoC4/I2C_1_I2C.c ****     *  Configures the SCB for the I2C operation.
 193:.\Generated_Source\PSoC4/I2C_1_I2C.c ****     *
 194:.\Generated_Source\PSoC4/I2C_1_I2C.c ****     *******************************************************************************/
 195:.\Generated_Source\PSoC4/I2C_1_I2C.c ****     void I2C_1_I2CInit(void)
 196:.\Generated_Source\PSoC4/I2C_1_I2C.c ****     {
  27              		.loc 1 196 0
  28              		.cfi_startproc
  29 0000 80B5     		push	{r7, lr}
  30              		.cfi_def_cfa_offset 8
  31              		.cfi_offset 7, -8
  32              		.cfi_offset 14, -4
ARM GAS  C:\Users\Chuck\AppData\Local\Temp\ccqjuDvb.s 			page 5


  33 0002 00AF     		add	r7, sp, #0
  34              		.cfi_def_cfa_register 7
 197:.\Generated_Source\PSoC4/I2C_1_I2C.c ****     #if(I2C_1_CY_SCBIP_V0)
 198:.\Generated_Source\PSoC4/I2C_1_I2C.c ****         /* Adjust SDA filter settings. Ticket ID#150521 */
 199:.\Generated_Source\PSoC4/I2C_1_I2C.c ****         I2C_1_SET_I2C_CFG_SDA_FILT_TRIM(I2C_1_EC_AM_I2C_CFG_SDA_FILT_TRIM);
  35              		.loc 1 199 0
  36 0004 254B     		ldr	r3, .L2
  37 0006 254A     		ldr	r2, .L2
  38 0008 1268     		ldr	r2, [r2]
  39 000a 0C21     		mov	r1, #12
  40 000c 0A43     		orr	r2, r1
  41 000e 1A60     		str	r2, [r3]
 200:.\Generated_Source\PSoC4/I2C_1_I2C.c ****     #endif /* (I2C_1_CY_SCBIP_V0) */
 201:.\Generated_Source\PSoC4/I2C_1_I2C.c **** 
 202:.\Generated_Source\PSoC4/I2C_1_I2C.c ****         /* Adjust AF and DF filter settings. Ticket ID#176179 */
 203:.\Generated_Source\PSoC4/I2C_1_I2C.c ****         I2C_1_I2C_CFG_ANALOG_FITER_ENABLE_ADJ;
 204:.\Generated_Source\PSoC4/I2C_1_I2C.c **** 
 205:.\Generated_Source\PSoC4/I2C_1_I2C.c ****         /* Configure I2C interface */
 206:.\Generated_Source\PSoC4/I2C_1_I2C.c ****         I2C_1_CTRL_REG     = I2C_1_I2C_DEFAULT_CTRL;
  42              		.loc 1 206 0
  43 0010 234B     		ldr	r3, .L2+4
  44 0012 0022     		mov	r2, #0
  45 0014 1A60     		str	r2, [r3]
 207:.\Generated_Source\PSoC4/I2C_1_I2C.c ****         I2C_1_I2C_CTRL_REG = I2C_1_I2C_DEFAULT_I2C_CTRL;
  46              		.loc 1 207 0
  47 0016 234B     		ldr	r3, .L2+8
  48 0018 234A     		ldr	r2, .L2+12
  49 001a 1A60     		str	r2, [r3]
 208:.\Generated_Source\PSoC4/I2C_1_I2C.c **** 
 209:.\Generated_Source\PSoC4/I2C_1_I2C.c ****         /* Configure RX direction */
 210:.\Generated_Source\PSoC4/I2C_1_I2C.c ****         I2C_1_RX_CTRL_REG      = I2C_1_I2C_DEFAULT_RX_CTRL;
  50              		.loc 1 210 0
  51 001c 234B     		ldr	r3, .L2+16
  52 001e 244A     		ldr	r2, .L2+20
  53 0020 1A60     		str	r2, [r3]
 211:.\Generated_Source\PSoC4/I2C_1_I2C.c ****         I2C_1_RX_FIFO_CTRL_REG = I2C_1_I2C_DEFAULT_RX_FIFO_CTRL;
  54              		.loc 1 211 0
  55 0022 244B     		ldr	r3, .L2+24
  56 0024 0022     		mov	r2, #0
  57 0026 1A60     		str	r2, [r3]
 212:.\Generated_Source\PSoC4/I2C_1_I2C.c **** 
 213:.\Generated_Source\PSoC4/I2C_1_I2C.c ****         /* Set default address and mask */
 214:.\Generated_Source\PSoC4/I2C_1_I2C.c ****         I2C_1_RX_MATCH_REG     = I2C_1_I2C_DEFAULT_RX_MATCH;
  58              		.loc 1 214 0
  59 0028 234B     		ldr	r3, .L2+28
  60 002a 244A     		ldr	r2, .L2+32
  61 002c 1A60     		str	r2, [r3]
 215:.\Generated_Source\PSoC4/I2C_1_I2C.c **** 
 216:.\Generated_Source\PSoC4/I2C_1_I2C.c ****         /* Configure TX direction */
 217:.\Generated_Source\PSoC4/I2C_1_I2C.c ****         I2C_1_TX_CTRL_REG      = I2C_1_I2C_DEFAULT_TX_CTRL;
  62              		.loc 1 217 0
  63 002e 244B     		ldr	r3, .L2+36
  64 0030 1F4A     		ldr	r2, .L2+20
  65 0032 1A60     		str	r2, [r3]
 218:.\Generated_Source\PSoC4/I2C_1_I2C.c ****         I2C_1_TX_FIFO_CTRL_REG = I2C_1_I2C_DEFAULT_TX_FIFO_CTRL;
  66              		.loc 1 218 0
  67 0034 234B     		ldr	r3, .L2+40
ARM GAS  C:\Users\Chuck\AppData\Local\Temp\ccqjuDvb.s 			page 6


  68 0036 0022     		mov	r2, #0
  69 0038 1A60     		str	r2, [r3]
 219:.\Generated_Source\PSoC4/I2C_1_I2C.c **** 
 220:.\Generated_Source\PSoC4/I2C_1_I2C.c ****         /* Configure interrupt with I2C handler but do not enable it */
 221:.\Generated_Source\PSoC4/I2C_1_I2C.c ****         CyIntDisable    (I2C_1_ISR_NUMBER);
  70              		.loc 1 221 0
  71 003a 0B20     		mov	r0, #11
  72 003c FFF7FEFF 		bl	CyIntDisable
 222:.\Generated_Source\PSoC4/I2C_1_I2C.c ****         CyIntSetPriority(I2C_1_ISR_NUMBER, I2C_1_ISR_PRIORITY);
  73              		.loc 1 222 0
  74 0040 0B20     		mov	r0, #11
  75 0042 0321     		mov	r1, #3
  76 0044 FFF7FEFF 		bl	CyIntSetPriority
 223:.\Generated_Source\PSoC4/I2C_1_I2C.c ****     #if(!I2C_1_I2C_EXTERN_INTR_HANDLER)
 224:.\Generated_Source\PSoC4/I2C_1_I2C.c ****         (void) CyIntSetVector(I2C_1_ISR_NUMBER, &I2C_1_I2C_ISR);
  77              		.loc 1 224 0
  78 0048 1F4B     		ldr	r3, .L2+44
  79 004a 0B20     		mov	r0, #11
  80 004c 191C     		mov	r1, r3
  81 004e FFF7FEFF 		bl	CyIntSetVector
 225:.\Generated_Source\PSoC4/I2C_1_I2C.c ****     #endif /* (I2C_1_I2C_EXTERN_INTR_HANDLER) */
 226:.\Generated_Source\PSoC4/I2C_1_I2C.c **** 
 227:.\Generated_Source\PSoC4/I2C_1_I2C.c ****         /* Configure interrupt sources */
 228:.\Generated_Source\PSoC4/I2C_1_I2C.c ****     #if(!I2C_1_CY_SCBIP_V1)
 229:.\Generated_Source\PSoC4/I2C_1_I2C.c ****         I2C_1_INTR_SPI_EC_MASK_REG = I2C_1_I2C_DEFAULT_INTR_SPI_EC_MASK;
  82              		.loc 1 229 0
  83 0052 1E4B     		ldr	r3, .L2+48
  84 0054 0022     		mov	r2, #0
  85 0056 1A60     		str	r2, [r3]
 230:.\Generated_Source\PSoC4/I2C_1_I2C.c ****     #endif /* (!I2C_1_CY_SCBIP_V1) */
 231:.\Generated_Source\PSoC4/I2C_1_I2C.c **** 
 232:.\Generated_Source\PSoC4/I2C_1_I2C.c ****         I2C_1_INTR_I2C_EC_MASK_REG = I2C_1_I2C_DEFAULT_INTR_I2C_EC_MASK;
  86              		.loc 1 232 0
  87 0058 1D4B     		ldr	r3, .L2+52
  88 005a 0022     		mov	r2, #0
  89 005c 1A60     		str	r2, [r3]
 233:.\Generated_Source\PSoC4/I2C_1_I2C.c ****         I2C_1_INTR_SLAVE_MASK_REG  = I2C_1_I2C_DEFAULT_INTR_SLAVE_MASK;
  90              		.loc 1 233 0
  91 005e 1D4B     		ldr	r3, .L2+56
  92 0060 4C22     		mov	r2, #76
  93 0062 FF32     		add	r2, r2, #255
  94 0064 1A60     		str	r2, [r3]
 234:.\Generated_Source\PSoC4/I2C_1_I2C.c ****         I2C_1_INTR_MASTER_MASK_REG = I2C_1_I2C_DEFAULT_INTR_MASTER_MASK;
  95              		.loc 1 234 0
  96 0066 1C4B     		ldr	r3, .L2+60
  97 0068 0022     		mov	r2, #0
  98 006a 1A60     		str	r2, [r3]
 235:.\Generated_Source\PSoC4/I2C_1_I2C.c ****         I2C_1_INTR_RX_MASK_REG     = I2C_1_I2C_DEFAULT_INTR_RX_MASK;
  99              		.loc 1 235 0
 100 006c 1B4B     		ldr	r3, .L2+64
 101 006e 0022     		mov	r2, #0
 102 0070 1A60     		str	r2, [r3]
 236:.\Generated_Source\PSoC4/I2C_1_I2C.c ****         I2C_1_INTR_TX_MASK_REG     = I2C_1_I2C_DEFAULT_INTR_TX_MASK;
 103              		.loc 1 236 0
 104 0072 1B4B     		ldr	r3, .L2+68
 105 0074 0022     		mov	r2, #0
 106 0076 1A60     		str	r2, [r3]
ARM GAS  C:\Users\Chuck\AppData\Local\Temp\ccqjuDvb.s 			page 7


 237:.\Generated_Source\PSoC4/I2C_1_I2C.c **** 
 238:.\Generated_Source\PSoC4/I2C_1_I2C.c ****         /* Configure global variables */
 239:.\Generated_Source\PSoC4/I2C_1_I2C.c ****         I2C_1_state = I2C_1_I2C_FSM_IDLE;
 107              		.loc 1 239 0
 108 0078 1A4B     		ldr	r3, .L2+72
 109 007a 1022     		mov	r2, #16
 110 007c 1A70     		strb	r2, [r3]
 240:.\Generated_Source\PSoC4/I2C_1_I2C.c **** 
 241:.\Generated_Source\PSoC4/I2C_1_I2C.c ****     #if(I2C_1_I2C_SLAVE)
 242:.\Generated_Source\PSoC4/I2C_1_I2C.c ****         /* Internal slave variable */
 243:.\Generated_Source\PSoC4/I2C_1_I2C.c ****         I2C_1_slStatus        = 0u;
 111              		.loc 1 243 0
 112 007e 1A4B     		ldr	r3, .L2+76
 113 0080 0022     		mov	r2, #0
 114 0082 1A70     		strb	r2, [r3]
 244:.\Generated_Source\PSoC4/I2C_1_I2C.c ****         I2C_1_slRdBufIndex    = 0u;
 115              		.loc 1 244 0
 116 0084 194B     		ldr	r3, .L2+80
 117 0086 0022     		mov	r2, #0
 118 0088 1A60     		str	r2, [r3]
 245:.\Generated_Source\PSoC4/I2C_1_I2C.c ****         I2C_1_slWrBufIndex    = 0u;
 119              		.loc 1 245 0
 120 008a 194B     		ldr	r3, .L2+84
 121 008c 0022     		mov	r2, #0
 122 008e 1A60     		str	r2, [r3]
 246:.\Generated_Source\PSoC4/I2C_1_I2C.c ****         I2C_1_slOverFlowCount = 0u;
 123              		.loc 1 246 0
 124 0090 184B     		ldr	r3, .L2+88
 125 0092 0022     		mov	r2, #0
 126 0094 1A70     		strb	r2, [r3]
 247:.\Generated_Source\PSoC4/I2C_1_I2C.c ****     #endif /* (I2C_1_I2C_SLAVE) */
 248:.\Generated_Source\PSoC4/I2C_1_I2C.c **** 
 249:.\Generated_Source\PSoC4/I2C_1_I2C.c ****     #if(I2C_1_I2C_MASTER)
 250:.\Generated_Source\PSoC4/I2C_1_I2C.c ****     /* Internal master variable */
 251:.\Generated_Source\PSoC4/I2C_1_I2C.c ****         I2C_1_mstrStatus     = 0u;
 252:.\Generated_Source\PSoC4/I2C_1_I2C.c ****         I2C_1_mstrRdBufIndex = 0u;
 253:.\Generated_Source\PSoC4/I2C_1_I2C.c ****         I2C_1_mstrWrBufIndex = 0u;
 254:.\Generated_Source\PSoC4/I2C_1_I2C.c ****     #endif /* (I2C_1_I2C_MASTER) */
 255:.\Generated_Source\PSoC4/I2C_1_I2C.c ****     }
 127              		.loc 1 255 0
 128 0096 BD46     		mov	sp, r7
 129              		@ sp needed
 130 0098 80BD     		pop	{r7, pc}
 131              	.L3:
 132 009a C046     		.align	2
 133              	.L2:
 134 009c 70000740 		.word	1074200688
 135 00a0 00000740 		.word	1074200576
 136 00a4 60000740 		.word	1074200672
 137 00a8 77080040 		.word	1073743991
 138 00ac 00030740 		.word	1074201344
 139 00b0 07010080 		.word	-2147483385
 140 00b4 04030740 		.word	1074201348
 141 00b8 10030740 		.word	1074201360
 142 00bc 1000FE00 		.word	16646160
 143 00c0 00020740 		.word	1074201088
 144 00c4 04020740 		.word	1074201092
ARM GAS  C:\Users\Chuck\AppData\Local\Temp\ccqjuDvb.s 			page 8


 145 00c8 00000000 		.word	I2C_1_I2C_ISR
 146 00cc C80E0740 		.word	1074204360
 147 00d0 880E0740 		.word	1074204296
 148 00d4 480F0740 		.word	1074204488
 149 00d8 080F0740 		.word	1074204424
 150 00dc C80F0740 		.word	1074204616
 151 00e0 880F0740 		.word	1074204552
 152 00e4 00000000 		.word	I2C_1_state
 153 00e8 00000000 		.word	I2C_1_slStatus
 154 00ec 00000000 		.word	I2C_1_slRdBufIndex
 155 00f0 00000000 		.word	I2C_1_slWrBufIndex
 156 00f4 00000000 		.word	I2C_1_slOverFlowCount
 157              		.cfi_endproc
 158              	.LFE0:
 159              		.size	I2C_1_I2CInit, .-I2C_1_I2CInit
 160              		.section	.text.I2C_1_I2CStop,"ax",%progbits
 161              		.align	2
 162              		.global	I2C_1_I2CStop
 163              		.code	16
 164              		.thumb_func
 165              		.type	I2C_1_I2CStop, %function
 166              	I2C_1_I2CStop:
 167              	.LFB1:
 256:.\Generated_Source\PSoC4/I2C_1_I2C.c **** #endif /* (I2C_1_SCB_MODE_UNCONFIG_CONST_CFG) */
 257:.\Generated_Source\PSoC4/I2C_1_I2C.c **** 
 258:.\Generated_Source\PSoC4/I2C_1_I2C.c **** 
 259:.\Generated_Source\PSoC4/I2C_1_I2C.c **** /*******************************************************************************
 260:.\Generated_Source\PSoC4/I2C_1_I2C.c **** * Function Name: I2C_1_I2CStop
 261:.\Generated_Source\PSoC4/I2C_1_I2C.c **** ****************************************************************************//**
 262:.\Generated_Source\PSoC4/I2C_1_I2C.c **** *
 263:.\Generated_Source\PSoC4/I2C_1_I2C.c **** *  Resets the I2C FSM into the default state.
 264:.\Generated_Source\PSoC4/I2C_1_I2C.c **** *
 265:.\Generated_Source\PSoC4/I2C_1_I2C.c **** *******************************************************************************/
 266:.\Generated_Source\PSoC4/I2C_1_I2C.c **** void I2C_1_I2CStop(void)
 267:.\Generated_Source\PSoC4/I2C_1_I2C.c **** {
 168              		.loc 1 267 0
 169              		.cfi_startproc
 170 0000 80B5     		push	{r7, lr}
 171              		.cfi_def_cfa_offset 8
 172              		.cfi_offset 7, -8
 173              		.cfi_offset 14, -4
 174 0002 00AF     		add	r7, sp, #0
 175              		.cfi_def_cfa_register 7
 268:.\Generated_Source\PSoC4/I2C_1_I2C.c ****     I2C_1_state = I2C_1_I2C_FSM_IDLE;
 176              		.loc 1 268 0
 177 0004 024B     		ldr	r3, .L5
 178 0006 1022     		mov	r2, #16
 179 0008 1A70     		strb	r2, [r3]
 269:.\Generated_Source\PSoC4/I2C_1_I2C.c **** }
 180              		.loc 1 269 0
 181 000a BD46     		mov	sp, r7
 182              		@ sp needed
 183 000c 80BD     		pop	{r7, pc}
 184              	.L6:
 185 000e C046     		.align	2
 186              	.L5:
 187 0010 00000000 		.word	I2C_1_state
ARM GAS  C:\Users\Chuck\AppData\Local\Temp\ccqjuDvb.s 			page 9


 188              		.cfi_endproc
 189              	.LFE1:
 190              		.size	I2C_1_I2CStop, .-I2C_1_I2CStop
 191              		.text
 192              	.Letext0:
 193              		.file 2 "Generated_Source\\PSoC4/cytypes.h"
 194              		.file 3 ".\\Generated_Source\\PSoC4\\I2C_1_I2C_PVT.h"
 195              		.section	.debug_info,"",%progbits
 196              	.Ldebug_info0:
 197 0000 0F010000 		.4byte	0x10f
 198 0004 0400     		.2byte	0x4
 199 0006 00000000 		.4byte	.Ldebug_abbrev0
 200 000a 04       		.byte	0x4
 201 000b 01       		.uleb128 0x1
 202 000c 93000000 		.4byte	.LASF23
 203 0010 01       		.byte	0x1
 204 0011 A1010000 		.4byte	.LASF24
 205 0015 22000000 		.4byte	.LASF25
 206 0019 00000000 		.4byte	.Ldebug_ranges0+0
 207 001d 00000000 		.4byte	0
 208 0021 00000000 		.4byte	.Ldebug_line0
 209 0025 02       		.uleb128 0x2
 210 0026 01       		.byte	0x1
 211 0027 06       		.byte	0x6
 212 0028 07020000 		.4byte	.LASF0
 213 002c 02       		.uleb128 0x2
 214 002d 01       		.byte	0x1
 215 002e 08       		.byte	0x8
 216 002f 48000000 		.4byte	.LASF1
 217 0033 02       		.uleb128 0x2
 218 0034 02       		.byte	0x2
 219 0035 05       		.byte	0x5
 220 0036 38020000 		.4byte	.LASF2
 221 003a 02       		.uleb128 0x2
 222 003b 02       		.byte	0x2
 223 003c 07       		.byte	0x7
 224 003d F4010000 		.4byte	.LASF3
 225 0041 02       		.uleb128 0x2
 226 0042 04       		.byte	0x4
 227 0043 05       		.byte	0x5
 228 0044 89010000 		.4byte	.LASF4
 229 0048 02       		.uleb128 0x2
 230 0049 04       		.byte	0x4
 231 004a 07       		.byte	0x7
 232 004b 6A000000 		.4byte	.LASF5
 233 004f 02       		.uleb128 0x2
 234 0050 08       		.byte	0x8
 235 0051 05       		.byte	0x5
 236 0052 00000000 		.4byte	.LASF6
 237 0056 02       		.uleb128 0x2
 238 0057 08       		.byte	0x8
 239 0058 07       		.byte	0x7
 240 0059 7C000000 		.4byte	.LASF7
 241 005d 03       		.uleb128 0x3
 242 005e 04       		.byte	0x4
 243 005f 05       		.byte	0x5
 244 0060 696E7400 		.ascii	"int\000"
ARM GAS  C:\Users\Chuck\AppData\Local\Temp\ccqjuDvb.s 			page 10


 245 0064 02       		.uleb128 0x2
 246 0065 04       		.byte	0x4
 247 0066 07       		.byte	0x7
 248 0067 15000000 		.4byte	.LASF8
 249 006b 04       		.uleb128 0x4
 250 006c 64000000 		.4byte	.LASF9
 251 0070 02       		.byte	0x2
 252 0071 5B       		.byte	0x5b
 253 0072 2C000000 		.4byte	0x2c
 254 0076 04       		.uleb128 0x4
 255 0077 0E000000 		.4byte	.LASF10
 256 007b 02       		.byte	0x2
 257 007c 5D       		.byte	0x5d
 258 007d 48000000 		.4byte	0x48
 259 0081 02       		.uleb128 0x2
 260 0082 04       		.byte	0x4
 261 0083 04       		.byte	0x4
 262 0084 26020000 		.4byte	.LASF11
 263 0088 02       		.uleb128 0x2
 264 0089 08       		.byte	0x8
 265 008a 04       		.byte	0x4
 266 008b C6010000 		.4byte	.LASF12
 267 008f 02       		.uleb128 0x2
 268 0090 01       		.byte	0x1
 269 0091 08       		.byte	0x8
 270 0092 84010000 		.4byte	.LASF13
 271 0096 05       		.uleb128 0x5
 272 0097 6B000000 		.4byte	0x6b
 273 009b 04       		.uleb128 0x4
 274 009c E0010000 		.4byte	.LASF14
 275 00a0 02       		.byte	0x2
 276 00a1 F2       		.byte	0xf2
 277 00a2 A6000000 		.4byte	0xa6
 278 00a6 05       		.uleb128 0x5
 279 00a7 76000000 		.4byte	0x76
 280 00ab 02       		.uleb128 0x2
 281 00ac 04       		.byte	0x4
 282 00ad 07       		.byte	0x7
 283 00ae 42020000 		.4byte	.LASF15
 284 00b2 06       		.uleb128 0x6
 285 00b3 E6010000 		.4byte	.LASF16
 286 00b7 01       		.byte	0x1
 287 00b8 C3       		.byte	0xc3
 288 00b9 00000000 		.4byte	.LFB0
 289 00bd F8000000 		.4byte	.LFE0-.LFB0
 290 00c1 01       		.uleb128 0x1
 291 00c2 9C       		.byte	0x9c
 292 00c3 07       		.uleb128 0x7
 293 00c4 56000000 		.4byte	.LASF17
 294 00c8 01       		.byte	0x1
 295 00c9 0A01     		.2byte	0x10a
 296 00cb 00000000 		.4byte	.LFB1
 297 00cf 14000000 		.4byte	.LFE1-.LFB1
 298 00d3 01       		.uleb128 0x1
 299 00d4 9C       		.byte	0x9c
 300 00d5 08       		.uleb128 0x8
 301 00d6 2C020000 		.4byte	.LASF18
ARM GAS  C:\Users\Chuck\AppData\Local\Temp\ccqjuDvb.s 			page 11


 302 00da 01       		.byte	0x1
 303 00db 1B       		.byte	0x1b
 304 00dc 96000000 		.4byte	0x96
 305 00e0 05       		.uleb128 0x5
 306 00e1 03       		.byte	0x3
 307 00e2 00000000 		.4byte	I2C_1_state
 308 00e6 09       		.uleb128 0x9
 309 00e7 92010000 		.4byte	.LASF19
 310 00eb 03       		.byte	0x3
 311 00ec 21       		.byte	0x21
 312 00ed 96000000 		.4byte	0x96
 313 00f1 09       		.uleb128 0x9
 314 00f2 CD010000 		.4byte	.LASF20
 315 00f6 03       		.byte	0x3
 316 00f7 26       		.byte	0x26
 317 00f8 A6000000 		.4byte	0xa6
 318 00fc 09       		.uleb128 0x9
 319 00fd 13020000 		.4byte	.LASF21
 320 0101 03       		.byte	0x3
 321 0102 2B       		.byte	0x2b
 322 0103 A6000000 		.4byte	0xa6
 323 0107 09       		.uleb128 0x9
 324 0108 6E010000 		.4byte	.LASF22
 325 010c 03       		.byte	0x3
 326 010d 2D       		.byte	0x2d
 327 010e 96000000 		.4byte	0x96
 328 0112 00       		.byte	0
 329              		.section	.debug_abbrev,"",%progbits
 330              	.Ldebug_abbrev0:
 331 0000 01       		.uleb128 0x1
 332 0001 11       		.uleb128 0x11
 333 0002 01       		.byte	0x1
 334 0003 25       		.uleb128 0x25
 335 0004 0E       		.uleb128 0xe
 336 0005 13       		.uleb128 0x13
 337 0006 0B       		.uleb128 0xb
 338 0007 03       		.uleb128 0x3
 339 0008 0E       		.uleb128 0xe
 340 0009 1B       		.uleb128 0x1b
 341 000a 0E       		.uleb128 0xe
 342 000b 55       		.uleb128 0x55
 343 000c 17       		.uleb128 0x17
 344 000d 11       		.uleb128 0x11
 345 000e 01       		.uleb128 0x1
 346 000f 10       		.uleb128 0x10
 347 0010 17       		.uleb128 0x17
 348 0011 00       		.byte	0
 349 0012 00       		.byte	0
 350 0013 02       		.uleb128 0x2
 351 0014 24       		.uleb128 0x24
 352 0015 00       		.byte	0
 353 0016 0B       		.uleb128 0xb
 354 0017 0B       		.uleb128 0xb
 355 0018 3E       		.uleb128 0x3e
 356 0019 0B       		.uleb128 0xb
 357 001a 03       		.uleb128 0x3
 358 001b 0E       		.uleb128 0xe
ARM GAS  C:\Users\Chuck\AppData\Local\Temp\ccqjuDvb.s 			page 12


 359 001c 00       		.byte	0
 360 001d 00       		.byte	0
 361 001e 03       		.uleb128 0x3
 362 001f 24       		.uleb128 0x24
 363 0020 00       		.byte	0
 364 0021 0B       		.uleb128 0xb
 365 0022 0B       		.uleb128 0xb
 366 0023 3E       		.uleb128 0x3e
 367 0024 0B       		.uleb128 0xb
 368 0025 03       		.uleb128 0x3
 369 0026 08       		.uleb128 0x8
 370 0027 00       		.byte	0
 371 0028 00       		.byte	0
 372 0029 04       		.uleb128 0x4
 373 002a 16       		.uleb128 0x16
 374 002b 00       		.byte	0
 375 002c 03       		.uleb128 0x3
 376 002d 0E       		.uleb128 0xe
 377 002e 3A       		.uleb128 0x3a
 378 002f 0B       		.uleb128 0xb
 379 0030 3B       		.uleb128 0x3b
 380 0031 0B       		.uleb128 0xb
 381 0032 49       		.uleb128 0x49
 382 0033 13       		.uleb128 0x13
 383 0034 00       		.byte	0
 384 0035 00       		.byte	0
 385 0036 05       		.uleb128 0x5
 386 0037 35       		.uleb128 0x35
 387 0038 00       		.byte	0
 388 0039 49       		.uleb128 0x49
 389 003a 13       		.uleb128 0x13
 390 003b 00       		.byte	0
 391 003c 00       		.byte	0
 392 003d 06       		.uleb128 0x6
 393 003e 2E       		.uleb128 0x2e
 394 003f 00       		.byte	0
 395 0040 3F       		.uleb128 0x3f
 396 0041 19       		.uleb128 0x19
 397 0042 03       		.uleb128 0x3
 398 0043 0E       		.uleb128 0xe
 399 0044 3A       		.uleb128 0x3a
 400 0045 0B       		.uleb128 0xb
 401 0046 3B       		.uleb128 0x3b
 402 0047 0B       		.uleb128 0xb
 403 0048 27       		.uleb128 0x27
 404 0049 19       		.uleb128 0x19
 405 004a 11       		.uleb128 0x11
 406 004b 01       		.uleb128 0x1
 407 004c 12       		.uleb128 0x12
 408 004d 06       		.uleb128 0x6
 409 004e 40       		.uleb128 0x40
 410 004f 18       		.uleb128 0x18
 411 0050 9642     		.uleb128 0x2116
 412 0052 19       		.uleb128 0x19
 413 0053 00       		.byte	0
 414 0054 00       		.byte	0
 415 0055 07       		.uleb128 0x7
ARM GAS  C:\Users\Chuck\AppData\Local\Temp\ccqjuDvb.s 			page 13


 416 0056 2E       		.uleb128 0x2e
 417 0057 00       		.byte	0
 418 0058 3F       		.uleb128 0x3f
 419 0059 19       		.uleb128 0x19
 420 005a 03       		.uleb128 0x3
 421 005b 0E       		.uleb128 0xe
 422 005c 3A       		.uleb128 0x3a
 423 005d 0B       		.uleb128 0xb
 424 005e 3B       		.uleb128 0x3b
 425 005f 05       		.uleb128 0x5
 426 0060 27       		.uleb128 0x27
 427 0061 19       		.uleb128 0x19
 428 0062 11       		.uleb128 0x11
 429 0063 01       		.uleb128 0x1
 430 0064 12       		.uleb128 0x12
 431 0065 06       		.uleb128 0x6
 432 0066 40       		.uleb128 0x40
 433 0067 18       		.uleb128 0x18
 434 0068 9742     		.uleb128 0x2117
 435 006a 19       		.uleb128 0x19
 436 006b 00       		.byte	0
 437 006c 00       		.byte	0
 438 006d 08       		.uleb128 0x8
 439 006e 34       		.uleb128 0x34
 440 006f 00       		.byte	0
 441 0070 03       		.uleb128 0x3
 442 0071 0E       		.uleb128 0xe
 443 0072 3A       		.uleb128 0x3a
 444 0073 0B       		.uleb128 0xb
 445 0074 3B       		.uleb128 0x3b
 446 0075 0B       		.uleb128 0xb
 447 0076 49       		.uleb128 0x49
 448 0077 13       		.uleb128 0x13
 449 0078 3F       		.uleb128 0x3f
 450 0079 19       		.uleb128 0x19
 451 007a 02       		.uleb128 0x2
 452 007b 18       		.uleb128 0x18
 453 007c 00       		.byte	0
 454 007d 00       		.byte	0
 455 007e 09       		.uleb128 0x9
 456 007f 34       		.uleb128 0x34
 457 0080 00       		.byte	0
 458 0081 03       		.uleb128 0x3
 459 0082 0E       		.uleb128 0xe
 460 0083 3A       		.uleb128 0x3a
 461 0084 0B       		.uleb128 0xb
 462 0085 3B       		.uleb128 0x3b
 463 0086 0B       		.uleb128 0xb
 464 0087 49       		.uleb128 0x49
 465 0088 13       		.uleb128 0x13
 466 0089 3F       		.uleb128 0x3f
 467 008a 19       		.uleb128 0x19
 468 008b 3C       		.uleb128 0x3c
 469 008c 19       		.uleb128 0x19
 470 008d 00       		.byte	0
 471 008e 00       		.byte	0
 472 008f 00       		.byte	0
ARM GAS  C:\Users\Chuck\AppData\Local\Temp\ccqjuDvb.s 			page 14


 473              		.section	.debug_aranges,"",%progbits
 474 0000 24000000 		.4byte	0x24
 475 0004 0200     		.2byte	0x2
 476 0006 00000000 		.4byte	.Ldebug_info0
 477 000a 04       		.byte	0x4
 478 000b 00       		.byte	0
 479 000c 0000     		.2byte	0
 480 000e 0000     		.2byte	0
 481 0010 00000000 		.4byte	.LFB0
 482 0014 F8000000 		.4byte	.LFE0-.LFB0
 483 0018 00000000 		.4byte	.LFB1
 484 001c 14000000 		.4byte	.LFE1-.LFB1
 485 0020 00000000 		.4byte	0
 486 0024 00000000 		.4byte	0
 487              		.section	.debug_ranges,"",%progbits
 488              	.Ldebug_ranges0:
 489 0000 00000000 		.4byte	.LFB0
 490 0004 F8000000 		.4byte	.LFE0
 491 0008 00000000 		.4byte	.LFB1
 492 000c 14000000 		.4byte	.LFE1
 493 0010 00000000 		.4byte	0
 494 0014 00000000 		.4byte	0
 495              		.section	.debug_line,"",%progbits
 496              	.Ldebug_line0:
 497 0000 B3000000 		.section	.debug_str,"MS",%progbits,1
 497      02007200 
 497      00000201 
 497      FB0E0D00 
 497      01010101 
 498              	.LASF6:
 499 0000 6C6F6E67 		.ascii	"long long int\000"
 499      206C6F6E 
 499      6720696E 
 499      7400
 500              	.LASF10:
 501 000e 75696E74 		.ascii	"uint32\000"
 501      333200
 502              	.LASF8:
 503 0015 756E7369 		.ascii	"unsigned int\000"
 503      676E6564 
 503      20696E74 
 503      00
 504              	.LASF25:
 505 0022 453A5C50 		.ascii	"E:\\PSoC\\RosOnAStick\\RosOnAStick.cydsn\000"
 505      536F435C 
 505      526F734F 
 505      6E415374 
 505      69636B5C 
 506              	.LASF1:
 507 0048 756E7369 		.ascii	"unsigned char\000"
 507      676E6564 
 507      20636861 
 507      7200
 508              	.LASF17:
 509 0056 4932435F 		.ascii	"I2C_1_I2CStop\000"
 509      315F4932 
 509      4353746F 
ARM GAS  C:\Users\Chuck\AppData\Local\Temp\ccqjuDvb.s 			page 15


 509      7000
 510              	.LASF9:
 511 0064 75696E74 		.ascii	"uint8\000"
 511      3800
 512              	.LASF5:
 513 006a 6C6F6E67 		.ascii	"long unsigned int\000"
 513      20756E73 
 513      69676E65 
 513      6420696E 
 513      7400
 514              	.LASF7:
 515 007c 6C6F6E67 		.ascii	"long long unsigned int\000"
 515      206C6F6E 
 515      6720756E 
 515      7369676E 
 515      65642069 
 516              	.LASF23:
 517 0093 474E5520 		.ascii	"GNU C 4.9.3 20150303 (release) [ARM/embedded-4_9-br"
 517      4320342E 
 517      392E3320 
 517      32303135 
 517      30333033 
 518 00c6 616E6368 		.ascii	"anch revision 221220] -mcpu=cortex-m0 -mthumb -g -O"
 518      20726576 
 518      6973696F 
 518      6E203232 
 518      31323230 
 519 00f9 30202D66 		.ascii	"0 -ffunction-sections -ffat-lto-objects -fno-rtti -"
 519      66756E63 
 519      74696F6E 
 519      2D736563 
 519      74696F6E 
 520 012c 666E6F2D 		.ascii	"fno-exceptions -funsigned-char -funsigned-bitfields"
 520      65786365 
 520      7074696F 
 520      6E73202D 
 520      66756E73 
 521 015f 202D6673 		.ascii	" -fshort-enums\000"
 521      686F7274 
 521      2D656E75 
 521      6D7300
 522              	.LASF22:
 523 016e 4932435F 		.ascii	"I2C_1_slOverFlowCount\000"
 523      315F736C 
 523      4F766572 
 523      466C6F77 
 523      436F756E 
 524              	.LASF13:
 525 0184 63686172 		.ascii	"char\000"
 525      00
 526              	.LASF4:
 527 0189 6C6F6E67 		.ascii	"long int\000"
 527      20696E74 
 527      00
 528              	.LASF19:
 529 0192 4932435F 		.ascii	"I2C_1_slStatus\000"
 529      315F736C 
ARM GAS  C:\Users\Chuck\AppData\Local\Temp\ccqjuDvb.s 			page 16


 529      53746174 
 529      757300
 530              	.LASF24:
 531 01a1 2E5C4765 		.ascii	".\\Generated_Source\\PSoC4\\I2C_1_I2C.c\000"
 531      6E657261 
 531      7465645F 
 531      536F7572 
 531      63655C50 
 532              	.LASF12:
 533 01c6 646F7562 		.ascii	"double\000"
 533      6C6500
 534              	.LASF20:
 535 01cd 4932435F 		.ascii	"I2C_1_slWrBufIndex\000"
 535      315F736C 
 535      57724275 
 535      66496E64 
 535      657800
 536              	.LASF14:
 537 01e0 72656733 		.ascii	"reg32\000"
 537      3200
 538              	.LASF16:
 539 01e6 4932435F 		.ascii	"I2C_1_I2CInit\000"
 539      315F4932 
 539      43496E69 
 539      7400
 540              	.LASF3:
 541 01f4 73686F72 		.ascii	"short unsigned int\000"
 541      7420756E 
 541      7369676E 
 541      65642069 
 541      6E7400
 542              	.LASF0:
 543 0207 7369676E 		.ascii	"signed char\000"
 543      65642063 
 543      68617200 
 544              	.LASF21:
 545 0213 4932435F 		.ascii	"I2C_1_slRdBufIndex\000"
 545      315F736C 
 545      52644275 
 545      66496E64 
 545      657800
 546              	.LASF11:
 547 0226 666C6F61 		.ascii	"float\000"
 547      7400
 548              	.LASF18:
 549 022c 4932435F 		.ascii	"I2C_1_state\000"
 549      315F7374 
 549      61746500 
 550              	.LASF2:
 551 0238 73686F72 		.ascii	"short int\000"
 551      7420696E 
 551      7400
 552              	.LASF15:
 553 0242 73697A65 		.ascii	"sizetype\000"
 553      74797065 
 553      00
 554              		.ident	"GCC: (GNU Tools for ARM Embedded Processors) 4.9.3 20150303 (release) [ARM/embedded-4_9-br
ARM GAS  C:\Users\Chuck\AppData\Local\Temp\ccqjuDvb.s 			page 17


