Archive member included because of file (symbol)

.\CortexM0\ARM_GCC_493\Debug\RosOnAStick.a(cyfitter_cfg.o)
                              .\CortexM0\ARM_GCC_493\Debug\Cm0Start.o (cyfitter_cfg)
.\CortexM0\ARM_GCC_493\Debug\RosOnAStick.a(ROSSerial_UART_Clock.o)
                              .\CortexM0\ARM_GCC_493\Debug\Uarts.o (ROSSerial_UART_Clock_SetFractionalDividerRegister)
.\CortexM0\ARM_GCC_493\Debug\RosOnAStick.a(ROSSerial_UART.o)
                              .\CortexM0\ARM_GCC_493\Debug\Uarts.o (ROSSerial_UART_Start)
.\CortexM0\ARM_GCC_493\Debug\RosOnAStick.a(ROSSerial_UART_SPI_UART.o)
                              .\CortexM0\ARM_GCC_493\Debug\Uarts.o (ROSSerial_UART_SpiUartReadRxData)
.\CortexM0\ARM_GCC_493\Debug\RosOnAStick.a(ROSSerial_UART_UART.o)
                              .\CortexM0\ARM_GCC_493\Debug\RosOnAStick.a(ROSSerial_UART.o) (ROSSerial_UART_UartInit)
.\CortexM0\ARM_GCC_493\Debug\RosOnAStick.a(P1_6.o)
                              .\CortexM0\ARM_GCC_493\Debug\Blink.o (P1_6_Write)
.\CortexM0\ARM_GCC_493\Debug\RosOnAStick.a(I2CMaster.o)
                              .\CortexM0\ARM_GCC_493\Debug\I2C_device.o (I2CMaster_Start)
.\CortexM0\ARM_GCC_493\Debug\RosOnAStick.a(I2CMaster_I2C.o)
                              .\CortexM0\ARM_GCC_493\Debug\RosOnAStick.a(I2CMaster.o) (I2CMaster_I2CInit)
.\CortexM0\ARM_GCC_493\Debug\RosOnAStick.a(I2CMaster_I2C_MASTER.o)
                              .\CortexM0\ARM_GCC_493\Debug\RosOnAStick.a(I2CMaster_I2C.o) (I2CMaster_mstrStatus)
.\CortexM0\ARM_GCC_493\Debug\RosOnAStick.a(ADC_SAR_SEQ.o)
                              .\CortexM0\ARM_GCC_493\Debug\ADC.o (ADC_SAR_SEQ_Start)
.\CortexM0\ARM_GCC_493\Debug\RosOnAStick.a(ADC_SAR_SEQ_INT.o)
                              .\CortexM0\ARM_GCC_493\Debug\RosOnAStick.a(ADC_SAR_SEQ.o) (ADC_SAR_SEQ_ISR)
.\CortexM0\ARM_GCC_493\Debug\RosOnAStick.a(PWM_1.o)
                              .\CortexM0\ARM_GCC_493\Debug\ServoControl.o (PWM_1_WriteCompare)
.\CortexM0\ARM_GCC_493\Debug\RosOnAStick.a(QuadDec_1.o)
                              .\CortexM0\ARM_GCC_493\Debug\Encoder.o (QuadDec_1_Start)
.\CortexM0\ARM_GCC_493\Debug\RosOnAStick.a(Quad_Clock.o)
                              .\CortexM0\ARM_GCC_493\Debug\Encoder.o (Quad_Clock_Start)
.\CortexM0\ARM_GCC_493\Debug\RosOnAStick.a(Stepper_Control.o)
                              .\CortexM0\ARM_GCC_493\Debug\StepperControl.o (Stepper_Control_Write)
.\CortexM0\ARM_GCC_493\Debug\RosOnAStick.a(UpDown.o)
                              .\CortexM0\ARM_GCC_493\Debug\UpDownCount.o (UpDown_WriteCounter)
.\CortexM0\ARM_GCC_493\Debug\RosOnAStick.a(Button_in.o)
                              .\CortexM0\ARM_GCC_493\Debug\button_example.o (Button_in_Read)
.\CortexM0\ARM_GCC_493\Debug\RosOnAStick.a(I2CMaster_sda.o)
                              .\CortexM0\ARM_GCC_493\Debug\RosOnAStick.a(I2CMaster_I2C_MASTER.o) (I2CMaster_sda_Read)
.\CortexM0\ARM_GCC_493\Debug\RosOnAStick.a(I2CMaster_scl.o)
                              .\CortexM0\ARM_GCC_493\Debug\RosOnAStick.a(I2CMaster_I2C_MASTER.o) (I2CMaster_scl_Write)
.\CortexM0\ARM_GCC_493\Debug\RosOnAStick.a(ADC_SAR_SEQ_IRQ.o)
                              .\CortexM0\ARM_GCC_493\Debug\ADC.o (ADC_SAR_SEQ_IRQ_StartEx)
.\CortexM0\ARM_GCC_493\Debug\RosOnAStick.a(CyBootAsmGnu.o)
                              .\CortexM0\ARM_GCC_493\Debug\RosOnAStick.a(PWM_1.o) (CyEnterCriticalSection)
.\CortexM0\ARM_GCC_493\Debug\RosOnAStick.a(CyLib.o)
                              .\CortexM0\ARM_GCC_493\Debug\RosOnAStick.a(cyfitter_cfg.o) (CySysClkWriteImoFreq)
.\CortexM0\ARM_GCC_493\Debug\RosOnAStick.a(ROSSerial_UART_SPI_UART_INT.o)
                              .\CortexM0\ARM_GCC_493\Debug\RosOnAStick.a(ROSSerial_UART_UART.o) (ROSSerial_UART_SPI_UART_ISR)
.\CortexM0\ARM_GCC_493\Debug\RosOnAStick.a(I2CMaster_I2C_INT.o)
                              .\CortexM0\ARM_GCC_493\Debug\RosOnAStick.a(I2CMaster_I2C.o) (I2CMaster_I2C_ISR)
c:/program files (x86)/cypress/psoc creator/3.3/psoc creator/import/gnu/arm/4.9.3/bin/../lib/gcc/arm-none-eabi/4.9.3/armv6-m\libgcc.a(_udivsi3.o)
                              .\CortexM0\ARM_GCC_493\Debug\main.o (__aeabi_uidiv)
c:/program files (x86)/cypress/psoc creator/3.3/psoc creator/import/gnu/arm/4.9.3/bin/../lib/gcc/arm-none-eabi/4.9.3/armv6-m\libgcc.a(_divsi3.o)
                              .\CortexM0\ARM_GCC_493\Debug\time.o (__aeabi_idiv)
c:/program files (x86)/cypress/psoc creator/3.3/psoc creator/import/gnu/arm/4.9.3/bin/../lib/gcc/arm-none-eabi/4.9.3/armv6-m\libgcc.a(_dvmd_tls.o)
                              c:/program files (x86)/cypress/psoc creator/3.3/psoc creator/import/gnu/arm/4.9.3/bin/../lib/gcc/arm-none-eabi/4.9.3/armv6-m\libgcc.a(_udivsi3.o) (__aeabi_idiv0)
c:/program files (x86)/cypress/psoc creator/3.3/psoc creator/import/gnu/arm/4.9.3/bin/../lib/gcc/arm-none-eabi/4.9.3/armv6-m\libgcc.a(_aeabi_ldivmod.o)
[...]
Memory Configuration

Name             Origin             Length             Attributes
rom              0x00000000         0x00008000         xr
ram              0x20000000         0x00001000         xrw
*default*        0x00000000         0xffffffff

Linker script and memory map

LOAD c:/program files (x86)/cypress/psoc creator/3.3/psoc creator/import/gnu/arm/4.9.3/bin/../lib/gcc/arm-none-eabi/4.9.3/armv6-m/crti.o
LOAD c:/program files (x86)/cypress/psoc creator/3.3/psoc creator/import/gnu/arm/4.9.3/bin/../lib/gcc/arm-none-eabi/4.9.3/armv6-m/crtbegin.o
LOAD c:/program files (x86)/cypress/psoc creator/3.3/psoc creator/import/gnu/arm/4.9.3/bin/../lib/gcc/arm-none-eabi/4.9.3/../../../../arm-none-eabi/lib/armv6-m/crt0.o
START GROUP
LOAD .\CortexM0\ARM_GCC_493\Debug\main.o
LOAD .\CortexM0\ARM_GCC_493\Debug\Uarts.o
LOAD .\CortexM0\ARM_GCC_493\Debug\cxxabi-compat.o
LOAD .\CortexM0\ARM_GCC_493\Debug\duration.o
LOAD .\CortexM0\ARM_GCC_493\Debug\init.o
LOAD .\CortexM0\ARM_GCC_493\Debug\isnprintf.o
LOAD .\CortexM0\ARM_GCC_493\Debug\SysTimer.o
LOAD .\CortexM0\ARM_GCC_493\Debug\time.o
LOAD .\CortexM0\ARM_GCC_493\Debug\Blink.o
LOAD .\CortexM0\ARM_GCC_493\Debug\HelloWorld.o
LOAD .\CortexM0\ARM_GCC_493\Debug\button_example.o
LOAD .\CortexM0\ARM_GCC_493\Debug\ServoControl.o
LOAD .\CortexM0\ARM_GCC_493\Debug\Encoder.o
LOAD .\CortexM0\ARM_GCC_493\Debug\StepperControl.o
LOAD .\CortexM0\ARM_GCC_493\Debug\UpDownCount.o
LOAD .\CortexM0\ARM_GCC_493\Debug\I2C_device.o
LOAD .\CortexM0\ARM_GCC_493\Debug\ADC.o
LOAD .\CortexM0\ARM_GCC_493\Debug\cybootloader.o
LOAD .\CortexM0\ARM_GCC_493\Debug\cymetadata.o
LOAD .\CortexM0\ARM_GCC_493\Debug\Cm0Start.o
LOAD .\CortexM0\ARM_GCC_493\Debug\RosOnAStick.a
LOAD C:\Program Files (x86)\Cypress\PSoC Creator\3.3\PSoC Creator\psoc\content\cycomponentlibrary\CyComponentLibrary.cylib\CortexM0\ARM_GCC_493\Debug\CyComponentLibrary.a
END GROUP
START GROUP
LOAD c:/program files (x86)/cypress/psoc creator/3.3/psoc creator/import/gnu/arm/4.9.3/bin/../lib/gcc/arm-none-eabi/4.9.3/armv6-m\libgcc.a
LOAD c:/program files (x86)/cypress/psoc creator/3.3/psoc creator/import/gnu/arm/4.9.3/bin/../lib/gcc/arm-none-eabi/4.9.3/../../../../arm-none-eabi/lib/armv6-m\libg_nano.a
LOAD c:/program files (x86)/cypress/psoc creator/3.3/psoc creator/import/gnu/arm/4.9.3/bin/../lib/gcc/arm-none-eabi/4.9.3/../../../../arm-none-eabi/lib/armv6-m\libc_nano.a
END GROUP
START GROUP
LOAD c:/program files (x86)/cypress/psoc creator/3.3/psoc creator/import/gnu/arm/4.9.3/bin/../lib/gcc/arm-none-eabi/4.9.3/armv6-m\libgcc.a
LOAD c:/program files (x86)/cypress/psoc creator/3.3/psoc creator/import/gnu/arm/4.9.3/bin/../lib/gcc/arm-none-eabi/4.9.3/../../../../arm-none-eabi/lib/armv6-m\libc_nano.a
END GROUP
LOAD c:/program files (x86)/cypress/psoc creator/3.3/psoc creator/import/gnu/arm/4.9.3/bin/../lib/gcc/arm-none-eabi/4.9.3/armv6-m/crtend.o
LOAD c:/program files (x86)/cypress/psoc creator/3.3/psoc creator/import/gnu/arm/4.9.3/bin/../lib/gcc/arm-none-eabi/4.9.3/armv6-m/crtn.o
START GROUP
LOAD c:/program files (x86)/cypress/psoc creator/3.3/psoc creator/import/gnu/arm/4.9.3/bin/../lib/gcc/arm-none-eabi/4.9.3/armv6-m\libgcc.a
LOAD c:/program files (x86)/cypress/psoc creator/3.3/psoc creator/import/gnu/arm/4.9.3/bin/../lib/gcc/arm-none-eabi/4.9.3/../../../../arm-none-eabi/lib/armv6-m\libc.a
LOAD c:/program files (x86)/cypress/psoc creator/3.3/psoc creator/import/gnu/arm/4.9.3/bin/../lib/gcc/arm-none-eabi/4.9.3/../../../../arm-none-eabi/lib/armv6-m\libnosys.a
END GROUP
                0x00000000                CY_APPL_ORIGIN = 0x0
                0x00000080                CY_FLASH_ROW_SIZE = 0x80
                0x00000001                CY_APPL_NUM = 0x1
                0x00000040                CY_METADATA_SIZE = 0x40
                0x200006f8                PROVIDE (__cy_heap_start, _end)
                0x00000001                PROVIDE (__cy_region_num, ((__cy_regions_end - __cy_regions) / 0x10))
                0x20001000                PROVIDE (__cy_stack, (ORIGIN (ram) + 0x1000))
                0x20000c00                PROVIDE (__cy_heap_end, (__cy_stack - 0x400))

.cybootloader   0x00000000     0x1080
 *(.cybootloader)
 .cybootloader  0x00000000     0x1080 .\CortexM0\ARM_GCC_493\Debug\cybootloader.o
                0x00000000                cy_bootloader
                0x00001080                appl1_start = CY_APPL_ORIGIN?CY_APPL_ORIGIN:ALIGN (CY_FLASH_ROW_SIZE)
                0x00004800                appl2_start = (appl1_start + ALIGN ((((0x8000 - appl1_start) - (0x2 * CY_FLASH_ROW_SIZE)) / 0x2), CY_FLASH_ROW_SIZE))
                0x00001080                appl_start = (CY_APPL_NUM == 0x1)?appl1_start:appl2_start

.text           0x00001080     0x5a88
 CREATE_OBJECT_SYMBOLS
                0x00001080                PROVIDE (__cy_interrupt_vector, RomVectors)
 *(.romvectors)
 .romvectors    0x00001080       0x10 .\CortexM0\ARM_GCC_493\Debug\Cm0Start.o
                0x00001080                RomVectors
                0x00000001                ASSERT ((. != __cy_interrupt_vector), No interrupt vector)
                0x00000001                ASSERT (CY_APPL_ORIGIN?(SIZEOF (.cybootloader) <= CY_APPL_ORIGIN):0x1, Wrong image location)
                0x00001090                PROVIDE (__cy_reset, Reset)
 *(.text.Reset)
 .text.Reset    0x00001090       0x14 .\CortexM0\ARM_GCC_493\Debug\Cm0Start.o
                0x00001090                Reset
                0x00000001                ASSERT ((. != __cy_reset), No reset code)
 *(.psocinit)
 .psocinit      0x000010a4      0x300 .\CortexM0\ARM_GCC_493\Debug\RosOnAStick.a(cyfitter_cfg.o)
                0x000011a4                cyfitter_cfg
                0x000013a4                . = MAX (., 0x100)
 *(.text .text.* .gnu.linkonce.t.*)
 .text          0x000013a4       0x60 c:/program files (x86)/cypress/psoc creator/3.3/psoc creator/import/gnu/arm/4.9.3/bin/../lib/gcc/arm-none-eabi/4.9.3/armv6-m/crtbegin.o
 .text._ZN3ros4TimeC2Ev
                0x00001404       0x20 .\CortexM0\ARM_GCC_493\Debug\main.o
                0x00001404                ros::Time::Time()
                0x00001404                ros::Time::Time()
 .text._ZN3ros3MsgC2Ev
                0x00001424       0x1c .\CortexM0\ARM_GCC_493\Debug\main.o
                0x00001424                ros::Msg::Msg()
                0x00001424                ros::Msg::Msg()
 .text._ZN8std_msgs4TimeC2Ev
                0x00001440       0x30 .\CortexM0\ARM_GCC_493\Debug\main.o
                0x00001440                std_msgs::Time::Time()
                0x00001440                std_msgs::Time::Time()
 .text._ZNK8std_msgs4Time9serializeEPh
                0x00001470       0xac .\CortexM0\ARM_GCC_493\Debug\main.o
                0x00001470                std_msgs::Time::serialize(unsigned char*) const
 .text._ZN8std_msgs4Time11deserializeEPh
                0x0000151c       0xc4 .\CortexM0\ARM_GCC_493\Debug\main.o
                0x0000151c                std_msgs::Time::deserialize(unsigned char*)
 .text._ZN8std_msgs4Time7getTypeEv
                0x000015e0       0x18 .\CortexM0\ARM_GCC_493\Debug\main.o
                0x000015e0                std_msgs::Time::getType()
 .text._ZN8std_msgs4Time6getMD5Ev
                0x000015f8       0x18 .\CortexM0\ARM_GCC_493\Debug\main.o
                0x000015f8                std_msgs::Time::getMD5()
 .text._ZN14rosserial_msgs9TopicInfoC2Ev
                0x00001610       0x48 .\CortexM0\ARM_GCC_493\Debug\main.o
                0x00001610                rosserial_msgs::TopicInfo::TopicInfo()
                0x00001610                rosserial_msgs::TopicInfo::TopicInfo()
 .text._ZNK14rosserial_msgs9TopicInfo9serializeEPh
                0x00001658      0x15c .\CortexM0\ARM_GCC_493\Debug\main.o
                0x00001658                rosserial_msgs::TopicInfo::serialize(unsigned char*) const
 .text._ZN14rosserial_msgs9TopicInfo11deserializeEPh
                0x000017b4      0x1d8 .\CortexM0\ARM_GCC_493\Debug\main.o
                0x000017b4                rosserial_msgs::TopicInfo::deserialize(unsigned char*)
 .text._ZN14rosserial_msgs9TopicInfo7getTypeEv
                0x0000198c       0x18 .\CortexM0\ARM_GCC_493\Debug\main.o
                0x0000198c                rosserial_msgs::TopicInfo::getType()
 .text._ZN14rosserial_msgs9TopicInfo6getMD5Ev
                0x000019a4       0x18 .\CortexM0\ARM_GCC_493\Debug\main.o
                0x000019a4                rosserial_msgs::TopicInfo::getMD5()
 .text._ZN14rosserial_msgs3LogC2Ev
                0x000019bc       0x34 .\CortexM0\ARM_GCC_493\Debug\main.o
                0x000019bc                rosserial_msgs::Log::Log()
                0x000019bc                rosserial_msgs::Log::Log()
 .text._ZNK14rosserial_msgs3Log9serializeEPh
                0x000019f0       0x70 .\CortexM0\ARM_GCC_493\Debug\main.o
                0x000019f0                rosserial_msgs::Log::serialize(unsigned char*) const
 .text._ZN14rosserial_msgs3Log11deserializeEPh
                0x00001a60       0x94 .\CortexM0\ARM_GCC_493\Debug\main.o
                0x00001a60                rosserial_msgs::Log::deserialize(unsigned char*)
 .text._ZN14rosserial_msgs3Log7getTypeEv
                0x00001af4       0x18 .\CortexM0\ARM_GCC_493\Debug\main.o
                0x00001af4                rosserial_msgs::Log::getType()
 .text._ZN14rosserial_msgs3Log6getMD5Ev
                0x00001b0c       0x18 .\CortexM0\ARM_GCC_493\Debug\main.o
                0x00001b0c                rosserial_msgs::Log::getMD5()
 .text._ZN14rosserial_msgs20RequestParamResponseC2Ev
                0x00001b24       0x48 .\CortexM0\ARM_GCC_493\Debug\main.o
                0x00001b24                rosserial_msgs::RequestParamResponse::RequestParamResponse()
                0x00001b24                rosserial_msgs::RequestParamResponse::RequestParamResponse()
 .text._ZNK14rosserial_msgs20RequestParamResponse9serializeEPh
                0x00001b6c      0x258 .\CortexM0\ARM_GCC_493\Debug\main.o
                0x00001b6c                rosserial_msgs::RequestParamResponse::serialize(unsigned char*) const
 .text._ZN14rosserial_msgs20RequestParamResponse11deserializeEPh
                0x00001dc4      0x2b4 .\CortexM0\ARM_GCC_493\Debug\main.o
                0x00001dc4                rosserial_msgs::RequestParamResponse::deserialize(unsigned char*)
 .text._ZN14rosserial_msgs20RequestParamResponse7getTypeEv
                0x00002078       0x18 .\CortexM0\ARM_GCC_493\Debug\main.o
                0x00002078                rosserial_msgs::RequestParamResponse::getType()
 .text._ZN14rosserial_msgs20RequestParamResponse6getMD5Ev
                0x00002090       0x18 .\CortexM0\ARM_GCC_493\Debug\main.o
                0x00002090                rosserial_msgs::RequestParamResponse::getMD5()
 .text._ZN3ros9Publisher15getEndpointTypeEv
                0x000020a8       0x14 .\CortexM0\ARM_GCC_493\Debug\main.o
                0x000020a8                ros::Publisher::getEndpointType()
 .text._ZN8SysTimer6millisEv
                0x000020bc       0x14 .\CortexM0\ARM_GCC_493\Debug\main.o
                0x000020bc                SysTimer::millis()
 .text._ZN13Psoc4HardwareC2Ev
                0x000020d0       0x24 .\CortexM0\ARM_GCC_493\Debug\main.o
                0x000020d0                Psoc4Hardware::Psoc4Hardware()
                0x000020d0                Psoc4Hardware::Psoc4Hardware()
 .text._ZN13Psoc4Hardware4initEv
                0x000020f4       0x24 .\CortexM0\ARM_GCC_493\Debug\main.o
                0x000020f4                Psoc4Hardware::init()
 .text._ZN13Psoc4Hardware4readEv
                0x00002118       0x24 .\CortexM0\ARM_GCC_493\Debug\main.o
                0x00002118                Psoc4Hardware::read()
 .text._ZN13Psoc4Hardware5writeEPhi
                0x0000213c       0x40 .\CortexM0\ARM_GCC_493\Debug\main.o
                0x0000213c                Psoc4Hardware::write(unsigned char*, int)
 .text._ZN13Psoc4Hardware4timeEv
                0x0000217c       0x18 .\CortexM0\ARM_GCC_493\Debug\main.o
                0x0000217c                Psoc4Hardware::time()
 .text.main     0x00002194       0x60 .\CortexM0\ARM_GCC_493\Debug\main.o
                0x00002194                main
 .text._ZN3ros15NodeHandleBase_C2Ev
                0x000021f4       0x1c .\CortexM0\ARM_GCC_493\Debug\main.o
                0x000021f4                ros::NodeHandleBase_::NodeHandleBase_()
                0x000021f4                ros::NodeHandleBase_::NodeHandleBase_()
 .text._ZN3ros11NodeHandle_I13Psoc4HardwareLi10ELi20ELi200ELi200EEC2Ev
                0x00002210      0x100 .\CortexM0\ARM_GCC_493\Debug\main.o
                0x00002210                ros::NodeHandle_<Psoc4Hardware, 10, 20, 200, 200>::NodeHandle_()
                0x00002210                ros::NodeHandle_<Psoc4Hardware, 10, 20, 200, 200>::NodeHandle_()
 .text._ZN3ros11NodeHandle_I13Psoc4HardwareLi10ELi20ELi200ELi200EE8initNodeEv
                0x00002310       0x40 .\CortexM0\ARM_GCC_493\Debug\main.o
                0x00002310                ros::NodeHandle_<Psoc4Hardware, 10, 20, 200, 200>::initNode()
 .text._ZN3ros11NodeHandle_I13Psoc4HardwareLi10ELi20ELi200ELi200EE8spinOnceEv
                0x00002350      0x424 .\CortexM0\ARM_GCC_493\Debug\main.o
                0x00002350                ros::NodeHandle_<Psoc4Hardware, 10, 20, 200, 200>::spinOnce()
 .text._ZN3ros11NodeHandle_I13Psoc4HardwareLi10ELi20ELi200ELi200EE15requestSyncTimeEv
                0x00002774       0x3c .\CortexM0\ARM_GCC_493\Debug\main.o
                0x00002774                ros::NodeHandle_<Psoc4Hardware, 10, 20, 200, 200>::requestSyncTime()
 .text._ZN3ros11NodeHandle_I13Psoc4HardwareLi10ELi20ELi200ELi200EE15negotiateTopicsEv
                0x000027b0      0x1b4 .\CortexM0\ARM_GCC_493\Debug\main.o
                0x000027b0                ros::NodeHandle_<Psoc4Hardware, 10, 20, 200, 200>::negotiateTopics()
 .text._ZN3ros11NodeHandle_I13Psoc4HardwareLi10ELi20ELi200ELi200EE8syncTimeEPh
                0x00002964       0xa4 .\CortexM0\ARM_GCC_493\Debug\main.o
                0x00002964                ros::NodeHandle_<Psoc4Hardware, 10, 20, 200, 200>::syncTime(unsigned char*)
 .text._ZN3ros11NodeHandle_I13Psoc4HardwareLi10ELi20ELi200ELi200EE7publishEiPKNS_3MsgE
                0x00002a08      0x134 .\CortexM0\ARM_GCC_493\Debug\main.o
                0x00002a08                ros::NodeHandle_<Psoc4Hardware, 10, 20, 200, 200>::publish(int, ros::Msg const*)
 .text._ZN3ros11NodeHandle_I13Psoc4HardwareLi10ELi20ELi200ELi200EE6setNowERNS_4TimeE
                0x00002b3c       0x74 .\CortexM0\ARM_GCC_493\Debug\main.o
                0x00002b3c                ros::NodeHandle_<Psoc4Hardware, 10, 20, 200, 200>::setNow(ros::Time&)
 .text._ZN3ros11NodeHandle_I13Psoc4HardwareLi10ELi20ELi200ELi200EE8logerrorEPKc
                0x00002bb0       0x20 .\CortexM0\ARM_GCC_493\Debug\main.o
                0x00002bb0                ros::NodeHandle_<Psoc4Hardware, 10, 20, 200, 200>::logerror(char const*)
 .text._ZN3ros11NodeHandle_I13Psoc4HardwareLi10ELi20ELi200ELi200EE3logEcPKc
                0x00002bd0       0x48 .\CortexM0\ARM_GCC_493\Debug\main.o
                0x00002bd0                ros::NodeHandle_<Psoc4Hardware, 10, 20, 200, 200>::log(char, char const*)
 .text._Z41__static_initialization_and_destruction_0ii
                0x00002c18       0x30 .\CortexM0\ARM_GCC_493\Debug\main.o
 .text._ZN3ros11NodeHandle_I13Psoc4HardwareLi10ELi20ELi200ELi200EE9connectedEv
                0x00002c48       0x18 .\CortexM0\ARM_GCC_493\Debug\main.o
                0x00002c48                ros::NodeHandle_<Psoc4Hardware, 10, 20, 200, 200>::connected()
 .text._GLOBAL__sub_I_nh
                0x00002c60       0x18 .\CortexM0\ARM_GCC_493\Debug\main.o
 .text._ZN4Uart5beginEm
                0x00002c78       0x48 .\CortexM0\ARM_GCC_493\Debug\Uarts.o
                0x00002c78                Uart::begin(unsigned long)
 .text._ZN4Uart4readEv
                0x00002cc0       0x50 .\CortexM0\ARM_GCC_493\Debug\Uarts.o
                0x00002cc0                Uart::read()
 .text._ZN4Uart5writeEh
                0x00002d10       0x24 .\CortexM0\ARM_GCC_493\Debug\Uarts.o
                0x00002d10                Uart::write(unsigned char)
 .text._ZN14HardwareSerialC2Ev
                0x00002d34       0x1c .\CortexM0\ARM_GCC_493\Debug\Uarts.o
                0x00002d34                HardwareSerial::HardwareSerial()
                0x00002d34                HardwareSerial::HardwareSerial()
 .text._ZN4UartC2Ev
                0x00002d50       0x24 .\CortexM0\ARM_GCC_493\Debug\Uarts.o
                0x00002d50                Uart::Uart()
                0x00002d50                Uart::Uart()
 .text._Z41__static_initialization_and_destruction_0ii
                0x00002d74       0x30 .\CortexM0\ARM_GCC_493\Debug\Uarts.o
 .text._GLOBAL__sub_I__ZN4Uart5beginEm
                0x00002da4       0x18 .\CortexM0\ARM_GCC_493\Debug\Uarts.o
 .text.__cxa_pure_virtual
                0x00002dbc        0x8 .\CortexM0\ARM_GCC_493\Debug\cxxabi-compat.o
                0x00002dbc                __cxa_pure_virtual
 .text._ZN8SysTimer4initEv
                0x00002dc4       0x20 .\CortexM0\ARM_GCC_493\Debug\init.o
                0x00002dc4                SysTimer::init()
 .text.NVIC_SetPriority
                0x00002de4       0xd4 .\CortexM0\ARM_GCC_493\Debug\init.o
 .text.SysTick_Config
                0x00002eb8       0x48 .\CortexM0\ARM_GCC_493\Debug\init.o
 .text._Z4initv
                0x00002f00       0x1c .\CortexM0\ARM_GCC_493\Debug\init.o
                0x00002f00                init()
 .text._Z11SysTick_ISRv
                0x00002f1c       0x18 .\CortexM0\ARM_GCC_493\Debug\SysTimer.o
                0x00002f1c                SysTick_ISR()
 .text._ZN3ros16normalizeSecNSecERmS0_
                0x00002f34       0x48 .\CortexM0\ARM_GCC_493\Debug\time.o
                0x00002f34                ros::normalizeSecNSec(unsigned long&, unsigned long&)
 .text._ZN8std_msgs5EmptyC2Ev
                0x00002f7c       0x24 .\CortexM0\ARM_GCC_493\Debug\Blink.o
                0x00002f7c                std_msgs::Empty::Empty()
                0x00002f7c                std_msgs::Empty::Empty()
 .text._ZNK8std_msgs5Empty9serializeEPh
                0x00002fa0       0x18 .\CortexM0\ARM_GCC_493\Debug\Blink.o
                0x00002fa0                std_msgs::Empty::serialize(unsigned char*) const
 .text._ZN8std_msgs5Empty11deserializeEPh
                0x00002fb8       0x18 .\CortexM0\ARM_GCC_493\Debug\Blink.o
                0x00002fb8                std_msgs::Empty::deserialize(unsigned char*)
 .text._ZN8std_msgs5Empty7getTypeEv
                0x00002fd0       0x18 .\CortexM0\ARM_GCC_493\Debug\Blink.o
                0x00002fd0                std_msgs::Empty::getType()
 .text._ZN8std_msgs5Empty6getMD5Ev
                0x00002fe8       0x18 .\CortexM0\ARM_GCC_493\Debug\Blink.o
                0x00002fe8                std_msgs::Empty::getMD5()
 .text._ZN5Blink9messageCbERKN8std_msgs5EmptyE
                0x00003000       0x20 .\CortexM0\ARM_GCC_493\Debug\Blink.o
                0x00003000                Blink::messageCb(std_msgs::Empty const&)
 .text._ZN5Blink5setupEv
                0x00003020       0x30 .\CortexM0\ARM_GCC_493\Debug\Blink.o
                0x00003020                Blink::setup()
 .text._ZN5Blink4loopEv
                0x00003050       0x18 .\CortexM0\ARM_GCC_493\Debug\Blink.o
                0x00003050                Blink::loop()
 .text._ZN3ros11Subscriber_C2Ev
                0x00003068       0x1c .\CortexM0\ARM_GCC_493\Debug\Blink.o
                0x00003068                ros::Subscriber_::Subscriber_()
                0x00003068                ros::Subscriber_::Subscriber_()
 .text._ZN3ros10SubscriberIN8std_msgs5EmptyEEC2EPKcPFvRKS2_Ei
                0x00003084       0x4c .\CortexM0\ARM_GCC_493\Debug\Blink.o
                0x00003084                ros::Subscriber<std_msgs::Empty>::Subscriber(char const*, void (*)(std_msgs::Empty const&), int)
                0x00003084                ros::Subscriber<std_msgs::Empty>::Subscriber(char const*, void (*)(std_msgs::Empty const&), int)
 .text._ZN3ros11NodeHandle_I13Psoc4HardwareLi10ELi20ELi200ELi200EE9subscribeIN8std_msgs5EmptyEEEbRNS_10SubscriberIT_EE
                0x000030d0       0x50 .\CortexM0\ARM_GCC_493\Debug\Blink.o
                0x000030d0                bool ros::NodeHandle_<Psoc4Hardware, 10, 20, 200, 200>::subscribe<std_msgs::Empty>(ros::Subscriber<std_msgs::Empty>&)
 .text._Z41__static_initialization_and_destruction_0ii
                0x00003120       0x40 .\CortexM0\ARM_GCC_493\Debug\Blink.o
 .text._ZN3ros10SubscriberIN8std_msgs5EmptyEE8callbackEPh
                0x00003160       0x4c .\CortexM0\ARM_GCC_493\Debug\Blink.o
                0x00003160                ros::Subscriber<std_msgs::Empty>::callback(unsigned char*)
 .text._ZN3ros10SubscriberIN8std_msgs5EmptyEE15getEndpointTypeEv
                0x000031ac       0x14 .\CortexM0\ARM_GCC_493\Debug\Blink.o
                0x000031ac                ros::Subscriber<std_msgs::Empty>::getEndpointType()
 .text._ZN3ros10SubscriberIN8std_msgs5EmptyEE10getMsgTypeEv
                0x000031c0       0x1c .\CortexM0\ARM_GCC_493\Debug\Blink.o
                0x000031c0                ros::Subscriber<std_msgs::Empty>::getMsgType()
 .text._ZN3ros10SubscriberIN8std_msgs5EmptyEE9getMsgMD5Ev
                0x000031dc       0x1c .\CortexM0\ARM_GCC_493\Debug\Blink.o
                0x000031dc                ros::Subscriber<std_msgs::Empty>::getMsgMD5()
 .text._GLOBAL__sub_I__ZN5Blink5ledOnE
                0x000031f8       0x18 .\CortexM0\ARM_GCC_493\Debug\Blink.o
 .text._ZN3ros9PublisherC2EPKcPNS_3MsgEi
                0x00003210       0x2c .\CortexM0\ARM_GCC_493\Debug\HelloWorld.o
                0x00003210                ros::Publisher::Publisher(char const*, ros::Msg*, int)
                0x00003210                ros::Publisher::Publisher(char const*, ros::Msg*, int)
 .text._ZN3ros9Publisher7publishEPKNS_3MsgE
                0x0000323c       0x30 .\CortexM0\ARM_GCC_493\Debug\HelloWorld.o
                0x0000323c                ros::Publisher::publish(ros::Msg const*)
 .text._ZN8std_msgs6StringC2Ev
                0x0000326c       0x30 .\CortexM0\ARM_GCC_493\Debug\HelloWorld.o
                0x0000326c                std_msgs::String::String()
                0x0000326c                std_msgs::String::String()
 .text._ZNK8std_msgs6String9serializeEPh
                0x0000329c       0x60 .\CortexM0\ARM_GCC_493\Debug\HelloWorld.o
                0x0000329c                std_msgs::String::serialize(unsigned char*) const
 .text._ZN8std_msgs6String11deserializeEPh
                0x000032fc       0x80 .\CortexM0\ARM_GCC_493\Debug\HelloWorld.o
                0x000032fc                std_msgs::String::deserialize(unsigned char*)
 .text._ZN8std_msgs6String7getTypeEv
                0x0000337c       0x18 .\CortexM0\ARM_GCC_493\Debug\HelloWorld.o
                0x0000337c                std_msgs::String::getType()
 .text._ZN8std_msgs6String6getMD5Ev
                0x00003394       0x18 .\CortexM0\ARM_GCC_493\Debug\HelloWorld.o
                0x00003394                std_msgs::String::getMD5()
 .text._ZN10HelloWorld5setupEv
                0x000033ac       0x2c .\CortexM0\ARM_GCC_493\Debug\HelloWorld.o
                0x000033ac                HelloWorld::setup()
 .text._ZN10HelloWorld4loopEv
                0x000033d8       0x50 .\CortexM0\ARM_GCC_493\Debug\HelloWorld.o
                0x000033d8                HelloWorld::loop()
 .text._ZN3ros11NodeHandle_I13Psoc4HardwareLi10ELi20ELi200ELi200EE9advertiseERNS_9PublisherE
                0x00003428       0x54 .\CortexM0\ARM_GCC_493\Debug\HelloWorld.o
                0x00003428                ros::NodeHandle_<Psoc4Hardware, 10, 20, 200, 200>::advertise(ros::Publisher&)
 .text._Z41__static_initialization_and_destruction_0ii
                0x0000347c       0x48 .\CortexM0\ARM_GCC_493\Debug\HelloWorld.o
 .text._GLOBAL__sub_I__ZN10HelloWorld7str_msgE
                0x000034c4       0x18 .\CortexM0\ARM_GCC_493\Debug\HelloWorld.o
 .text._ZN8std_msgs4BoolC2Ev
                0x000034dc       0x2c .\CortexM0\ARM_GCC_493\Debug\button_example.o
                0x000034dc                std_msgs::Bool::Bool()
                0x000034dc                std_msgs::Bool::Bool()
 .text._ZNK8std_msgs4Bool9serializeEPh
                0x00003508       0x38 .\CortexM0\ARM_GCC_493\Debug\button_example.o
                0x00003508                std_msgs::Bool::serialize(unsigned char*) const
 .text._ZN8std_msgs4Bool11deserializeEPh
                0x00003540       0x48 .\CortexM0\ARM_GCC_493\Debug\button_example.o
                0x00003540                std_msgs::Bool::deserialize(unsigned char*)
 .text._ZN8std_msgs4Bool7getTypeEv
                0x00003588       0x18 .\CortexM0\ARM_GCC_493\Debug\button_example.o
                0x00003588                std_msgs::Bool::getType()
 .text._ZN8std_msgs4Bool6getMD5Ev
                0x000035a0       0x18 .\CortexM0\ARM_GCC_493\Debug\button_example.o
                0x000035a0                std_msgs::Bool::getMD5()
 .text._ZN6Button5setupEv
                0x000035b8       0x30 .\CortexM0\ARM_GCC_493\Debug\button_example.o
                0x000035b8                Button::setup()
 .text._ZN6Button4loopEv
                0x000035e8       0xc0 .\CortexM0\ARM_GCC_493\Debug\button_example.o
                0x000035e8                Button::loop()
 .text._ZN3ros11NodeHandle_I13Psoc4HardwareLi10ELi20ELi200ELi200EE7loginfoEPKc
                0x000036a8       0x20 .\CortexM0\ARM_GCC_493\Debug\button_example.o
                0x000036a8                ros::NodeHandle_<Psoc4Hardware, 10, 20, 200, 200>::loginfo(char const*)
 .text._Z41__static_initialization_and_destruction_0ii
                0x000036c8       0x48 .\CortexM0\ARM_GCC_493\Debug\button_example.o
 .text._GLOBAL__sub_I__ZN6Button10pushed_msgE
                0x00003710       0x18 .\CortexM0\ARM_GCC_493\Debug\button_example.o
 .text._ZN8std_msgs6UInt16C2Ev
                0x00003728       0x2c .\CortexM0\ARM_GCC_493\Debug\ServoControl.o
                0x00003728                std_msgs::UInt16::UInt16()
                0x00003728                std_msgs::UInt16::UInt16()
 .text._ZNK8std_msgs6UInt169serializeEPh
                0x00003754       0x40 .\CortexM0\ARM_GCC_493\Debug\ServoControl.o
                0x00003754                std_msgs::UInt16::serialize(unsigned char*) const
 .text._ZN8std_msgs6UInt1611deserializeEPh
                0x00003794       0x4c .\CortexM0\ARM_GCC_493\Debug\ServoControl.o
                0x00003794                std_msgs::UInt16::deserialize(unsigned char*)
 .text._ZN8std_msgs6UInt167getTypeEv
                0x000037e0       0x18 .\CortexM0\ARM_GCC_493\Debug\ServoControl.o
                0x000037e0                std_msgs::UInt16::getType()
 .text._ZN8std_msgs6UInt166getMD5Ev
                0x000037f8       0x18 .\CortexM0\ARM_GCC_493\Debug\ServoControl.o
                0x000037f8                std_msgs::UInt16::getMD5()
 .text._ZN12ServoControl11servo_us_cbERKN8std_msgs6UInt16E
                0x00003810       0x54 .\CortexM0\ARM_GCC_493\Debug\ServoControl.o
                0x00003810                ServoControl::servo_us_cb(std_msgs::UInt16 const&)
 .text._ZN12ServoControl5setupEv
                0x00003864       0x20 .\CortexM0\ARM_GCC_493\Debug\ServoControl.o
                0x00003864                ServoControl::setup()
 .text._ZN12ServoControl4loopEv
                0x00003884        0x8 .\CortexM0\ARM_GCC_493\Debug\ServoControl.o
                0x00003884                ServoControl::loop()
 .text._ZN3ros10SubscriberIN8std_msgs6UInt16EEC2EPKcPFvRKS2_Ei
                0x0000388c       0x4c .\CortexM0\ARM_GCC_493\Debug\ServoControl.o
                0x0000388c                ros::Subscriber<std_msgs::UInt16>::Subscriber(char const*, void (*)(std_msgs::UInt16 const&), int)
                0x0000388c                ros::Subscriber<std_msgs::UInt16>::Subscriber(char const*, void (*)(std_msgs::UInt16 const&), int)
 .text._ZN3ros11NodeHandle_I13Psoc4HardwareLi10ELi20ELi200ELi200EE9subscribeIN8std_msgs6UInt16EEEbRNS_10SubscriberIT_EE
                0x000038d8       0x50 .\CortexM0\ARM_GCC_493\Debug\ServoControl.o
                0x000038d8                bool ros::NodeHandle_<Psoc4Hardware, 10, 20, 200, 200>::subscribe<std_msgs::UInt16>(ros::Subscriber<std_msgs::UInt16>&)
 .text._Z41__static_initialization_and_destruction_0ii
                0x00003928       0x40 .\CortexM0\ARM_GCC_493\Debug\ServoControl.o
 .text._ZN3ros10SubscriberIN8std_msgs6UInt16EE8callbackEPh
                0x00003968       0x4c .\CortexM0\ARM_GCC_493\Debug\ServoControl.o
                0x00003968                ros::Subscriber<std_msgs::UInt16>::callback(unsigned char*)
 .text._ZN3ros10SubscriberIN8std_msgs6UInt16EE15getEndpointTypeEv
                0x000039b4       0x14 .\CortexM0\ARM_GCC_493\Debug\ServoControl.o
                0x000039b4                ros::Subscriber<std_msgs::UInt16>::getEndpointType()
 .text._ZN3ros10SubscriberIN8std_msgs6UInt16EE10getMsgTypeEv
                0x000039c8       0x1c .\CortexM0\ARM_GCC_493\Debug\ServoControl.o
                0x000039c8                ros::Subscriber<std_msgs::UInt16>::getMsgType()
 .text._ZN3ros10SubscriberIN8std_msgs6UInt16EE9getMsgMD5Ev
                0x000039e4       0x1c .\CortexM0\ARM_GCC_493\Debug\ServoControl.o
                0x000039e4                ros::Subscriber<std_msgs::UInt16>::getMsgMD5()
 .text._GLOBAL__sub_I__ZN12ServoControl11servo_us_cbERKN8std_msgs6UInt16E
                0x00003a00       0x18 .\CortexM0\ARM_GCC_493\Debug\ServoControl.o
 .text._ZN8std_msgs5Int32C2Ev
                0x00003a18       0x2c .\CortexM0\ARM_GCC_493\Debug\Encoder.o
                0x00003a18                std_msgs::Int32::Int32()
                0x00003a18                std_msgs::Int32::Int32()
 .text._ZNK8std_msgs5Int329serializeEPh
                0x00003a44       0x60 .\CortexM0\ARM_GCC_493\Debug\Encoder.o
                0x00003a44                std_msgs::Int32::serialize(unsigned char*) const
 .text._ZN8std_msgs5Int3211deserializeEPh
                0x00003aa4       0x6c .\CortexM0\ARM_GCC_493\Debug\Encoder.o
                0x00003aa4                std_msgs::Int32::deserialize(unsigned char*)
 .text._ZN8std_msgs5Int327getTypeEv
                0x00003b10       0x18 .\CortexM0\ARM_GCC_493\Debug\Encoder.o
                0x00003b10                std_msgs::Int32::getType()
 .text._ZN8std_msgs5Int326getMD5Ev
                0x00003b28       0x18 .\CortexM0\ARM_GCC_493\Debug\Encoder.o
                0x00003b28                std_msgs::Int32::getMD5()
 .text._ZN8std_msgs5Int16C2Ev
                0x00003b40       0x2c .\CortexM0\ARM_GCC_493\Debug\Encoder.o
                0x00003b40                std_msgs::Int16::Int16()
                0x00003b40                std_msgs::Int16::Int16()
 .text._ZNK8std_msgs5Int169serializeEPh
                0x00003b6c       0x50 .\CortexM0\ARM_GCC_493\Debug\Encoder.o
                0x00003b6c                std_msgs::Int16::serialize(unsigned char*) const
 .text._ZN8std_msgs5Int1611deserializeEPh
                0x00003bbc       0x70 .\CortexM0\ARM_GCC_493\Debug\Encoder.o
                0x00003bbc                std_msgs::Int16::deserialize(unsigned char*)
 .text._ZN8std_msgs5Int167getTypeEv
                0x00003c2c       0x18 .\CortexM0\ARM_GCC_493\Debug\Encoder.o
                0x00003c2c                std_msgs::Int16::getType()
 .text._ZN8std_msgs5Int166getMD5Ev
                0x00003c44       0x18 .\CortexM0\ARM_GCC_493\Debug\Encoder.o
                0x00003c44                std_msgs::Int16::getMD5()
 .text._ZN7Encoder5setupEv
                0x00003c5c       0x6c .\CortexM0\ARM_GCC_493\Debug\Encoder.o
                0x00003c5c                Encoder::setup()
 .text._ZN7Encoder12read_counterEv
                0x00003cc8       0x88 .\CortexM0\ARM_GCC_493\Debug\Encoder.o
                0x00003cc8                Encoder::read_counter()
 .text._ZN7Encoder4loopEv
                0x00003d50       0x88 .\CortexM0\ARM_GCC_493\Debug\Encoder.o
                0x00003d50                Encoder::loop()
 .text._Z41__static_initialization_and_destruction_0ii
                0x00003dd8       0x70 .\CortexM0\ARM_GCC_493\Debug\Encoder.o
 .text._GLOBAL__sub_I__ZN7Encoder11encoder_msgE
                0x00003e48       0x18 .\CortexM0\ARM_GCC_493\Debug\Encoder.o
 .text._ZN14StepperControl9messageCbERKN8std_msgs5Int16E
                0x00003e60       0x1c .\CortexM0\ARM_GCC_493\Debug\StepperControl.o
                0x00003e60                StepperControl::messageCb(std_msgs::Int16 const&)
 .text._ZN14StepperControl5setupEv
                0x00003e7c       0x30 .\CortexM0\ARM_GCC_493\Debug\StepperControl.o
                0x00003e7c                StepperControl::setup()
 .text._ZN14StepperControl4loopEv
                0x00003eac       0x7c .\CortexM0\ARM_GCC_493\Debug\StepperControl.o
                0x00003eac                StepperControl::loop()
 .text._ZN3ros10SubscriberIN8std_msgs5Int16EEC2EPKcPFvRKS2_Ei
                0x00003f28       0x4c .\CortexM0\ARM_GCC_493\Debug\StepperControl.o
                0x00003f28                ros::Subscriber<std_msgs::Int16>::Subscriber(char const*, void (*)(std_msgs::Int16 const&), int)
                0x00003f28                ros::Subscriber<std_msgs::Int16>::Subscriber(char const*, void (*)(std_msgs::Int16 const&), int)
 .text._ZN3ros11NodeHandle_I13Psoc4HardwareLi10ELi20ELi200ELi200EE9subscribeIN8std_msgs5Int16EEEbRNS_10SubscriberIT_EE
                0x00003f74       0x50 .\CortexM0\ARM_GCC_493\Debug\StepperControl.o
                0x00003f74                bool ros::NodeHandle_<Psoc4Hardware, 10, 20, 200, 200>::subscribe<std_msgs::Int16>(ros::Subscriber<std_msgs::Int16>&)
 .text._Z41__static_initialization_and_destruction_0ii
                0x00003fc4       0x40 .\CortexM0\ARM_GCC_493\Debug\StepperControl.o
 .text._ZN3ros10SubscriberIN8std_msgs5Int16EE8callbackEPh
                0x00004004       0x4c .\CortexM0\ARM_GCC_493\Debug\StepperControl.o
                0x00004004                ros::Subscriber<std_msgs::Int16>::callback(unsigned char*)
 .text._ZN3ros10SubscriberIN8std_msgs5Int16EE15getEndpointTypeEv
                0x00004050       0x14 .\CortexM0\ARM_GCC_493\Debug\StepperControl.o
                0x00004050                ros::Subscriber<std_msgs::Int16>::getEndpointType()
 .text._ZN3ros10SubscriberIN8std_msgs5Int16EE10getMsgTypeEv
                0x00004064       0x1c .\CortexM0\ARM_GCC_493\Debug\StepperControl.o
                0x00004064                ros::Subscriber<std_msgs::Int16>::getMsgType()
 .text._ZN3ros10SubscriberIN8std_msgs5Int16EE9getMsgMD5Ev
                0x00004080       0x1c .\CortexM0\ARM_GCC_493\Debug\StepperControl.o
                0x00004080                ros::Subscriber<std_msgs::Int16>::getMsgMD5()
 .text._GLOBAL__sub_I__ZN14StepperControl15steps_remainingE
                0x0000409c       0x18 .\CortexM0\ARM_GCC_493\Debug\StepperControl.o
 .text._ZN11UpDownCount7resetCbERKN8std_msgs5EmptyE
                0x000040b4       0x14 .\CortexM0\ARM_GCC_493\Debug\UpDownCount.o
                0x000040b4                UpDownCount::resetCb(std_msgs::Empty const&)
 .text._ZN11UpDownCount5setupEv
                0x000040c8       0x40 .\CortexM0\ARM_GCC_493\Debug\UpDownCount.o
                0x000040c8                UpDownCount::setup()
 .text._ZN11UpDownCount4loopEv
                0x00004108       0x50 .\CortexM0\ARM_GCC_493\Debug\UpDownCount.o
                0x00004108                UpDownCount::loop()
 .text._Z41__static_initialization_and_destruction_0ii
                0x00004158       0x68 .\CortexM0\ARM_GCC_493\Debug\UpDownCount.o
 .text._GLOBAL__sub_I__ZN11UpDownCount10updown_msgE
                0x000041c0       0x18 .\CortexM0\ARM_GCC_493\Debug\UpDownCount.o
 .text._ZN8std_msgs19MultiArrayDimensionC2Ev
                0x000041d8       0x3c .\CortexM0\ARM_GCC_493\Debug\I2C_device.o
                0x000041d8                std_msgs::MultiArrayDimension::MultiArrayDimension()
                0x000041d8                std_msgs::MultiArrayDimension::MultiArrayDimension()
 .text._ZNK8std_msgs19MultiArrayDimension9serializeEPh
                0x00004214       0xf4 .\CortexM0\ARM_GCC_493\Debug\I2C_device.o
                0x00004214                std_msgs::MultiArrayDimension::serialize(unsigned char*) const
 .text._ZN8std_msgs19MultiArrayDimension11deserializeEPh
                0x00004308      0x12c .\CortexM0\ARM_GCC_493\Debug\I2C_device.o
                0x00004308                std_msgs::MultiArrayDimension::deserialize(unsigned char*)
 .text._ZN8std_msgs19MultiArrayDimension7getTypeEv
                0x00004434       0x18 .\CortexM0\ARM_GCC_493\Debug\I2C_device.o
                0x00004434                std_msgs::MultiArrayDimension::getType()
 .text._ZN8std_msgs19MultiArrayDimension6getMD5Ev
                0x0000444c       0x18 .\CortexM0\ARM_GCC_493\Debug\I2C_device.o
                0x0000444c                std_msgs::MultiArrayDimension::getMD5()
 .text._ZN8std_msgs16MultiArrayLayoutC2Ev
                0x00004464       0x40 .\CortexM0\ARM_GCC_493\Debug\I2C_device.o
                0x00004464                std_msgs::MultiArrayLayout::MultiArrayLayout()
                0x00004464                std_msgs::MultiArrayLayout::MultiArrayLayout()
 .text._ZNK8std_msgs16MultiArrayLayout9serializeEPh
                0x000044a4       0xfc .\CortexM0\ARM_GCC_493\Debug\I2C_device.o
                0x000044a4                std_msgs::MultiArrayLayout::serialize(unsigned char*) const
 .text._ZN8std_msgs16MultiArrayLayout11deserializeEPh
                0x000045a0      0x110 .\CortexM0\ARM_GCC_493\Debug\I2C_device.o
                0x000045a0                std_msgs::MultiArrayLayout::deserialize(unsigned char*)
 .text._ZN8std_msgs16MultiArrayLayout7getTypeEv
                0x000046b0       0x18 .\CortexM0\ARM_GCC_493\Debug\I2C_device.o
                0x000046b0                std_msgs::MultiArrayLayout::getType()
 .text._ZN8std_msgs16MultiArrayLayout6getMD5Ev
                0x000046c8       0x18 .\CortexM0\ARM_GCC_493\Debug\I2C_device.o
                0x000046c8                std_msgs::MultiArrayLayout::getMD5()
 .text._ZN8std_msgs15UInt8MultiArrayC2Ev
                0x000046e0       0x3c .\CortexM0\ARM_GCC_493\Debug\I2C_device.o
                0x000046e0                std_msgs::UInt8MultiArray::UInt8MultiArray()
                0x000046e0                std_msgs::UInt8MultiArray::UInt8MultiArray()
 .text._ZNK8std_msgs15UInt8MultiArray9serializeEPh
                0x0000471c       0xbc .\CortexM0\ARM_GCC_493\Debug\I2C_device.o
                0x0000471c                std_msgs::UInt8MultiArray::serialize(unsigned char*) const
 .text._ZN8std_msgs15UInt8MultiArray11deserializeEPh
                0x000047d8       0xd0 .\CortexM0\ARM_GCC_493\Debug\I2C_device.o
                0x000047d8                std_msgs::UInt8MultiArray::deserialize(unsigned char*)
 .text._ZN8std_msgs15UInt8MultiArray7getTypeEv
                0x000048a8       0x18 .\CortexM0\ARM_GCC_493\Debug\I2C_device.o
                0x000048a8                std_msgs::UInt8MultiArray::getType()
 .text._ZN8std_msgs15UInt8MultiArray6getMD5Ev
                0x000048c0       0x18 .\CortexM0\ARM_GCC_493\Debug\I2C_device.o
                0x000048c0                std_msgs::UInt8MultiArray::getMD5()
 .text._ZN10I2C_device14writeMessageCbERKN8std_msgs15UInt8MultiArrayE
                0x000048d8       0x4c .\CortexM0\ARM_GCC_493\Debug\I2C_device.o
                0x000048d8                I2C_device::writeMessageCb(std_msgs::UInt8MultiArray const&)
 .text._ZN10I2C_device13readMessageCbERKN8std_msgs15UInt8MultiArrayE
                0x00004924       0xb8 .\CortexM0\ARM_GCC_493\Debug\I2C_device.o
                0x00004924                I2C_device::readMessageCb(std_msgs::UInt8MultiArray const&)
 .text._ZN10I2C_device5setupEv
                0x000049dc       0xc4 .\CortexM0\ARM_GCC_493\Debug\I2C_device.o
                0x000049dc                I2C_device::setup()
 .text._ZN10I2C_device4loopEv
                0x00004aa0       0xec .\CortexM0\ARM_GCC_493\Debug\I2C_device.o
                0x00004aa0                I2C_device::loop()
 .text._ZN3ros10SubscriberIN8std_msgs15UInt8MultiArrayEEC2EPKcPFvRKS2_Ei
                0x00004b8c       0x4c .\CortexM0\ARM_GCC_493\Debug\I2C_device.o
                0x00004b8c                ros::Subscriber<std_msgs::UInt8MultiArray>::Subscriber(char const*, void (*)(std_msgs::UInt8MultiArray const&), int)
                0x00004b8c                ros::Subscriber<std_msgs::UInt8MultiArray>::Subscriber(char const*, void (*)(std_msgs::UInt8MultiArray const&), int)
 .text._ZN3ros11NodeHandle_I13Psoc4HardwareLi10ELi20ELi200ELi200EE9subscribeIN8std_msgs15UInt8MultiArrayEEEbRNS_10SubscriberIT_EE
                0x00004bd8       0x50 .\CortexM0\ARM_GCC_493\Debug\I2C_device.o
                0x00004bd8                bool ros::NodeHandle_<Psoc4Hardware, 10, 20, 200, 200>::subscribe<std_msgs::UInt8MultiArray>(ros::Subscriber<std_msgs::UInt8MultiArray>&)
 .text._Z41__static_initialization_and_destruction_0ii
                0x00004c28       0xb8 .\CortexM0\ARM_GCC_493\Debug\I2C_device.o
 .text._ZN3ros10SubscriberIN8std_msgs15UInt8MultiArrayEE8callbackEPh
                0x00004ce0       0x4c .\CortexM0\ARM_GCC_493\Debug\I2C_device.o
                0x00004ce0                ros::Subscriber<std_msgs::UInt8MultiArray>::callback(unsigned char*)
 .text._ZN3ros10SubscriberIN8std_msgs15UInt8MultiArrayEE15getEndpointTypeEv
                0x00004d2c       0x14 .\CortexM0\ARM_GCC_493\Debug\I2C_device.o
                0x00004d2c                ros::Subscriber<std_msgs::UInt8MultiArray>::getEndpointType()
 .text._ZN3ros10SubscriberIN8std_msgs15UInt8MultiArrayEE10getMsgTypeEv
                0x00004d40       0x1c .\CortexM0\ARM_GCC_493\Debug\I2C_device.o
                0x00004d40                ros::Subscriber<std_msgs::UInt8MultiArray>::getMsgType()
 .text._ZN3ros10SubscriberIN8std_msgs15UInt8MultiArrayEE9getMsgMD5Ev
                0x00004d5c       0x1c .\CortexM0\ARM_GCC_493\Debug\I2C_device.o
                0x00004d5c                ros::Subscriber<std_msgs::UInt8MultiArray>::getMsgMD5()
 .text._GLOBAL__sub_I__ZN10I2C_device9reply_msgE
                0x00004d78       0x18 .\CortexM0\ARM_GCC_493\Debug\I2C_device.o
 .text._ZN15rosserial_psoc43AdcC2Ev
                0x00004d90       0x48 .\CortexM0\ARM_GCC_493\Debug\ADC.o
                0x00004d90                rosserial_psoc4::Adc::Adc()
                0x00004d90                rosserial_psoc4::Adc::Adc()
 .text._ZNK15rosserial_psoc43Adc9serializeEPh
                0x00004dd8      0x108 .\CortexM0\ARM_GCC_493\Debug\ADC.o
                0x00004dd8                rosserial_psoc4::Adc::serialize(unsigned char*) const
 .text._ZN15rosserial_psoc43Adc11deserializeEPh
                0x00004ee0      0x150 .\CortexM0\ARM_GCC_493\Debug\ADC.o
                0x00004ee0                rosserial_psoc4::Adc::deserialize(unsigned char*)
 .text._ZN15rosserial_psoc43Adc7getTypeEv
                0x00005030       0x18 .\CortexM0\ARM_GCC_493\Debug\ADC.o
                0x00005030                rosserial_psoc4::Adc::getType()
 .text._ZN15rosserial_psoc43Adc6getMD5Ev
                0x00005048       0x18 .\CortexM0\ARM_GCC_493\Debug\ADC.o
                0x00005048                rosserial_psoc4::Adc::getMD5()
 .text._Z41__static_initialization_and_destruction_0ii
                0x00005060       0x48 .\CortexM0\ARM_GCC_493\Debug\ADC.o
 .text._GLOBAL__sub_I__ZN3ADC7adc_msgE
                0x000050a8       0x18 .\CortexM0\ARM_GCC_493\Debug\ADC.o
 .text.IntDefaultHandler
                0x000050c0        0x8 .\CortexM0\ARM_GCC_493\Debug\Cm0Start.o
                0x000050c0                IntDefaultHandler
 .text.Start_c  0x000050c8       0x94 .\CortexM0\ARM_GCC_493\Debug\Cm0Start.o
                0x000050c8                Start_c
 .text.initialize_psoc
                0x0000515c       0x74 .\CortexM0\ARM_GCC_493\Debug\Cm0Start.o
                0x0000515c                initialize_psoc
 .text.CYMEMZERO
                0x000051d0       0x20 .\CortexM0\ARM_GCC_493\Debug\RosOnAStick.a(cyfitter_cfg.o)
 .text.cfg_write_bytes32
                0x000051f0       0x80 .\CortexM0\ARM_GCC_493\Debug\RosOnAStick.a(cyfitter_cfg.o)
 .text.AnalogSetDefault
                0x00005270       0x40 .\CortexM0\ARM_GCC_493\Debug\RosOnAStick.a(cyfitter_cfg.o)
 .text.SetAnalogRoutingPumps
                0x000052b0       0x40 .\CortexM0\ARM_GCC_493\Debug\RosOnAStick.a(cyfitter_cfg.o)
                0x000052b0                SetAnalogRoutingPumps
 .text.ROSSerial_UART_Clock_SetFractionalDividerRegister
                0x000052f0       0x38 .\CortexM0\ARM_GCC_493\Debug\RosOnAStick.a(ROSSerial_UART_Clock.o)
                0x000052f0                ROSSerial_UART_Clock_SetFractionalDividerRegister
 .text.ROSSerial_UART_Init
                0x00005328        0xc .\CortexM0\ARM_GCC_493\Debug\RosOnAStick.a(ROSSerial_UART.o)
                0x00005328                ROSSerial_UART_Init
 .text.ROSSerial_UART_Enable
                0x00005334       0x20 .\CortexM0\ARM_GCC_493\Debug\RosOnAStick.a(ROSSerial_UART.o)
                0x00005334                ROSSerial_UART_Enable
 .text.ROSSerial_UART_Start
                0x00005354       0x24 .\CortexM0\ARM_GCC_493\Debug\RosOnAStick.a(ROSSerial_UART.o)
                0x00005354                ROSSerial_UART_Start
 .text.ROSSerial_UART_ScbEnableIntr
                0x00005378       0x10 .\CortexM0\ARM_GCC_493\Debug\RosOnAStick.a(ROSSerial_UART.o)
 .text.ROSSerial_UART_SpiUartReadRxData
                0x00005388       0x50 .\CortexM0\ARM_GCC_493\Debug\RosOnAStick.a(ROSSerial_UART_SPI_UART.o)
                0x00005388                ROSSerial_UART_SpiUartReadRxData
 .text.ROSSerial_UART_SpiUartGetRxBufferSize
                0x000053d8       0x40 .\CortexM0\ARM_GCC_493\Debug\RosOnAStick.a(ROSSerial_UART_SPI_UART.o)
                0x000053d8                ROSSerial_UART_SpiUartGetRxBufferSize
 .text.ROSSerial_UART_SpiUartWriteTxData
                0x00005418       0x98 .\CortexM0\ARM_GCC_493\Debug\RosOnAStick.a(ROSSerial_UART_SPI_UART.o)
                0x00005418                ROSSerial_UART_SpiUartWriteTxData
 .text.ROSSerial_UART_UartInit
                0x000054b0       0xf4 .\CortexM0\ARM_GCC_493\Debug\RosOnAStick.a(ROSSerial_UART_UART.o)
                0x000054b0                ROSSerial_UART_UartInit
 .text.P1_6_Write
                0x000055a4       0x4c .\CortexM0\ARM_GCC_493\Debug\RosOnAStick.a(P1_6.o)
                0x000055a4                P1_6_Write
 .text.I2CMaster_Init
                0x000055f0        0xc .\CortexM0\ARM_GCC_493\Debug\RosOnAStick.a(I2CMaster.o)
                0x000055f0                I2CMaster_Init
 .text.I2CMaster_Enable
                0x000055fc       0x24 .\CortexM0\ARM_GCC_493\Debug\RosOnAStick.a(I2CMaster.o)
                0x000055fc                I2CMaster_Enable
 .text.I2CMaster_Start
                0x00005620       0x24 .\CortexM0\ARM_GCC_493\Debug\RosOnAStick.a(I2CMaster.o)
                0x00005620                I2CMaster_Start
 .text.I2CMaster_ScbEnableIntr
                0x00005644       0x10 .\CortexM0\ARM_GCC_493\Debug\RosOnAStick.a(I2CMaster.o)
 .text.I2CMaster_ScbModePostEnable
                0x00005654        0x8 .\CortexM0\ARM_GCC_493\Debug\RosOnAStick.a(I2CMaster.o)
 .text.I2CMaster_I2CInit
                0x0000565c       0xe8 .\CortexM0\ARM_GCC_493\Debug\RosOnAStick.a(I2CMaster_I2C.o)
                0x0000565c                I2CMaster_I2CInit
 .text.I2CMaster_I2CMasterWriteBuf
                0x00005744      0x11c .\CortexM0\ARM_GCC_493\Debug\RosOnAStick.a(I2CMaster_I2C_MASTER.o)
                0x00005744                I2CMaster_I2CMasterWriteBuf
 .text.I2CMaster_I2CMasterReadBuf
                0x00005860      0x12c .\CortexM0\ARM_GCC_493\Debug\RosOnAStick.a(I2CMaster_I2C_MASTER.o)
                0x00005860                I2CMaster_I2CMasterReadBuf
 .text.I2CMaster_I2CMasterGetReadBufSize
                0x0000598c       0x14 .\CortexM0\ARM_GCC_493\Debug\RosOnAStick.a(I2CMaster_I2C_MASTER.o)
                0x0000598c                I2CMaster_I2CMasterGetReadBufSize
 .text.I2CMaster_I2CMasterClearReadBuf
                0x000059a0       0x34 .\CortexM0\ARM_GCC_493\Debug\RosOnAStick.a(I2CMaster_I2C_MASTER.o)
                0x000059a0                I2CMaster_I2CMasterClearReadBuf
 .text.I2CMaster_I2CMasterStatus
                0x000059d4       0x44 .\CortexM0\ARM_GCC_493\Debug\RosOnAStick.a(I2CMaster_I2C_MASTER.o)
                0x000059d4                I2CMaster_I2CMasterStatus
 .text.I2CMaster_I2CMasterClearStatus
                0x00005a18       0x30 .\CortexM0\ARM_GCC_493\Debug\RosOnAStick.a(I2CMaster_I2C_MASTER.o)
                0x00005a18                I2CMaster_I2CMasterClearStatus
 .text.I2CMaster_I2CReStartGeneration
                0x00005a48       0xb0 .\CortexM0\ARM_GCC_493\Debug\RosOnAStick.a(I2CMaster_I2C_MASTER.o)
                0x00005a48                I2CMaster_I2CReStartGeneration
 .text.PWM_1_Init
                0x00005af8       0x58 .\CortexM0\ARM_GCC_493\Debug\RosOnAStick.a(PWM_1.o)
                0x00005af8                PWM_1_Init
 .text.PWM_1_Enable
                0x00005b50       0x38 .\CortexM0\ARM_GCC_493\Debug\RosOnAStick.a(PWM_1.o)
                0x00005b50                PWM_1_Enable
 .text.PWM_1_Start
                0x00005b88       0x24 .\CortexM0\ARM_GCC_493\Debug\RosOnAStick.a(PWM_1.o)
                0x00005b88                PWM_1_Start
 .text.PWM_1_WritePeriod
                0x00005bac       0x1c .\CortexM0\ARM_GCC_493\Debug\RosOnAStick.a(PWM_1.o)
                0x00005bac                PWM_1_WritePeriod
 .text.PWM_1_WriteCompare
                0x00005bc8       0x1c .\CortexM0\ARM_GCC_493\Debug\RosOnAStick.a(PWM_1.o)
                0x00005bc8                PWM_1_WriteCompare
 .text.PWM_1_TriggerCommand
                0x00005be4       0x38 .\CortexM0\ARM_GCC_493\Debug\RosOnAStick.a(PWM_1.o)
                0x00005be4                PWM_1_TriggerCommand
 .text.PWM_1_SetInterruptMode
                0x00005c1c       0x18 .\CortexM0\ARM_GCC_493\Debug\RosOnAStick.a(PWM_1.o)
                0x00005c1c                PWM_1_SetInterruptMode
 .text.QuadDec_1_Init
                0x00005c34       0x28 .\CortexM0\ARM_GCC_493\Debug\RosOnAStick.a(QuadDec_1.o)
                0x00005c34                QuadDec_1_Init
 .text.QuadDec_1_Enable
                0x00005c5c       0x30 .\CortexM0\ARM_GCC_493\Debug\RosOnAStick.a(QuadDec_1.o)
                0x00005c5c                QuadDec_1_Enable
 .text.QuadDec_1_Start
                0x00005c8c       0x24 .\CortexM0\ARM_GCC_493\Debug\RosOnAStick.a(QuadDec_1.o)
                0x00005c8c                QuadDec_1_Start
 .text.QuadDec_1_ReadCounter
                0x00005cb0       0x18 .\CortexM0\ARM_GCC_493\Debug\RosOnAStick.a(QuadDec_1.o)
                0x00005cb0                QuadDec_1_ReadCounter
 .text.QuadDec_1_TriggerCommand
                0x00005cc8       0x38 .\CortexM0\ARM_GCC_493\Debug\RosOnAStick.a(QuadDec_1.o)
                0x00005cc8                QuadDec_1_TriggerCommand
 .text.QuadDec_1_SetInterruptMode
                0x00005d00       0x18 .\CortexM0\ARM_GCC_493\Debug\RosOnAStick.a(QuadDec_1.o)
                0x00005d00                QuadDec_1_SetInterruptMode
 .text.Quad_Clock_Start
                0x00005d18       0x1c .\CortexM0\ARM_GCC_493\Debug\RosOnAStick.a(Quad_Clock.o)
                0x00005d18                Quad_Clock_Start
 .text.Stepper_Control_Write
                0x00005d34       0x20 .\CortexM0\ARM_GCC_493\Debug\RosOnAStick.a(Stepper_Control.o)
                0x00005d34                Stepper_Control_Write
 .text.UpDown_Init
                0x00005d54       0x94 .\CortexM0\ARM_GCC_493\Debug\RosOnAStick.a(UpDown.o)
                0x00005d54                UpDown_Init
 .text.UpDown_Enable
                0x00005de8       0x20 .\CortexM0\ARM_GCC_493\Debug\RosOnAStick.a(UpDown.o)
                0x00005de8                UpDown_Enable
 .text.UpDown_Start
                0x00005e08       0x24 .\CortexM0\ARM_GCC_493\Debug\RosOnAStick.a(UpDown.o)
                0x00005e08                UpDown_Start
 .text.UpDown_SetInterruptMode
                0x00005e2c       0x20 .\CortexM0\ARM_GCC_493\Debug\RosOnAStick.a(UpDown.o)
                0x00005e2c                UpDown_SetInterruptMode
 .text.UpDown_ReadStatusRegister
                0x00005e4c       0x14 .\CortexM0\ARM_GCC_493\Debug\RosOnAStick.a(UpDown.o)
                0x00005e4c                UpDown_ReadStatusRegister
 .text.UpDown_WriteCounter
                0x00005e60       0x18 .\CortexM0\ARM_GCC_493\Debug\RosOnAStick.a(UpDown.o)
                0x00005e60                UpDown_WriteCounter
 .text.UpDown_ReadCounter
                0x00005e78       0x1c .\CortexM0\ARM_GCC_493\Debug\RosOnAStick.a(UpDown.o)
                0x00005e78                UpDown_ReadCounter
 .text.UpDown_ReadCapture
                0x00005e94       0x14 .\CortexM0\ARM_GCC_493\Debug\RosOnAStick.a(UpDown.o)
                0x00005e94                UpDown_ReadCapture
 .text.UpDown_WritePeriod
                0x00005ea8       0x18 .\CortexM0\ARM_GCC_493\Debug\RosOnAStick.a(UpDown.o)
                0x00005ea8                UpDown_WritePeriod
 .text.UpDown_WriteCompare
                0x00005ec0       0x18 .\CortexM0\ARM_GCC_493\Debug\RosOnAStick.a(UpDown.o)
                0x00005ec0                UpDown_WriteCompare
 .text.UpDown_ClearFIFO
                0x00005ed8       0x1c .\CortexM0\ARM_GCC_493\Debug\RosOnAStick.a(UpDown.o)
                0x00005ed8                UpDown_ClearFIFO
 .text.Button_in_Read
                0x00005ef4       0x1c .\CortexM0\ARM_GCC_493\Debug\RosOnAStick.a(Button_in.o)
                0x00005ef4                Button_in_Read
 .text.I2CMaster_sda_Read
                0x00005f10       0x1c .\CortexM0\ARM_GCC_493\Debug\RosOnAStick.a(I2CMaster_sda.o)
                0x00005f10                I2CMaster_sda_Read
 .text.I2CMaster_scl_Write
                0x00005f2c       0x4c .\CortexM0\ARM_GCC_493\Debug\RosOnAStick.a(I2CMaster_scl.o)
                0x00005f2c                I2CMaster_scl_Write
 .text.I2CMaster_scl_Read
                0x00005f78       0x1c .\CortexM0\ARM_GCC_493\Debug\RosOnAStick.a(I2CMaster_scl.o)
                0x00005f78                I2CMaster_scl_Read
 *fill*         0x00005f94        0x4 
 .text          0x00005f98       0x20 .\CortexM0\ARM_GCC_493\Debug\RosOnAStick.a(CyBootAsmGnu.o)
                0x00005f98                CyDelayCycles
                0x00005faa                CyEnterCriticalSection
                0x00005fb2                CyExitCriticalSection
 .text.CySysClkWriteImoFreq
                0x00005fb8      0x200 .\CortexM0\ARM_GCC_493\Debug\RosOnAStick.a(CyLib.o)
                0x00005fb8                CySysClkWriteImoFreq
 .text.CyIntSetSysVector
                0x000061b8       0x48 .\CortexM0\ARM_GCC_493\Debug\RosOnAStick.a(CyLib.o)
                0x000061b8                CyIntSetSysVector
 .text.CyIntSetVector
                0x00006200       0x4c .\CortexM0\ARM_GCC_493\Debug\RosOnAStick.a(CyLib.o)
                0x00006200                CyIntSetVector
 .text.CyIntSetPriority
                0x0000624c       0xa8 .\CortexM0\ARM_GCC_493\Debug\RosOnAStick.a(CyLib.o)
                0x0000624c                CyIntSetPriority
 .text.CyIntEnable
                0x000062f4       0x28 .\CortexM0\ARM_GCC_493\Debug\RosOnAStick.a(CyLib.o)
                0x000062f4                CyIntEnable
 .text.CyIntDisable
                0x0000631c       0x28 .\CortexM0\ARM_GCC_493\Debug\RosOnAStick.a(CyLib.o)
                0x0000631c                CyIntDisable
 .text.CyHalt   0x00006344       0x14 .\CortexM0\ARM_GCC_493\Debug\RosOnAStick.a(CyLib.o)
                0x00006344                CyHalt
 .text.CyDelayUs
                0x00006358       0x28 .\CortexM0\ARM_GCC_493\Debug\RosOnAStick.a(CyLib.o)
                0x00006358                CyDelayUs
 .text.ROSSerial_UART_SPI_UART_ISR
                0x00006380      0x118 .\CortexM0\ARM_GCC_493\Debug\RosOnAStick.a(ROSSerial_UART_SPI_UART_INT.o)
                0x00006380                ROSSerial_UART_SPI_UART_ISR
 .text.I2CMaster_I2C_ISR
                0x00006498      0x4d0 .\CortexM0\ARM_GCC_493\Debug\RosOnAStick.a(I2CMaster_I2C_INT.o)
                0x00006498                I2CMaster_I2C_ISR
 .text          0x00006968      0x120 c:/program files (x86)/cypress/psoc creator/3.3/psoc creator/import/gnu/arm/4.9.3/bin/../lib/gcc/arm-none-eabi/4.9.3/armv6-m\libgcc.a(_udivsi3.o)
                0x00006968                __aeabi_uidiv
                0x00006968                __udivsi3
                0x00006a74                __aeabi_uidivmod
 .text          0x00006a88        0x4 c:/program files (x86)/cypress/psoc creator/3.3/psoc creator/import/gnu/arm/4.9.3/bin/../lib/gcc/arm-none-eabi/4.9.3/armv6-m\libgcc.a(_dvmd_tls.o)
                0x00006a88                __aeabi_idiv0
                0x00006a88                __aeabi_ldiv0
 .text.__libc_init_array
                0x00006a8c       0x4c c:/program files (x86)/cypress/psoc creator/3.3/psoc creator/import/gnu/arm/4.9.3/bin/../lib/gcc/arm-none-eabi/4.9.3/../../../../arm-none-eabi/lib/armv6-m\libg_nano.a(lib_a-init.o)
                0x00006a8c                __libc_init_array
 .text.memcpy   0x00006ad8       0x12 c:/program files (x86)/cypress/psoc creator/3.3/psoc creator/import/gnu/arm/4.9.3/bin/../lib/gcc/arm-none-eabi/4.9.3/../../../../arm-none-eabi/lib/armv6-m\libg_nano.a(lib_a-memcpy.o)
                0x00006ad8                memcpy
 .text.memset   0x00006aea       0x10 c:/program files (x86)/cypress/psoc creator/3.3/psoc creator/import/gnu/arm/4.9.3/bin/../lib/gcc/arm-none-eabi/4.9.3/../../../../arm-none-eabi/lib/armv6-m\libg_nano.a(lib_a-memset.o)
                0x00006aea                memset
 .text.strlen   0x00006afa        0xe c:/program files (x86)/cypress/psoc creator/3.3/psoc creator/import/gnu/arm/4.9.3/bin/../lib/gcc/arm-none-eabi/4.9.3/../../../../arm-none-eabi/lib/armv6-m\libg_nano.a(lib_a-strlen.o)
                0x00006afa                strlen
 *(.plt)
 *(.gnu.warning)
 *(.glue_7t)
 .glue_7t       0x00000000        0x0 linker stubs
 *(.glue_7)
 .glue_7        0x00000000        0x0 linker stubs
 *(.vfp11_veneer)
 .vfp11_veneer  0x00000000        0x0 linker stubs
 *(.bootloader)
 *(.ARM.extab* .gnu.linkonce.armextab.*)
 *(.gcc_except_table)

.v4_bx          0x00006b08        0x0
 .v4_bx         0x00000000        0x0 linker stubs

.iplt           0x00006b08        0x0
 .iplt          0x00000000        0x0 c:/program files (x86)/cypress/psoc creator/3.3/psoc creator/import/gnu/arm/4.9.3/bin/../lib/gcc/arm-none-eabi/4.9.3/armv6-m/crtbegin.o

.eh_frame_hdr
 *(.eh_frame_hdr)

.eh_frame       0x00006b08        0x4
 *(.eh_frame)
 .eh_frame      0x00006b08        0x0 c:/program files (x86)/cypress/psoc creator/3.3/psoc creator/import/gnu/arm/4.9.3/bin/../lib/gcc/arm-none-eabi/4.9.3/armv6-m/crtbegin.o
 .eh_frame      0x00006b08        0x4 c:/program files (x86)/cypress/psoc creator/3.3/psoc creator/import/gnu/arm/4.9.3/bin/../lib/gcc/arm-none-eabi/4.9.3/armv6-m/crtend.o
                0x00006b0c                PROVIDE (__exidx_start, .)

.ARM.exidx
 *(.ARM.exidx* .gnu.linkonce.armexidx.*)
                0x00006b0c                __exidx_end = .

.rodata         0x00006b10      0xbf0
 *(.rodata .rodata.* .gnu.linkonce.r.*)
 .rodata        0x00006b10      0x12c .\CortexM0\ARM_GCC_493\Debug\main.o
 *fill*         0x00006c3c        0x4 
 .rodata._ZTVN3ros11NodeHandle_I13Psoc4HardwareLi10ELi20ELi200ELi200EEE
                0x00006c40       0x18 .\CortexM0\ARM_GCC_493\Debug\main.o
                0x00006c40                vtable for ros::NodeHandle_<Psoc4Hardware, 10, 20, 200, 200>
 .rodata._ZTVN3ros15NodeHandleBase_E
                0x00006c58       0x18 .\CortexM0\ARM_GCC_493\Debug\main.o
                0x00006c58                vtable for ros::NodeHandleBase_
 .rodata._ZTVN14rosserial_msgs20RequestParamResponseE
                0x00006c70       0x18 .\CortexM0\ARM_GCC_493\Debug\main.o
                0x00006c70                vtable for rosserial_msgs::RequestParamResponse
 .rodata._ZTVN14rosserial_msgs3LogE
                0x00006c88       0x18 .\CortexM0\ARM_GCC_493\Debug\main.o
                0x00006c88                vtable for rosserial_msgs::Log
 .rodata._ZTVN14rosserial_msgs9TopicInfoE
                0x00006ca0       0x18 .\CortexM0\ARM_GCC_493\Debug\main.o
                0x00006ca0                vtable for rosserial_msgs::TopicInfo
 .rodata._ZTVN8std_msgs4TimeE
                0x00006cb8       0x18 .\CortexM0\ARM_GCC_493\Debug\main.o
                0x00006cb8                vtable for std_msgs::Time
 .rodata._ZTVN3ros3MsgE
                0x00006cd0       0x18 .\CortexM0\ARM_GCC_493\Debug\main.o
                0x00006cd0                vtable for ros::Msg
 .rodata        0x00006ce8       0x30 .\CortexM0\ARM_GCC_493\Debug\Uarts.o
                0x00006ce8                vtable for Uart
 .rodata._ZTV14HardwareSerial
                0x00006d18       0x18 .\CortexM0\ARM_GCC_493\Debug\Uarts.o
                0x00006d18                vtable for HardwareSerial
 .rodata        0x00006d30       0x5c .\CortexM0\ARM_GCC_493\Debug\Blink.o
 *fill*         0x00006d8c        0x4 
 .rodata._ZTVN3ros10SubscriberIN8std_msgs5EmptyEEE
                0x00006d90       0x18 .\CortexM0\ARM_GCC_493\Debug\Blink.o
                0x00006d90                vtable for ros::Subscriber<std_msgs::Empty>
 .rodata._ZTVN8std_msgs5EmptyE
                0x00006da8       0x18 .\CortexM0\ARM_GCC_493\Debug\Blink.o
                0x00006da8                vtable for std_msgs::Empty
 .rodata._ZTVN3ros11Subscriber_E
                0x00006dc0       0x18 .\CortexM0\ARM_GCC_493\Debug\Blink.o
                0x00006dc0                vtable for ros::Subscriber_
 .rodata        0x00006dd8       0x5c .\CortexM0\ARM_GCC_493\Debug\HelloWorld.o
 *fill*         0x00006e34        0x4 
 .rodata._ZTVN8std_msgs6StringE
                0x00006e38       0x18 .\CortexM0\ARM_GCC_493\Debug\HelloWorld.o
                0x00006e38                vtable for std_msgs::String
 .rodata        0x00006e50       0xa4 .\CortexM0\ARM_GCC_493\Debug\button_example.o
 *fill*         0x00006ef4        0x4 
 .rodata._ZTVN8std_msgs4BoolE
                0x00006ef8       0x18 .\CortexM0\ARM_GCC_493\Debug\button_example.o
                0x00006ef8                vtable for std_msgs::Bool
 .rodata        0x00006f10       0x5c .\CortexM0\ARM_GCC_493\Debug\ServoControl.o
 *fill*         0x00006f6c        0x4 
 .rodata._ZTVN3ros10SubscriberIN8std_msgs6UInt16EEE
                0x00006f70       0x18 .\CortexM0\ARM_GCC_493\Debug\ServoControl.o
                0x00006f70                vtable for ros::Subscriber<std_msgs::UInt16>
 .rodata._ZTVN8std_msgs6UInt16E
                0x00006f88       0x18 .\CortexM0\ARM_GCC_493\Debug\ServoControl.o
                0x00006f88                vtable for std_msgs::UInt16
 .rodata        0x00006fa0       0x9c .\CortexM0\ARM_GCC_493\Debug\Encoder.o
 *fill*         0x0000703c        0x4 
 .rodata._ZTVN8std_msgs5Int16E
                0x00007040       0x18 .\CortexM0\ARM_GCC_493\Debug\Encoder.o
                0x00007040                vtable for std_msgs::Int16
 .rodata._ZTVN8std_msgs5Int32E
                0x00007058       0x18 .\CortexM0\ARM_GCC_493\Debug\Encoder.o
                0x00007058                vtable for std_msgs::Int32
 .rodata        0x00007070       0x64 .\CortexM0\ARM_GCC_493\Debug\StepperControl.o
 *fill*         0x000070d4        0x4 
 .rodata._ZTVN3ros10SubscriberIN8std_msgs5Int16EEE
                0x000070d8       0x18 .\CortexM0\ARM_GCC_493\Debug\StepperControl.o
                0x000070d8                vtable for ros::Subscriber<std_msgs::Int16>
 .rodata        0x000070f0       0xa0 .\CortexM0\ARM_GCC_493\Debug\UpDownCount.o
 .rodata        0x00007190      0x110 .\CortexM0\ARM_GCC_493\Debug\I2C_device.o
 .rodata._ZTVN3ros10SubscriberIN8std_msgs15UInt8MultiArrayEEE
                0x000072a0       0x18 .\CortexM0\ARM_GCC_493\Debug\I2C_device.o
                0x000072a0                vtable for ros::Subscriber<std_msgs::UInt8MultiArray>
 .rodata._ZTVN8std_msgs15UInt8MultiArrayE
                0x000072b8       0x18 .\CortexM0\ARM_GCC_493\Debug\I2C_device.o
                0x000072b8                vtable for std_msgs::UInt8MultiArray
 .rodata._ZTVN8std_msgs16MultiArrayLayoutE
                0x000072d0       0x18 .\CortexM0\ARM_GCC_493\Debug\I2C_device.o
                0x000072d0                vtable for std_msgs::MultiArrayLayout
 .rodata._ZTVN8std_msgs19MultiArrayDimensionE
                0x000072e8       0x18 .\CortexM0\ARM_GCC_493\Debug\I2C_device.o
                0x000072e8                vtable for std_msgs::MultiArrayDimension
 .rodata        0x00007300       0x5c .\CortexM0\ARM_GCC_493\Debug\ADC.o
 *fill*         0x0000735c        0x4 
 .rodata._ZTVN15rosserial_psoc43AdcE
                0x00007360       0x18 .\CortexM0\ARM_GCC_493\Debug\ADC.o
                0x00007360                vtable for rosserial_psoc4::Adc
 .rodata        0x00007378      0x2f8 .\CortexM0\ARM_GCC_493\Debug\RosOnAStick.a(cyfitter_cfg.o)
 .rodata        0x00007670       0x30 .\CortexM0\ARM_GCC_493\Debug\RosOnAStick.a(CyLib.o)
                0x000076a0                . = ALIGN (0x4)
 *(.init)
 .init          0x000076a0        0x4 c:/program files (x86)/cypress/psoc creator/3.3/psoc creator/import/gnu/arm/4.9.3/bin/../lib/gcc/arm-none-eabi/4.9.3/armv6-m/crti.o
                0x000076a0                _init
 .init          0x000076a4        0x8 c:/program files (x86)/cypress/psoc creator/3.3/psoc creator/import/gnu/arm/4.9.3/bin/../lib/gcc/arm-none-eabi/4.9.3/armv6-m/crtn.o
                0x000076ac                . = ALIGN (0x4)
                0x000076ac                __preinit_array_start = .
 *(.preinit_array)
                0x000076ac                __preinit_array_end = .
                0x000076ac                . = ALIGN (0x4)
                0x000076ac                __init_array_start = .
 *(SORT(.init_array.*))
 *(.init_array)
 .init_array    0x000076ac        0x4 c:/program files (x86)/cypress/psoc creator/3.3/psoc creator/import/gnu/arm/4.9.3/bin/../lib/gcc/arm-none-eabi/4.9.3/armv6-m/crtbegin.o
 .init_array    0x000076b0        0x4 .\CortexM0\ARM_GCC_493\Debug\main.o
 .init_array    0x000076b4        0x4 .\CortexM0\ARM_GCC_493\Debug\Uarts.o
 .init_array    0x000076b8        0x4 .\CortexM0\ARM_GCC_493\Debug\Blink.o
 .init_array    0x000076bc        0x4 .\CortexM0\ARM_GCC_493\Debug\HelloWorld.o
 .init_array    0x000076c0        0x4 .\CortexM0\ARM_GCC_493\Debug\button_example.o
 .init_array    0x000076c4        0x4 .\CortexM0\ARM_GCC_493\Debug\ServoControl.o
 .init_array    0x000076c8        0x4 .\CortexM0\ARM_GCC_493\Debug\Encoder.o
 .init_array    0x000076cc        0x4 .\CortexM0\ARM_GCC_493\Debug\StepperControl.o
 .init_array    0x000076d0        0x4 .\CortexM0\ARM_GCC_493\Debug\UpDownCount.o
 .init_array    0x000076d4        0x4 .\CortexM0\ARM_GCC_493\Debug\I2C_device.o
 .init_array    0x000076d8        0x4 .\CortexM0\ARM_GCC_493\Debug\ADC.o
 .init_array    0x000076dc        0x4 .\CortexM0\ARM_GCC_493\Debug\Cm0Start.o
                0x000076e0                __init_array_end = .
                0x000076e0                . = ALIGN (0x4)
 *(.fini)
 .fini          0x000076e0        0x4 c:/program files (x86)/cypress/psoc creator/3.3/psoc creator/import/gnu/arm/4.9.3/bin/../lib/gcc/arm-none-eabi/4.9.3/armv6-m/crti.o
                0x000076e0                _fini
 .fini          0x000076e4        0x8 c:/program files (x86)/cypress/psoc creator/3.3/psoc creator/import/gnu/arm/4.9.3/bin/../lib/gcc/arm-none-eabi/4.9.3/armv6-m/crtn.o
                0x000076ec                . = ALIGN (0x4)
                0x000076ec                __fini_array_start = .
 *(.fini_array)
 .fini_array    0x000076ec        0x4 c:/program files (x86)/cypress/psoc creator/3.3/psoc creator/import/gnu/arm/4.9.3/bin/../lib/gcc/arm-none-eabi/4.9.3/armv6-m/crtbegin.o
 *(SORT(.fini_array.*))
                0x000076f0                __fini_array_end = .
                0x000076f0                . = ALIGN (0x4)
 *crtbegin.o(.ctors)
 *(EXCLUDE_FILE(*crtend.o) .ctors)
 *(SORT(.ctors.*))
 *crtend.o(.ctors)
                0x000076f0                . = ALIGN (0x4)
 *crtbegin.o(.dtors)
 *(EXCLUDE_FILE(*crtend.o) .dtors)
 *(SORT(.dtors.*))
 *crtend.o(.dtors)
                0x000076f0                . = ALIGN (0x4)
                0x000076f0                __cy_regions = .
                0x000076f0        0x4 LONG 0x7700 __cy_region_init_ram
                0x000076f4        0x4 LONG 0x200000d0 __cy_region_start_data
                0x000076f8        0x4 LONG 0x30 __cy_region_init_size_ram
                0x000076fc        0x4 LONG 0x5f8 __cy_region_zero_size_ram
                0x00007700                __cy_regions_end = .
                0x00007700                . = ALIGN (0x8)
                0x00007700                _etext = .

.ramvectors     0x20000000       0xc0
                0x20000000                __cy_region_start_ram = .
 *(.ramvectors)
 .ramvectors    0x20000000       0xc0 .\CortexM0\ARM_GCC_493\Debug\Cm0Start.o
                0x20000000                CyRamVectors

.btldr_run      0x200000c0        0x4
 *(.bootloaderruntype)
 .bootloaderruntype
                0x200000c0        0x4 .\CortexM0\ARM_GCC_493\Debug\Cm0Start.o
                0x200000c0                cyBtldrRunType

.noinit         0x200000c8        0x4
 *(.noinit)
 .noinit        0x200000c8        0x4 .\CortexM0\ARM_GCC_493\Debug\Cm0Start.o

.data           0x200000d0       0x30 load address 0x00007700
                0x200000d0                __cy_region_start_data = .
 *(.jcr)
 .jcr           0x200000d0        0x0 c:/program files (x86)/cypress/psoc creator/3.3/psoc creator/import/gnu/arm/4.9.3/bin/../lib/gcc/arm-none-eabi/4.9.3/armv6-m/crtbegin.o
 .jcr           0x200000d0        0x4 c:/program files (x86)/cypress/psoc creator/3.3/psoc creator/import/gnu/arm/4.9.3/bin/../lib/gcc/arm-none-eabi/4.9.3/armv6-m/crtend.o
 *(.got.plt)
 *(.got)
 *(.shdata)
 *(.data .data.* .gnu.linkonce.d.*)
 .data          0x200000d4       0x10 .\CortexM0\ARM_GCC_493\Debug\HelloWorld.o
                0x200000d4                HelloWorld::hello
 .data          0x200000e4        0x8 .\CortexM0\ARM_GCC_493\Debug\button_example.o
                0x200000e4                Button::debounce_delay
                0x200000e8                Button::published
 .data          0x200000ec       0x10 .\CortexM0\ARM_GCC_493\Debug\RosOnAStick.a(CyLib.o)
                0x200000ec                cydelayFreqHz
                0x200000f0                cydelayFreqKhz
                0x200000f4                cydelayFreqMhz
                0x200000f8                cydelay32kMs
                0x20000100                . = ALIGN (0x8)
 *fill*         0x200000fc        0x4 
 *(.ram)
                0x20000100                _edata = .

.igot.plt       0x20000100        0x0 load address 0x00007730
 .igot.plt      0x00000000        0x0 c:/program files (x86)/cypress/psoc creator/3.3/psoc creator/import/gnu/arm/4.9.3/bin/../lib/gcc/arm-none-eabi/4.9.3/armv6-m/crtbegin.o

.bss            0x20000100      0x5f8 load address 0x00007730
                0x20000100                PROVIDE (__bss_start__, .)
 *(.shbss)
 *(.bss .bss.* .gnu.linkonce.b.*)
 .bss           0x20000100       0x1c c:/program files (x86)/cypress/psoc creator/3.3/psoc creator/import/gnu/arm/4.9.3/bin/../lib/gcc/arm-none-eabi/4.9.3/armv6-m/crtbegin.o
 .bss           0x2000011c      0x270 .\CortexM0\ARM_GCC_493\Debug\main.o
                0x2000011c                nh
 .bss           0x2000038c        0x4 .\CortexM0\ARM_GCC_493\Debug\Uarts.o
                0x2000038c                Uart0
 .bss           0x20000390        0x4 .\CortexM0\ARM_GCC_493\Debug\SysTimer.o
                0x20000390                SysTimer::millis_
 .bss           0x20000394       0x20 .\CortexM0\ARM_GCC_493\Debug\Blink.o
                0x20000394                Blink::ledOn
                0x20000398                Blink::sub
 .bss           0x200003b4       0x20 .\CortexM0\ARM_GCC_493\Debug\HelloWorld.o
                0x200003b4                HelloWorld::str_msg
                0x200003bc                HelloWorld::chatter
                0x200003d0                HelloWorld::next_time
 .bss           0x200003d4       0x24 .\CortexM0\ARM_GCC_493\Debug\button_example.o
                0x200003d4                Button::pushed_msg
                0x200003dc                Button::pub_button
                0x200003f0                Button::last_reading
                0x200003f4                Button::last_debounce_time
 .bss           0x200003f8       0x20 .\CortexM0\ARM_GCC_493\Debug\ServoControl.o
                0x200003f8                ServoControl::sub
 .bss           0x20000418       0x44 .\CortexM0\ARM_GCC_493\Debug\Encoder.o
                0x20000418                Encoder::encoder_msg
                0x20000420                Encoder::p
                0x20000434                Encoder::counter_msg
                0x2000043c                Encoder::pc
                0x20000450                Encoder::next_report_time
                0x20000454                Encoder::next_read_time
                0x20000458                Encoder::prev_counter_val
 .bss           0x2000045c       0x28 .\CortexM0\ARM_GCC_493\Debug\StepperControl.o
                0x2000045c                StepperControl::steps_remaining
                0x20000460                StepperControl::next_time
                0x20000464                StepperControl::sub
 .bss           0x20000484       0x3c .\CortexM0\ARM_GCC_493\Debug\UpDownCount.o
                0x20000484                UpDownCount::updown_msg
                0x2000048c                UpDownCount::p
                0x200004a0                UpDownCount::sub
                0x200004bc                UpDownCount::next_report_time
 .bss           0x200004c0       0xfc .\CortexM0\ARM_GCC_493\Debug\I2C_device.o
                0x200004c0                I2C_device::reply_msg
                0x200004ec                I2C_device::reply_dim
                0x200004fc                I2C_device::reply_data
                0x20000504                I2C_device::reply_pub
                0x20000518                I2C_device::i2caddr
                0x20000519                I2C_device::max_readback_bytes
                0x2000051a                I2C_device::state
                0x2000051c                I2C_device::cmd_sub_w
                0x20000560                I2C_device::cmd_sub_r
                0x200005a4                I2C_device::cmd_dim
                0x200005b4                I2C_device::cmd_data
 .bss           0x200005bc       0x30 .\CortexM0\ARM_GCC_493\Debug\ADC.o
                0x200005bc                ADC::adc_msg
                0x200005cc                ADC::p
                0x200005e0                ADC::next_report_time
 .bss           0x200005ec        0x8 .\CortexM0\ARM_GCC_493\Debug\RosOnAStick.a(ROSSerial_UART.o)
                0x200005ec                ROSSerial_UART_initVar
                0x200005f0                ROSSerial_UART_customIntrHandler
 .bss           0x200005f4        0x8 .\CortexM0\ARM_GCC_493\Debug\RosOnAStick.a(I2CMaster.o)
                0x200005f4                I2CMaster_initVar
                0x200005f8                I2CMaster_customIntrHandler
 .bss           0x200005fc        0x1 .\CortexM0\ARM_GCC_493\Debug\RosOnAStick.a(PWM_1.o)
                0x200005fc                PWM_1_initVar
 .bss           0x200005fd        0x1 .\CortexM0\ARM_GCC_493\Debug\RosOnAStick.a(QuadDec_1.o)
                0x200005fd                QuadDec_1_initVar
 .bss           0x200005fe        0x1 .\CortexM0\ARM_GCC_493\Debug\RosOnAStick.a(UpDown.o)
                0x200005fe                UpDown_initVar
 *(COMMON)
 *fill*         0x200005ff        0x1 
 COMMON         0x20000600       0xd5 .\CortexM0\ARM_GCC_493\Debug\RosOnAStick.a(ROSSerial_UART_SPI_UART.o)
                0x20000600                ROSSerial_UART_txBufferHead
                0x20000604                ROSSerial_UART_txBufferTail
                0x20000608                ROSSerial_UART_txBufferInternal
                0x20000688                ROSSerial_UART_rxBufferHead
                0x2000068c                ROSSerial_UART_rxBufferInternal
                0x200006d0                ROSSerial_UART_rxBufferTail
                0x200006d4                ROSSerial_UART_rxBufferOverflow
 COMMON         0x200006d5        0x1 .\CortexM0\ARM_GCC_493\Debug\RosOnAStick.a(I2CMaster_I2C.o)
                0x200006d5                I2CMaster_state
 *fill*         0x200006d6        0x2 
 COMMON         0x200006d8       0x20 .\CortexM0\ARM_GCC_493\Debug\RosOnAStick.a(I2CMaster_I2C_MASTER.o)
                0x200006d8                I2CMaster_mstrControl
                0x200006da                I2CMaster_mstrStatus
                0x200006dc                I2CMaster_mstrRdBufIndex
                0x200006e0                I2CMaster_mstrWrBufPtr
                0x200006e4                I2CMaster_mstrRdBufSize
                0x200006e8                I2CMaster_mstrWrBufIndex
                0x200006ec                I2CMaster_mstrWrBufSize
                0x200006f0                I2CMaster_mstrRdBufPtr
                0x200006f4                I2CMaster_mstrWrBufIndexTmp
                0x200006f8                . = ALIGN (0x8)
 *(.ram.b)
                0x200006f8                _end = .
                0x200006f8                __end = .
                0x200006f8                PROVIDE (end, .)
                0x200006f8                PROVIDE (__bss_end__, .)
                0x00007700                __cy_region_init_ram = LOADADDR (.data)
                0x00000030                __cy_region_init_size_ram = (_edata - ADDR (.data))
                0x000005f8                __cy_region_zero_size_ram = (_end - _edata)

.heap           0x200006f8      0x100 load address 0x00007730
                0x200006f8                . = _end
                0x200007f8                . = (. + 0x100)
 *fill*         0x200006f8      0x100 
                0x200007f8                __cy_heap_limit = .

.stack          0x20000c00      0x400
                0x20000c00                __cy_stack_limit = .
                0x20001000                . = (. + 0x400)
 *fill*         0x20000c00      0x400 
                0x00000001                ASSERT ((__cy_stack_limit >= __cy_heap_limit), region RAM overflowed with stack)

.cyloadermeta   0xf0000000       0x40
 *(.cyloadermeta)
 .cyloadermeta  0xf0000000       0x40 .\CortexM0\ARM_GCC_493\Debug\cybootloader.o
                0xf0000000                cy_meta_loader

.cyloadablemeta
                0x00007fc0       0x40
 *(.cyloadablemeta)
 .cyloadablemeta
                0x00007fc0       0x40 .\CortexM0\ARM_GCC_493\Debug\cymetadata.o
                0x00007fc0                cy_meta_loadable

.cyflashprotect
                0x90400000       0x20
 *(.cyflashprotect)
 .cyflashprotect
                0x90400000       0x20 .\CortexM0\ARM_GCC_493\Debug\cybootloader.o
                0x90400000                cy_meta_flashprotect

.cymeta         0x90500000        0xc
 *(.cymeta)
 .cymeta        0x90500000        0xc .\CortexM0\ARM_GCC_493\Debug\cybootloader.o
                0x90500000                cy_metadata

.cychipprotect  0x90600000        0x4
 *(.cychipprotect)
 .cychipprotect
                0x90600000        0x4 .\CortexM0\ARM_GCC_493\Debug\cybootloader.o
                0x90600000                cy_meta_chipprotect

.rel.dyn        0x00008000        0x0 load address 0x90600004
 .rel.iplt      0x00000000        0x0 c:/program files (x86)/cypress/psoc creator/3.3/psoc creator/import/gnu/arm/4.9.3/bin/../lib/gcc/arm-none-eabi/4.9.3/armv6-m/crtbegin.o

.stab
 *(.stab)

.stabstr
 *(.stabstr)

.debug
 *(.debug)

.line
 *(.line)

.debug_srcinfo
 *(.debug_srcinfo)

.debug_sfnames
 *(.debug_sfnames)

.debug_aranges  0x00000000     0x14c8
 *(.debug_aranges)
 .debug_aranges
                0x00000000      0x178 .\CortexM0\ARM_GCC_493\Debug\main.o
 .debug_aranges
                0x00000178       0x50 .\CortexM0\ARM_GCC_493\Debug\Uarts.o
 .debug_aranges
                0x000001c8       0x20 .\CortexM0\ARM_GCC_493\Debug\cxxabi-compat.o
 .debug_aranges
                0x000001e8       0x38 .\CortexM0\ARM_GCC_493\Debug\duration.o
 .debug_aranges
                0x00000220       0x38 .\CortexM0\ARM_GCC_493\Debug\init.o
 .debug_aranges
                0x00000258       0x30 .\CortexM0\ARM_GCC_493\Debug\isnprintf.o
 .debug_aranges
                0x00000288       0x20 .\CortexM0\ARM_GCC_493\Debug\SysTimer.o
 .debug_aranges
                0x000002a8       0x38 .\CortexM0\ARM_GCC_493\Debug\time.o
 .debug_aranges
                0x000002e0       0xa8 .\CortexM0\ARM_GCC_493\Debug\Blink.o
 .debug_aranges
                0x00000388       0x88 .\CortexM0\ARM_GCC_493\Debug\HelloWorld.o
 .debug_aranges
                0x00000410       0xc0 .\CortexM0\ARM_GCC_493\Debug\button_example.o
 .debug_aranges
                0x000004d0       0xa8 .\CortexM0\ARM_GCC_493\Debug\ServoControl.o
 .debug_aranges
                0x00000578       0xb8 .\CortexM0\ARM_GCC_493\Debug\Encoder.o
 .debug_aranges
                0x00000630       0xb0 .\CortexM0\ARM_GCC_493\Debug\StepperControl.o
 .debug_aranges
                0x000006e0       0xf0 .\CortexM0\ARM_GCC_493\Debug\UpDownCount.o
 .debug_aranges
                0x000007d0      0x118 .\CortexM0\ARM_GCC_493\Debug\I2C_device.o
 .debug_aranges
                0x000008e8       0xa8 .\CortexM0\ARM_GCC_493\Debug\ADC.o
 .debug_aranges
                0x00000990       0x18 .\CortexM0\ARM_GCC_493\Debug\cybootloader.o
 .debug_aranges
                0x000009a8       0x18 .\CortexM0\ARM_GCC_493\Debug\cymetadata.o
 .debug_aranges
                0x000009c0       0x40 .\CortexM0\ARM_GCC_493\Debug\Cm0Start.o
 .debug_aranges
                0x00000a00       0x58 .\CortexM0\ARM_GCC_493\Debug\RosOnAStick.a(cyfitter_cfg.o)
 .debug_aranges
                0x00000a58       0x40 .\CortexM0\ARM_GCC_493\Debug\RosOnAStick.a(ROSSerial_UART_Clock.o)
 .debug_aranges
                0x00000a98       0x50 .\CortexM0\ARM_GCC_493\Debug\RosOnAStick.a(ROSSerial_UART.o)
 .debug_aranges
                0x00000ae8       0x60 .\CortexM0\ARM_GCC_493\Debug\RosOnAStick.a(ROSSerial_UART_SPI_UART.o)
 .debug_aranges
                0x00000b48       0x50 .\CortexM0\ARM_GCC_493\Debug\RosOnAStick.a(ROSSerial_UART_UART.o)
 .debug_aranges
                0x00000b98       0x40 .\CortexM0\ARM_GCC_493\Debug\RosOnAStick.a(P1_6.o)
 .debug_aranges
                0x00000bd8       0x70 .\CortexM0\ARM_GCC_493\Debug\RosOnAStick.a(I2CMaster.o)
 .debug_aranges
                0x00000c48       0x28 .\CortexM0\ARM_GCC_493\Debug\RosOnAStick.a(I2CMaster_I2C.o)
 .debug_aranges
                0x00000c70       0x88 .\CortexM0\ARM_GCC_493\Debug\RosOnAStick.a(I2CMaster_I2C_MASTER.o)
 .debug_aranges
                0x00000cf8       0xa8 .\CortexM0\ARM_GCC_493\Debug\RosOnAStick.a(ADC_SAR_SEQ.o)
 .debug_aranges
                0x00000da0       0x20 .\CortexM0\ARM_GCC_493\Debug\RosOnAStick.a(ADC_SAR_SEQ_INT.o)
 .debug_aranges
                0x00000dc0      0x158 .\CortexM0\ARM_GCC_493\Debug\RosOnAStick.a(PWM_1.o)
 .debug_aranges
                0x00000f18      0x158 .\CortexM0\ARM_GCC_493\Debug\RosOnAStick.a(QuadDec_1.o)
 .debug_aranges
                0x00001070       0x40 .\CortexM0\ARM_GCC_493\Debug\RosOnAStick.a(Quad_Clock.o)
 .debug_aranges
                0x000010b0       0x28 .\CortexM0\ARM_GCC_493\Debug\RosOnAStick.a(Stepper_Control.o)
 .debug_aranges
                0x000010d8       0x98 .\CortexM0\ARM_GCC_493\Debug\RosOnAStick.a(UpDown.o)
 .debug_aranges
                0x00001170       0x48 .\CortexM0\ARM_GCC_493\Debug\RosOnAStick.a(Button_in.o)
 .debug_aranges
                0x000011b8       0x48 .\CortexM0\ARM_GCC_493\Debug\RosOnAStick.a(I2CMaster_sda.o)
 .debug_aranges
                0x00001200       0x48 .\CortexM0\ARM_GCC_493\Debug\RosOnAStick.a(I2CMaster_scl.o)
 .debug_aranges
                0x00001248       0x80 .\CortexM0\ARM_GCC_493\Debug\RosOnAStick.a(ADC_SAR_SEQ_IRQ.o)
 .debug_aranges
                0x000012c8       0x20 .\CortexM0\ARM_GCC_493\Debug\RosOnAStick.a(CyBootAsmGnu.o)
 .debug_aranges
                0x000012e8      0x1a0 .\CortexM0\ARM_GCC_493\Debug\RosOnAStick.a(CyLib.o)
 .debug_aranges
                0x00001488       0x20 .\CortexM0\ARM_GCC_493\Debug\RosOnAStick.a(ROSSerial_UART_SPI_UART_INT.o)
 .debug_aranges
                0x000014a8       0x20 .\CortexM0\ARM_GCC_493\Debug\RosOnAStick.a(I2CMaster_I2C_INT.o)

.debug_pubnames
 *(.debug_pubnames)

.debug_info     0x00000000    0x110df
 *(.debug_info .gnu.linkonce.wi.*)
 .debug_info    0x00000000     0x20cb .\CortexM0\ARM_GCC_493\Debug\main.o
 .debug_info    0x000020cb      0x768 .\CortexM0\ARM_GCC_493\Debug\Uarts.o
 .debug_info    0x00002833       0x37 .\CortexM0\ARM_GCC_493\Debug\cxxabi-compat.o
 .debug_info    0x0000286a      0x2e1 .\CortexM0\ARM_GCC_493\Debug\duration.o
 .debug_info    0x00002b4b      0x6cf .\CortexM0\ARM_GCC_493\Debug\init.o
 .debug_info    0x0000321a      0x21d .\CortexM0\ARM_GCC_493\Debug\isnprintf.o
 .debug_info    0x00003437      0x46a .\CortexM0\ARM_GCC_493\Debug\SysTimer.o
 .debug_info    0x000038a1      0x446 .\CortexM0\ARM_GCC_493\Debug\time.o
 .debug_info    0x00003ce7      0xe26 .\CortexM0\ARM_GCC_493\Debug\Blink.o
 .debug_info    0x00004b0d      0xbc6 .\CortexM0\ARM_GCC_493\Debug\HelloWorld.o
 .debug_info    0x000056d3      0xf91 .\CortexM0\ARM_GCC_493\Debug\button_example.o
 .debug_info    0x00006664      0xe31 .\CortexM0\ARM_GCC_493\Debug\ServoControl.o
 .debug_info    0x00007495      0xf4f .\CortexM0\ARM_GCC_493\Debug\Encoder.o
 .debug_info    0x000083e4      0xf62 .\CortexM0\ARM_GCC_493\Debug\StepperControl.o
 .debug_info    0x00009346     0x135f .\CortexM0\ARM_GCC_493\Debug\UpDownCount.o
 .debug_info    0x0000a6a5     0x17da .\CortexM0\ARM_GCC_493\Debug\I2C_device.o
 .debug_info    0x0000be7f      0xd1d .\CortexM0\ARM_GCC_493\Debug\ADC.o
 .debug_info    0x0000cb9c      0x14d .\CortexM0\ARM_GCC_493\Debug\cybootloader.o
 .debug_info    0x0000cce9       0xb1 .\CortexM0\ARM_GCC_493\Debug\cymetadata.o
 .debug_info    0x0000cd9a      0x2a5 .\CortexM0\ARM_GCC_493\Debug\Cm0Start.o
 .debug_info    0x0000d03f      0x388 .\CortexM0\ARM_GCC_493\Debug\RosOnAStick.a(cyfitter_cfg.o)
 .debug_info    0x0000d3c7      0x14c .\CortexM0\ARM_GCC_493\Debug\RosOnAStick.a(ROSSerial_UART_Clock.o)
 .debug_info    0x0000d513      0x16f .\CortexM0\ARM_GCC_493\Debug\RosOnAStick.a(ROSSerial_UART.o)
 .debug_info    0x0000d682      0x324 .\CortexM0\ARM_GCC_493\Debug\RosOnAStick.a(ROSSerial_UART_SPI_UART.o)
 .debug_info    0x0000d9a6      0x248 .\CortexM0\ARM_GCC_493\Debug\RosOnAStick.a(ROSSerial_UART_UART.o)
 .debug_info    0x0000dbee      0x14b .\CortexM0\ARM_GCC_493\Debug\RosOnAStick.a(P1_6.o)
 .debug_info    0x0000dd39      0x1f3 .\CortexM0\ARM_GCC_493\Debug\RosOnAStick.a(I2CMaster.o)
 .debug_info    0x0000df2c      0x118 .\CortexM0\ARM_GCC_493\Debug\RosOnAStick.a(I2CMaster_I2C.o)
 .debug_info    0x0000e044      0x465 .\CortexM0\ARM_GCC_493\Debug\RosOnAStick.a(I2CMaster_I2C_MASTER.o)
 .debug_info    0x0000e4a9      0x499 .\CortexM0\ARM_GCC_493\Debug\RosOnAStick.a(ADC_SAR_SEQ.o)
 .debug_info    0x0000e942       0xc3 .\CortexM0\ARM_GCC_493\Debug\RosOnAStick.a(ADC_SAR_SEQ_INT.o)
 .debug_info    0x0000ea05      0x6f1 .\CortexM0\ARM_GCC_493\Debug\RosOnAStick.a(PWM_1.o)
 .debug_info    0x0000f0f6      0x6f1 .\CortexM0\ARM_GCC_493\Debug\RosOnAStick.a(QuadDec_1.o)
 .debug_info    0x0000f7e7      0x14c .\CortexM0\ARM_GCC_493\Debug\RosOnAStick.a(Quad_Clock.o)
 .debug_info    0x0000f933       0xd5 .\CortexM0\ARM_GCC_493\Debug\RosOnAStick.a(Stepper_Control.o)
 .debug_info    0x0000fa08      0x286 .\CortexM0\ARM_GCC_493\Debug\RosOnAStick.a(UpDown.o)
 .debug_info    0x0000fc8e      0x196 .\CortexM0\ARM_GCC_493\Debug\RosOnAStick.a(Button_in.o)
 .debug_info    0x0000fe24      0x196 .\CortexM0\ARM_GCC_493\Debug\RosOnAStick.a(I2CMaster_sda.o)
 .debug_info    0x0000ffba      0x196 .\CortexM0\ARM_GCC_493\Debug\RosOnAStick.a(I2CMaster_scl.o)
 .debug_info    0x00010150      0x243 .\CortexM0\ARM_GCC_493\Debug\RosOnAStick.a(ADC_SAR_SEQ_IRQ.o)
 .debug_info    0x00010393       0x76 .\CortexM0\ARM_GCC_493\Debug\RosOnAStick.a(CyBootAsmGnu.o)
 .debug_info    0x00010409      0x9c7 .\CortexM0\ARM_GCC_493\Debug\RosOnAStick.a(CyLib.o)
 .debug_info    0x00010dd0      0x188 .\CortexM0\ARM_GCC_493\Debug\RosOnAStick.a(ROSSerial_UART_SPI_UART_INT.o)
 .debug_info    0x00010f58      0x187 .\CortexM0\ARM_GCC_493\Debug\RosOnAStick.a(I2CMaster_I2C_INT.o)

.debug_abbrev   0x00000000     0x53d5
 *(.debug_abbrev)
 .debug_abbrev  0x00000000      0x57f .\CortexM0\ARM_GCC_493\Debug\main.o
 .debug_abbrev  0x0000057f      0x2c6 .\CortexM0\ARM_GCC_493\Debug\Uarts.o
 .debug_abbrev  0x00000845       0x2a .\CortexM0\ARM_GCC_493\Debug\cxxabi-compat.o
 .debug_abbrev  0x0000086f      0x199 .\CortexM0\ARM_GCC_493\Debug\duration.o
 .debug_abbrev  0x00000a08      0x305 .\CortexM0\ARM_GCC_493\Debug\init.o
 .debug_abbrev  0x00000d0d       0xed .\CortexM0\ARM_GCC_493\Debug\isnprintf.o
 .debug_abbrev  0x00000dfa      0x259 .\CortexM0\ARM_GCC_493\Debug\SysTimer.o
 .debug_abbrev  0x00001053      0x195 .\CortexM0\ARM_GCC_493\Debug\time.o
 .debug_abbrev  0x000011e8      0x460 .\CortexM0\ARM_GCC_493\Debug\Blink.o
 .debug_abbrev  0x00001648      0x46d .\CortexM0\ARM_GCC_493\Debug\HelloWorld.o
 .debug_abbrev  0x00001ab5      0x4f4 .\CortexM0\ARM_GCC_493\Debug\button_example.o
 .debug_abbrev  0x00001fa9      0x45d .\CortexM0\ARM_GCC_493\Debug\ServoControl.o
 .debug_abbrev  0x00002406      0x4b7 .\CortexM0\ARM_GCC_493\Debug\Encoder.o
 .debug_abbrev  0x000028bd      0x4df .\CortexM0\ARM_GCC_493\Debug\StepperControl.o
 .debug_abbrev  0x00002d9c      0x4fd .\CortexM0\ARM_GCC_493\Debug\UpDownCount.o
 .debug_abbrev  0x00003299      0x494 .\CortexM0\ARM_GCC_493\Debug\I2C_device.o
 .debug_abbrev  0x0000372d      0x502 .\CortexM0\ARM_GCC_493\Debug\ADC.o
 .debug_abbrev  0x00003c2f       0x77 .\CortexM0\ARM_GCC_493\Debug\cybootloader.o
 .debug_abbrev  0x00003ca6       0x5d .\CortexM0\ARM_GCC_493\Debug\cymetadata.o
 .debug_abbrev  0x00003d03      0x173 .\CortexM0\ARM_GCC_493\Debug\Cm0Start.o
 .debug_abbrev  0x00003e76      0x1bc .\CortexM0\ARM_GCC_493\Debug\RosOnAStick.a(cyfitter_cfg.o)
 .debug_abbrev  0x00004032       0xa8 .\CortexM0\ARM_GCC_493\Debug\RosOnAStick.a(ROSSerial_UART_Clock.o)
 .debug_abbrev  0x000040da       0xd9 .\CortexM0\ARM_GCC_493\Debug\RosOnAStick.a(ROSSerial_UART.o)
 .debug_abbrev  0x000041b3      0x142 .\CortexM0\ARM_GCC_493\Debug\RosOnAStick.a(ROSSerial_UART_SPI_UART.o)
 .debug_abbrev  0x000042f5       0xe5 .\CortexM0\ARM_GCC_493\Debug\RosOnAStick.a(ROSSerial_UART_UART.o)
 .debug_abbrev  0x000043da       0xaa .\CortexM0\ARM_GCC_493\Debug\RosOnAStick.a(P1_6.o)
 .debug_abbrev  0x00004484       0xf3 .\CortexM0\ARM_GCC_493\Debug\RosOnAStick.a(I2CMaster.o)
 .debug_abbrev  0x00004577       0x90 .\CortexM0\ARM_GCC_493\Debug\RosOnAStick.a(I2CMaster_I2C.o)
 .debug_abbrev  0x00004607      0x154 .\CortexM0\ARM_GCC_493\Debug\RosOnAStick.a(I2CMaster_I2C_MASTER.o)
 .debug_abbrev  0x0000475b      0x163 .\CortexM0\ARM_GCC_493\Debug\RosOnAStick.a(ADC_SAR_SEQ.o)
 .debug_abbrev  0x000048be       0x65 .\CortexM0\ARM_GCC_493\Debug\RosOnAStick.a(ADC_SAR_SEQ_INT.o)
 .debug_abbrev  0x00004923       0xfc .\CortexM0\ARM_GCC_493\Debug\RosOnAStick.a(PWM_1.o)
 .debug_abbrev  0x00004a1f       0xfc .\CortexM0\ARM_GCC_493\Debug\RosOnAStick.a(QuadDec_1.o)
 .debug_abbrev  0x00004b1b       0xa8 .\CortexM0\ARM_GCC_493\Debug\RosOnAStick.a(Quad_Clock.o)
 .debug_abbrev  0x00004bc3       0x81 .\CortexM0\ARM_GCC_493\Debug\RosOnAStick.a(Stepper_Control.o)
 .debug_abbrev  0x00004c44      0x12c .\CortexM0\ARM_GCC_493\Debug\RosOnAStick.a(UpDown.o)
 .debug_abbrev  0x00004d70       0xaa .\CortexM0\ARM_GCC_493\Debug\RosOnAStick.a(Button_in.o)
 .debug_abbrev  0x00004e1a       0xaa .\CortexM0\ARM_GCC_493\Debug\RosOnAStick.a(I2CMaster_sda.o)
 .debug_abbrev  0x00004ec4       0xaa .\CortexM0\ARM_GCC_493\Debug\RosOnAStick.a(I2CMaster_scl.o)
 .debug_abbrev  0x00004f6e      0x177 .\CortexM0\ARM_GCC_493\Debug\RosOnAStick.a(ADC_SAR_SEQ_IRQ.o)
 .debug_abbrev  0x000050e5       0x14 .\CortexM0\ARM_GCC_493\Debug\RosOnAStick.a(CyBootAsmGnu.o)
 .debug_abbrev  0x000050f9      0x1a0 .\CortexM0\ARM_GCC_493\Debug\RosOnAStick.a(CyLib.o)
 .debug_abbrev  0x00005299       0xa7 .\CortexM0\ARM_GCC_493\Debug\RosOnAStick.a(ROSSerial_UART_SPI_UART_INT.o)
 .debug_abbrev  0x00005340       0x95 .\CortexM0\ARM_GCC_493\Debug\RosOnAStick.a(I2CMaster_I2C_INT.o)

.debug_line     0x00000000     0x5f97
 *(.debug_line)
 .debug_line    0x00000000      0x873 .\CortexM0\ARM_GCC_493\Debug\main.o
 .debug_line    0x00000873      0x2fc .\CortexM0\ARM_GCC_493\Debug\Uarts.o
 .debug_line    0x00000b6f       0x4e .\CortexM0\ARM_GCC_493\Debug\cxxabi-compat.o