Archive member included because of file (symbol)

.\CortexM0\ARM_GCC_473\Debug\RosOnAStick.a(cyfitter_cfg.o)
                              .\CortexM0\ARM_GCC_473\Debug\Cm0Start.o (cyfitter_cfg)
.\CortexM0\ARM_GCC_473\Debug\RosOnAStick.a(ROSSerial_UART_Clock.o)
                              .\CortexM0\ARM_GCC_473\Debug\Uarts.o (ROSSerial_UART_Clock_SetFractionalDividerRegister)
.\CortexM0\ARM_GCC_473\Debug\RosOnAStick.a(ROSSerial_UART.o)
                              .\CortexM0\ARM_GCC_473\Debug\Uarts.o (ROSSerial_UART_Start)
.\CortexM0\ARM_GCC_473\Debug\RosOnAStick.a(ROSSerial_UART_SPI_UART.o)
                              .\CortexM0\ARM_GCC_473\Debug\Uarts.o (ROSSerial_UART_SpiUartReadRxData)
.\CortexM0\ARM_GCC_473\Debug\RosOnAStick.a(ROSSerial_UART_UART.o)
                              .\CortexM0\ARM_GCC_473\Debug\RosOnAStick.a(ROSSerial_UART.o) (ROSSerial_UART_UartInit)
.\CortexM0\ARM_GCC_473\Debug\RosOnAStick.a(P1_6.o)
                              .\CortexM0\ARM_GCC_473\Debug\Blink.o (P1_6_Write)
.\CortexM0\ARM_GCC_473\Debug\RosOnAStick.a(Port0.o)
                              .\CortexM0\ARM_GCC_473\Debug\button_example.o (Port0_Read)
.\CortexM0\ARM_GCC_473\Debug\RosOnAStick.a(ADC_SAR_SEQ.o)
                              .\CortexM0\ARM_GCC_473\Debug\ADC.o (ADC_SAR_SEQ_Start)
.\CortexM0\ARM_GCC_473\Debug\RosOnAStick.a(ADC_SAR_SEQ_INT.o)
                              .\CortexM0\ARM_GCC_473\Debug\RosOnAStick.a(ADC_SAR_SEQ.o) (ADC_SAR_SEQ_ISR)
.\CortexM0\ARM_GCC_473\Debug\RosOnAStick.a(PWM_1.o)
                              .\CortexM0\ARM_GCC_473\Debug\ServoControl.o (PWM_1_WriteCompare)
.\CortexM0\ARM_GCC_473\Debug\RosOnAStick.a(QuadDec_1.o)
                              .\CortexM0\ARM_GCC_473\Debug\Encoder.o (QuadDec_1_Start)
.\CortexM0\ARM_GCC_473\Debug\RosOnAStick.a(Quad_Clock.o)
                              .\CortexM0\ARM_GCC_473\Debug\Encoder.o (Quad_Clock_Start)
.\CortexM0\ARM_GCC_473\Debug\RosOnAStick.a(CapSense.o)
                              .\CortexM0\ARM_GCC_473\Debug\capsense_button.o (CapSense_Start)
.\CortexM0\ARM_GCC_473\Debug\RosOnAStick.a(CapSense_CSHL.o)
                              .\CortexM0\ARM_GCC_473\Debug\RosOnAStick.a(CapSense.o) (CapSense_rawDataIndex)
.\CortexM0\ARM_GCC_473\Debug\RosOnAStick.a(CapSense_INT.o)
                              .\CortexM0\ARM_GCC_473\Debug\RosOnAStick.a(CapSense.o) (CapSense_ISR)
.\CortexM0\ARM_GCC_473\Debug\RosOnAStick.a(CapSense_SMS.o)
                              .\CortexM0\ARM_GCC_473\Debug\RosOnAStick.a(CapSense.o) (scanSpeedTbl)
.\CortexM0\ARM_GCC_473\Debug\RosOnAStick.a(Stepper_Control.o)
                              .\CortexM0\ARM_GCC_473\Debug\StepperControl.o (Stepper_Control_Write)
.\CortexM0\ARM_GCC_473\Debug\RosOnAStick.a(ADC_SAR_SEQ_IRQ.o)
                              .\CortexM0\ARM_GCC_473\Debug\ADC.o (ADC_SAR_SEQ_IRQ_StartEx)
.\CortexM0\ARM_GCC_473\Debug\RosOnAStick.a(CapSense_SampleClk.o)
                              .\CortexM0\ARM_GCC_473\Debug\RosOnAStick.a(CapSense.o) (CapSense_SampleClk_Start)
.\CortexM0\ARM_GCC_473\Debug\RosOnAStick.a(CapSense_SenseClk.o)
                              .\CortexM0\ARM_GCC_473\Debug\RosOnAStick.a(CapSense.o) (CapSense_SenseClk_Start)
.\CortexM0\ARM_GCC_473\Debug\RosOnAStick.a(CyBootAsmGnu.o)
                              .\CortexM0\ARM_GCC_473\Debug\RosOnAStick.a(cyfitter_cfg.o) (CyDelayCycles)
.\CortexM0\ARM_GCC_473\Debug\RosOnAStick.a(CyLib.o)
                              .\CortexM0\ARM_GCC_473\Debug\RosOnAStick.a(cyfitter_cfg.o) (CyDelayUs)
.\CortexM0\ARM_GCC_473\Debug\RosOnAStick.a(UpDown.o)
                              .\CortexM0\ARM_GCC_473\Debug\UpDownCount.o (UpDown_WriteCounter)
.\CortexM0\ARM_GCC_473\Debug\RosOnAStick.a(Transimpedance.o)
                              .\CortexM0\ARM_GCC_473\Debug\ADC.o (Transimpedance_Start)
.\CortexM0\ARM_GCC_473\Debug\RosOnAStick.a(ROSSerial_UART_SPI_UART_INT.o)
                              .\CortexM0\ARM_GCC_473\Debug\RosOnAStick.a(ROSSerial_UART_UART.o) (ROSSerial_UART_SPI_UART_ISR)
C:\Program Files\Cypress\PSoC Creator\3.0\PSoC Creator\psoc\content\cycomponentlibrary\CyComponentLibrary.cylib\CortexM0\ARM_GCC_473\Debug\CyComponentLibrary.a(CSD_P4_SmartSense_v2_0.o)
                              .\CortexM0\ARM_GCC_473\Debug\RosOnAStick.a(CapSense_SMS.o) (CalibrateSensors_P4_v2_0)
c:/program files/cypress/psoc creator/3.0/psoc creator/import/gnu_cs/arm/4.7.3/bin/../lib/gcc/arm-none-eabi/4.7.3/armv6-m\libgcc.a(_udivsi3.o)
                              .\CortexM0\ARM_GCC_473\Debug\main.o (__aeabi_uidiv)
c:/program files/cypress/psoc creator/3.0/psoc creator/import/gnu_cs/arm/4.7.3/bin/../lib/gcc/arm-none-eabi/4.7.3/armv6-m\libgcc.a(_divsi3.o)
                              .\CortexM0\ARM_GCC_473\Debug\time.o (__aeabi_idiv)
c:/program files/cypress/psoc creator/3.0/psoc creator/import/gnu_cs/arm/4.7.3/bin/../lib/gcc/arm-none-eabi/4.7.3/armv6-m\libgcc.a(_dvmd_tls.o)
[...]
Memory Configuration

Name             Origin             Length             Attributes
rom              0x00000000         0x00008000         xr
ram              0x20000000         0x00001000         xrw
*default*        0x00000000         0xffffffff

Linker script and memory map

LOAD c:/program files/cypress/psoc creator/3.0/psoc creator/import/gnu_cs/arm/4.7.3/bin/../lib/gcc/arm-none-eabi/4.7.3/armv6-m/crti.o
LOAD c:/program files/cypress/psoc creator/3.0/psoc creator/import/gnu_cs/arm/4.7.3/bin/../lib/gcc/arm-none-eabi/4.7.3/armv6-m/crtbegin.o
LOAD c:/program files/cypress/psoc creator/3.0/psoc creator/import/gnu_cs/arm/4.7.3/bin/../lib/gcc/arm-none-eabi/4.7.3/../../../../arm-none-eabi/lib/armv6-m/crt0.o
START GROUP
LOAD .\CortexM0\ARM_GCC_473\Debug\main.o
LOAD .\CortexM0\ARM_GCC_473\Debug\Uarts.o
LOAD .\CortexM0\ARM_GCC_473\Debug\cxxabi-compat.o
LOAD .\CortexM0\ARM_GCC_473\Debug\duration.o
LOAD .\CortexM0\ARM_GCC_473\Debug\init.o
LOAD .\CortexM0\ARM_GCC_473\Debug\isnprintf.o
LOAD .\CortexM0\ARM_GCC_473\Debug\SysTimer.o
LOAD .\CortexM0\ARM_GCC_473\Debug\time.o
LOAD .\CortexM0\ARM_GCC_473\Debug\ADC.o
LOAD .\CortexM0\ARM_GCC_473\Debug\Blink.o
LOAD .\CortexM0\ARM_GCC_473\Debug\HelloWorld.o
LOAD .\CortexM0\ARM_GCC_473\Debug\button_example.o
LOAD .\CortexM0\ARM_GCC_473\Debug\ServoControl.o
LOAD .\CortexM0\ARM_GCC_473\Debug\Encoder.o
LOAD .\CortexM0\ARM_GCC_473\Debug\StepperControl.o
LOAD .\CortexM0\ARM_GCC_473\Debug\capsense_button.o
LOAD .\CortexM0\ARM_GCC_473\Debug\UpDownCount.o
LOAD .\CortexM0\ARM_GCC_473\Debug\cybootloader.o
LOAD .\CortexM0\ARM_GCC_473\Debug\cymetadata.o
LOAD .\CortexM0\ARM_GCC_473\Debug\Cm0Start.o
LOAD .\CortexM0\ARM_GCC_473\Debug\RosOnAStick.a
LOAD C:\Program Files\Cypress\PSoC Creator\3.0\PSoC Creator\psoc\content\cycomponentlibrary\CyComponentLibrary.cylib\CortexM0\ARM_GCC_473\Debug\CyComponentLibrary.a
END GROUP
START GROUP
LOAD c:/program files/cypress/psoc creator/3.0/psoc creator/import/gnu_cs/arm/4.7.3/bin/../lib/gcc/arm-none-eabi/4.7.3/armv6-m\libgcc.a
LOAD c:/program files/cypress/psoc creator/3.0/psoc creator/import/gnu_cs/arm/4.7.3/bin/../lib/gcc/arm-none-eabi/4.7.3/../../../../arm-none-eabi/lib/armv6-m\libc_s.a
END GROUP
LOAD c:/program files/cypress/psoc creator/3.0/psoc creator/import/gnu_cs/arm/4.7.3/bin/../lib/gcc/arm-none-eabi/4.7.3/armv6-m/crtend.o
LOAD c:/program files/cypress/psoc creator/3.0/psoc creator/import/gnu_cs/arm/4.7.3/bin/../lib/gcc/arm-none-eabi/4.7.3/armv6-m/crtn.o
START GROUP
LOAD c:/program files/cypress/psoc creator/3.0/psoc creator/import/gnu_cs/arm/4.7.3/bin/../lib/gcc/arm-none-eabi/4.7.3/armv6-m\libgcc.a
LOAD c:/program files/cypress/psoc creator/3.0/psoc creator/import/gnu_cs/arm/4.7.3/bin/../lib/gcc/arm-none-eabi/4.7.3/../../../../arm-none-eabi/lib/armv6-m\libc.a
LOAD c:/program files/cypress/psoc creator/3.0/psoc creator/import/gnu_cs/arm/4.7.3/bin/../lib/gcc/arm-none-eabi/4.7.3/../../../../arm-none-eabi/lib/armv6-m\libnosys.a
END GROUP
                0x00000000                CY_APPL_ORIGIN = 0x0
                0x00000080                CY_FLASH_ROW_SIZE = 0x80
                0x00000001                CY_APPL_NUM = 0x1
                0x00000040                CY_METADATA_SIZE = 0x40
                0x200006b0                PROVIDE (__cy_heap_start, _end)
                0x00000001                PROVIDE (__cy_region_num, ((__cy_regions_end - __cy_regions) / 0x10))
                0x20001000                PROVIDE (__cy_stack, (ORIGIN (ram) + 0x1000))
                0x20000c00                PROVIDE (__cy_heap_end, (__cy_stack - 0x400))

.cybootloader   0x00000000      0xf80
 *(.cybootloader)
 .cybootloader  0x00000000      0xf80 .\CortexM0\ARM_GCC_473\Debug\cybootloader.o
                0x00000000                cy_bootloader
                0x00000f80                appl1_start = CY_APPL_ORIGIN?CY_APPL_ORIGIN:ALIGN (CY_FLASH_ROW_SIZE)
                0x00004780                appl2_start = (appl1_start + ALIGN ((((0x8000 - appl1_start) - (0x2 * CY_FLASH_ROW_SIZE)) / 0x2), CY_FLASH_ROW_SIZE))
                0x00000f80                appl_start = (CY_APPL_NUM == 0x1)?appl1_start:appl2_start

.text           0x00000f80     0x5e9a
 CREATE_OBJECT_SYMBOLS
                0x00000f80                PROVIDE (__cy_interrupt_vector, RomVectors)
 *(.romvectors)
 .romvectors    0x00000f80       0x10 .\CortexM0\ARM_GCC_473\Debug\Cm0Start.o
                0x00000f80                RomVectors
                0x00000001                ASSERT ((. != __cy_interrupt_vector), No interrupt vector)
                0x00000001                ASSERT (CY_APPL_ORIGIN?(SIZEOF (.cybootloader) <= CY_APPL_ORIGIN):0x1, Wrong image location)
                0x00000f90                PROVIDE (__cy_reset, Reset)
 *(.text.Reset)
 .text.Reset    0x00000f90       0x14 .\CortexM0\ARM_GCC_473\Debug\Cm0Start.o
                0x00000f90                Reset
                0x00000001                ASSERT ((. != __cy_reset), No reset code)
 *(.psocinit)
 .psocinit      0x00000fa4      0x398 .\CortexM0\ARM_GCC_473\Debug\RosOnAStick.a(cyfitter_cfg.o)
                0x00001154                cyfitter_cfg
                0x0000133c                . = MAX (., 0x100)
 *(.text .text.* .gnu.linkonce.t.*)
 .text          0x0000133c       0x60 c:/program files/cypress/psoc creator/3.0/psoc creator/import/gnu_cs/arm/4.7.3/bin/../lib/gcc/arm-none-eabi/4.7.3/armv6-m/crtbegin.o
 .text._ZN3ros4TimeC2Ev
                0x0000139c       0x20 .\CortexM0\ARM_GCC_473\Debug\main.o
                0x0000139c                ros::Time::Time()
                0x0000139c                ros::Time::Time()
 .text._ZNK8std_msgs4Time9serializeEPh
                0x000013bc       0xac .\CortexM0\ARM_GCC_473\Debug\main.o
                0x000013bc                std_msgs::Time::serialize(unsigned char*) const
 .text._ZN8std_msgs4Time11deserializeEPh
                0x00001468       0xc4 .\CortexM0\ARM_GCC_473\Debug\main.o
                0x00001468                std_msgs::Time::deserialize(unsigned char*)
 .text._ZN8std_msgs4Time7getTypeEv
                0x0000152c       0x18 .\CortexM0\ARM_GCC_473\Debug\main.o
                0x0000152c                std_msgs::Time::getType()
 .text._ZN8std_msgs4Time6getMD5Ev
                0x00001544       0x18 .\CortexM0\ARM_GCC_473\Debug\main.o
                0x00001544                std_msgs::Time::getMD5()
 .text._ZNK14rosserial_msgs9TopicInfo9serializeEPh
                0x0000155c      0x15c .\CortexM0\ARM_GCC_473\Debug\main.o
                0x0000155c                rosserial_msgs::TopicInfo::serialize(unsigned char*) const
 .text._ZN14rosserial_msgs9TopicInfo11deserializeEPh
                0x000016b8      0x1f0 .\CortexM0\ARM_GCC_473\Debug\main.o
                0x000016b8                rosserial_msgs::TopicInfo::deserialize(unsigned char*)
 .text._ZN14rosserial_msgs9TopicInfo7getTypeEv
                0x000018a8       0x18 .\CortexM0\ARM_GCC_473\Debug\main.o
                0x000018a8                rosserial_msgs::TopicInfo::getType()
 .text._ZN14rosserial_msgs9TopicInfo6getMD5Ev
                0x000018c0       0x18 .\CortexM0\ARM_GCC_473\Debug\main.o
                0x000018c0                rosserial_msgs::TopicInfo::getMD5()
 .text._ZNK14rosserial_msgs3Log9serializeEPh
                0x000018d8       0x70 .\CortexM0\ARM_GCC_473\Debug\main.o
                0x000018d8                rosserial_msgs::Log::serialize(unsigned char*) const
 .text._ZN14rosserial_msgs3Log11deserializeEPh
                0x00001948       0x9c .\CortexM0\ARM_GCC_473\Debug\main.o
                0x00001948                rosserial_msgs::Log::deserialize(unsigned char*)
 .text._ZN14rosserial_msgs3Log7getTypeEv
                0x000019e4       0x18 .\CortexM0\ARM_GCC_473\Debug\main.o
                0x000019e4                rosserial_msgs::Log::getType()
 .text._ZN14rosserial_msgs3Log6getMD5Ev
                0x000019fc       0x18 .\CortexM0\ARM_GCC_473\Debug\main.o
                0x000019fc                rosserial_msgs::Log::getMD5()
 .text._ZNK14rosserial_msgs20RequestParamResponse9serializeEPh
                0x00001a14      0x270 .\CortexM0\ARM_GCC_473\Debug\main.o
                0x00001a14                rosserial_msgs::RequestParamResponse::serialize(unsigned char*) const
 .text._ZN14rosserial_msgs20RequestParamResponse11deserializeEPh
                0x00001c84      0x2d4 .\CortexM0\ARM_GCC_473\Debug\main.o
                0x00001c84                rosserial_msgs::RequestParamResponse::deserialize(unsigned char*)
 .text._ZN14rosserial_msgs20RequestParamResponse7getTypeEv
                0x00001f58       0x18 .\CortexM0\ARM_GCC_473\Debug\main.o
                0x00001f58                rosserial_msgs::RequestParamResponse::getType()
 .text._ZN14rosserial_msgs20RequestParamResponse6getMD5Ev
                0x00001f70       0x18 .\CortexM0\ARM_GCC_473\Debug\main.o
                0x00001f70                rosserial_msgs::RequestParamResponse::getMD5()
 .text._ZN3ros9Publisher15getEndpointTypeEv
                0x00001f88       0x14 .\CortexM0\ARM_GCC_473\Debug\main.o
                0x00001f88                ros::Publisher::getEndpointType()
 .text._ZN8SysTimer6millisEv
                0x00001f9c       0x14 .\CortexM0\ARM_GCC_473\Debug\main.o
                0x00001f9c                SysTimer::millis()
 .text._ZN13Psoc4HardwareC2Ev
                0x00001fb0       0x24 .\CortexM0\ARM_GCC_473\Debug\main.o
                0x00001fb0                Psoc4Hardware::Psoc4Hardware()
                0x00001fb0                Psoc4Hardware::Psoc4Hardware()
 .text._ZN13Psoc4Hardware4initEv
                0x00001fd4       0x24 .\CortexM0\ARM_GCC_473\Debug\main.o
                0x00001fd4                Psoc4Hardware::init()
 .text._ZN13Psoc4Hardware4readEv
                0x00001ff8       0x24 .\CortexM0\ARM_GCC_473\Debug\main.o
                0x00001ff8                Psoc4Hardware::read()
 .text._ZN13Psoc4Hardware5writeEPhi
                0x0000201c       0x4c .\CortexM0\ARM_GCC_473\Debug\main.o
                0x0000201c                Psoc4Hardware::write(unsigned char*, int)
 .text._ZN13Psoc4Hardware4timeEv
                0x00002068       0x18 .\CortexM0\ARM_GCC_473\Debug\main.o
                0x00002068                Psoc4Hardware::time()
 .text.main     0x00002080       0x68 .\CortexM0\ARM_GCC_473\Debug\main.o
                0x00002080                main
 .text._ZN3ros15NodeHandleBase_C2Ev
                0x000020e8       0x1c .\CortexM0\ARM_GCC_473\Debug\main.o
                0x000020e8                ros::NodeHandleBase_::NodeHandleBase_()
                0x000020e8                ros::NodeHandleBase_::NodeHandleBase_()
 .text._ZN3ros3MsgC2Ev
                0x00002104       0x1c .\CortexM0\ARM_GCC_473\Debug\main.o
                0x00002104                ros::Msg::Msg()
                0x00002104                ros::Msg::Msg()
 .text._ZN14rosserial_msgs20RequestParamResponseC2Ev
                0x00002120       0x24 .\CortexM0\ARM_GCC_473\Debug\main.o
                0x00002120                rosserial_msgs::RequestParamResponse::RequestParamResponse()
                0x00002120                rosserial_msgs::RequestParamResponse::RequestParamResponse()
 .text._ZN3ros11NodeHandle_I13Psoc4HardwareLi10ELi20ELi200ELi200EEC2Ev
                0x00002144       0x48 .\CortexM0\ARM_GCC_473\Debug\main.o
                0x00002144                ros::NodeHandle_<Psoc4Hardware, 10, 20, 200, 200>::NodeHandle_()
                0x00002144                ros::NodeHandle_<Psoc4Hardware, 10, 20, 200, 200>::NodeHandle_()
 .text._ZN3ros11NodeHandle_I13Psoc4HardwareLi10ELi20ELi200ELi200EE8initNodeEv
                0x0000218c       0x40 .\CortexM0\ARM_GCC_473\Debug\main.o
                0x0000218c                ros::NodeHandle_<Psoc4Hardware, 10, 20, 200, 200>::initNode()
 .text._ZN3ros11NodeHandle_I13Psoc4HardwareLi10ELi20ELi200ELi200EE8spinOnceEv
                0x000021cc      0x3e0 .\CortexM0\ARM_GCC_473\Debug\main.o
                0x000021cc                ros::NodeHandle_<Psoc4Hardware, 10, 20, 200, 200>::spinOnce()
 .text._ZN8std_msgs4TimeC2Ev
                0x000025ac       0x30 .\CortexM0\ARM_GCC_473\Debug\main.o
                0x000025ac                std_msgs::Time::Time()
                0x000025ac                std_msgs::Time::Time()
 .text._ZN3ros11NodeHandle_I13Psoc4HardwareLi10ELi20ELi200ELi200EE15requestSyncTimeEv
                0x000025dc       0x3c .\CortexM0\ARM_GCC_473\Debug\main.o
                0x000025dc                ros::NodeHandle_<Psoc4Hardware, 10, 20, 200, 200>::requestSyncTime()
 .text._ZN14rosserial_msgs9TopicInfoC2Ev
                0x00002618       0x24 .\CortexM0\ARM_GCC_473\Debug\main.o
                0x00002618                rosserial_msgs::TopicInfo::TopicInfo()
                0x00002618                rosserial_msgs::TopicInfo::TopicInfo()
 .text._ZN3ros11NodeHandle_I13Psoc4HardwareLi10ELi20ELi200ELi200EE15negotiateTopicsEv
                0x0000263c      0x1d8 .\CortexM0\ARM_GCC_473\Debug\main.o
                0x0000263c                ros::NodeHandle_<Psoc4Hardware, 10, 20, 200, 200>::negotiateTopics()
 .text._ZN3ros11NodeHandle_I13Psoc4HardwareLi10ELi20ELi200ELi200EE8syncTimeEPh
                0x00002814       0xa0 .\CortexM0\ARM_GCC_473\Debug\main.o
                0x00002814                ros::NodeHandle_<Psoc4Hardware, 10, 20, 200, 200>::syncTime(unsigned char*)
 .text._ZN3ros11NodeHandle_I13Psoc4HardwareLi10ELi20ELi200ELi200EE7publishEiPKNS_3MsgE
                0x000028b4      0x140 .\CortexM0\ARM_GCC_473\Debug\main.o
                0x000028b4                ros::NodeHandle_<Psoc4Hardware, 10, 20, 200, 200>::publish(int, ros::Msg const*)
 .text._ZN3ros11NodeHandle_I13Psoc4HardwareLi10ELi20ELi200ELi200EE6setNowERNS_4TimeE
                0x000029f4       0x74 .\CortexM0\ARM_GCC_473\Debug\main.o
                0x000029f4                ros::NodeHandle_<Psoc4Hardware, 10, 20, 200, 200>::setNow(ros::Time&)
 .text._ZN3ros11NodeHandle_I13Psoc4HardwareLi10ELi20ELi200ELi200EE8logerrorEPKc
                0x00002a68       0x20 .\CortexM0\ARM_GCC_473\Debug\main.o
                0x00002a68                ros::NodeHandle_<Psoc4Hardware, 10, 20, 200, 200>::logerror(char const*)
 .text._ZN14rosserial_msgs3LogC2Ev
                0x00002a88       0x24 .\CortexM0\ARM_GCC_473\Debug\main.o
                0x00002a88                rosserial_msgs::Log::Log()
                0x00002a88                rosserial_msgs::Log::Log()
 .text._ZN3ros11NodeHandle_I13Psoc4HardwareLi10ELi20ELi200ELi200EE3logEcPKc
                0x00002aac       0x48 .\CortexM0\ARM_GCC_473\Debug\main.o
                0x00002aac                ros::NodeHandle_<Psoc4Hardware, 10, 20, 200, 200>::log(char, char const*)
 .text._Z41__static_initialization_and_destruction_0ii
                0x00002af4       0x30 .\CortexM0\ARM_GCC_473\Debug\main.o
 .text._ZN3ros11NodeHandle_I13Psoc4HardwareLi10ELi20ELi200ELi200EE9connectedEv
                0x00002b24       0x18 .\CortexM0\ARM_GCC_473\Debug\main.o
                0x00002b24                ros::NodeHandle_<Psoc4Hardware, 10, 20, 200, 200>::connected()
 .text._GLOBAL__sub_I_nh
                0x00002b3c       0x18 .\CortexM0\ARM_GCC_473\Debug\main.o
 .text._ZN4Uart5beginEm
                0x00002b54       0x48 .\CortexM0\ARM_GCC_473\Debug\Uarts.o
                0x00002b54                Uart::begin(unsigned long)
 .text._ZN4Uart4readEv
                0x00002b9c       0x50 .\CortexM0\ARM_GCC_473\Debug\Uarts.o
                0x00002b9c                Uart::read()
 .text._ZN4Uart5writeEh
                0x00002bec       0x24 .\CortexM0\ARM_GCC_473\Debug\Uarts.o
                0x00002bec                Uart::write(unsigned char)
 .text._ZN14HardwareSerialC2Ev
                0x00002c10       0x1c .\CortexM0\ARM_GCC_473\Debug\Uarts.o
                0x00002c10                HardwareSerial::HardwareSerial()
                0x00002c10                HardwareSerial::HardwareSerial()
 .text._ZN4UartC2Ev
                0x00002c2c       0x24 .\CortexM0\ARM_GCC_473\Debug\Uarts.o
                0x00002c2c                Uart::Uart()
                0x00002c2c                Uart::Uart()
 .text._Z41__static_initialization_and_destruction_0ii
                0x00002c50       0x30 .\CortexM0\ARM_GCC_473\Debug\Uarts.o
 .text._GLOBAL__sub_I__ZN4Uart5beginEm
                0x00002c80       0x18 .\CortexM0\ARM_GCC_473\Debug\Uarts.o
 .text.__cxa_pure_virtual
                0x00002c98        0x8 .\CortexM0\ARM_GCC_473\Debug\cxxabi-compat.o
                0x00002c98                __cxa_pure_virtual
 .text._ZN8SysTimer4initEv
                0x00002ca0       0x20 .\CortexM0\ARM_GCC_473\Debug\init.o
                0x00002ca0                SysTimer::init()
 .text.NVIC_SetPriority
                0x00002cc0       0xe0 .\CortexM0\ARM_GCC_473\Debug\init.o
 .text.SysTick_Config
                0x00002da0       0x48 .\CortexM0\ARM_GCC_473\Debug\init.o
 .text._Z4initv
                0x00002de8       0x1c .\CortexM0\ARM_GCC_473\Debug\init.o
                0x00002de8                init()
 .text._Z11SysTick_ISRv
                0x00002e04       0x18 .\CortexM0\ARM_GCC_473\Debug\SysTimer.o
                0x00002e04                SysTick_ISR()
 .text._ZN3ros16normalizeSecNSecERmS0_
                0x00002e1c       0x48 .\CortexM0\ARM_GCC_473\Debug\time.o
                0x00002e1c                ros::normalizeSecNSec(unsigned long&, unsigned long&)
 .text._ZN3ros9PublisherC2EPKcPNS_3MsgEi
                0x00002e64       0x2c .\CortexM0\ARM_GCC_473\Debug\ADC.o
                0x00002e64                ros::Publisher::Publisher(char const*, ros::Msg*, int)
                0x00002e64                ros::Publisher::Publisher(char const*, ros::Msg*, int)
 .text._ZN3ros9Publisher7publishEPKNS_3MsgE
                0x00002e90       0x30 .\CortexM0\ARM_GCC_473\Debug\ADC.o
                0x00002e90                ros::Publisher::publish(ros::Msg const*)
 .text._ZNK15rosserial_psoc43Adc9serializeEPh
                0x00002ec0      0x108 .\CortexM0\ARM_GCC_473\Debug\ADC.o
                0x00002ec0                rosserial_psoc4::Adc::serialize(unsigned char*) const
 .text._ZN15rosserial_psoc43Adc11deserializeEPh
                0x00002fc8      0x144 .\CortexM0\ARM_GCC_473\Debug\ADC.o
                0x00002fc8                rosserial_psoc4::Adc::deserialize(unsigned char*)
 .text._ZN15rosserial_psoc43Adc7getTypeEv
                0x0000310c       0x18 .\CortexM0\ARM_GCC_473\Debug\ADC.o
                0x0000310c                rosserial_psoc4::Adc::getType()
 .text._ZN15rosserial_psoc43Adc6getMD5Ev
                0x00003124       0x18 .\CortexM0\ARM_GCC_473\Debug\ADC.o
                0x00003124                rosserial_psoc4::Adc::getMD5()
 .text._ZN15rosserial_psoc43AdcC2Ev
                0x0000313c       0x24 .\CortexM0\ARM_GCC_473\Debug\ADC.o
                0x0000313c                rosserial_psoc4::Adc::Adc()
                0x0000313c                rosserial_psoc4::Adc::Adc()
 .text._ZN3ADC19ADC_SAR_SEQ_ISR_LOCEv
                0x00003160       0x5c .\CortexM0\ARM_GCC_473\Debug\ADC.o
                0x00003160                ADC::ADC_SAR_SEQ_ISR_LOC()
 .text._ZN3ADC9adc_setupEv
                0x000031bc       0x20 .\CortexM0\ARM_GCC_473\Debug\ADC.o
                0x000031bc                ADC::adc_setup()
 .text._ZN3ADC10analogReadEi
                0x000031dc       0x20 .\CortexM0\ARM_GCC_473\Debug\ADC.o
                0x000031dc                ADC::analogRead(int)
 .text._ZN3ADC5setupEv
                0x000031fc       0x30 .\CortexM0\ARM_GCC_473\Debug\ADC.o
                0x000031fc                ADC::setup()
 .text._ZN3ADC13averageAnalogEi
                0x0000322c       0x54 .\CortexM0\ARM_GCC_473\Debug\ADC.o
                0x0000322c                ADC::averageAnalog(int)
 .text._ZN3ADC4loopEv
                0x00003280       0x70 .\CortexM0\ARM_GCC_473\Debug\ADC.o
                0x00003280                ADC::loop()
 .text._ZN3ros11NodeHandle_I13Psoc4HardwareLi10ELi20ELi200ELi200EE9advertiseERNS_9PublisherE
                0x000032f0       0x64 .\CortexM0\ARM_GCC_473\Debug\ADC.o
                0x000032f0                ros::NodeHandle_<Psoc4Hardware, 10, 20, 200, 200>::advertise(ros::Publisher&)
 .text._Z41__static_initialization_and_destruction_0ii
                0x00003354       0x48 .\CortexM0\ARM_GCC_473\Debug\ADC.o
 .text._GLOBAL__sub_I__ZN3ADC7adc_msgE
                0x0000339c       0x18 .\CortexM0\ARM_GCC_473\Debug\ADC.o
 .text._ZNK8std_msgs5Empty9serializeEPh
                0x000033b4       0x18 .\CortexM0\ARM_GCC_473\Debug\Blink.o
                0x000033b4                std_msgs::Empty::serialize(unsigned char*) const
 .text._ZN8std_msgs5Empty11deserializeEPh
                0x000033cc       0x18 .\CortexM0\ARM_GCC_473\Debug\Blink.o
                0x000033cc                std_msgs::Empty::deserialize(unsigned char*)
 .text._ZN8std_msgs5Empty7getTypeEv
                0x000033e4       0x18 .\CortexM0\ARM_GCC_473\Debug\Blink.o
                0x000033e4                std_msgs::Empty::getType()
 .text._ZN8std_msgs5Empty6getMD5Ev
                0x000033fc       0x18 .\CortexM0\ARM_GCC_473\Debug\Blink.o
                0x000033fc                std_msgs::Empty::getMD5()
 .text._ZN5Blink9messageCbERKN8std_msgs5EmptyE
                0x00003414       0x20 .\CortexM0\ARM_GCC_473\Debug\Blink.o
                0x00003414                Blink::messageCb(std_msgs::Empty const&)
 .text._ZN5Blink5setupEv
                0x00003434       0x30 .\CortexM0\ARM_GCC_473\Debug\Blink.o
                0x00003434                Blink::setup()
 .text._ZN5Blink4loopEv
                0x00003464       0x18 .\CortexM0\ARM_GCC_473\Debug\Blink.o
                0x00003464                Blink::loop()
 .text._ZN3ros11Subscriber_C2Ev
                0x0000347c       0x1c .\CortexM0\ARM_GCC_473\Debug\Blink.o
                0x0000347c                ros::Subscriber_::Subscriber_()
                0x0000347c                ros::Subscriber_::Subscriber_()
 .text._ZN8std_msgs5EmptyC2Ev
                0x00003498       0x24 .\CortexM0\ARM_GCC_473\Debug\Blink.o
                0x00003498                std_msgs::Empty::Empty()
                0x00003498                std_msgs::Empty::Empty()
 .text._ZN3ros10SubscriberIN8std_msgs5EmptyEEC2EPKcPFvRKS2_Ei
                0x000034bc       0x4c .\CortexM0\ARM_GCC_473\Debug\Blink.o
                0x000034bc                ros::Subscriber<std_msgs::Empty>::Subscriber(char const*, void (*)(std_msgs::Empty const&), int)
                0x000034bc                ros::Subscriber<std_msgs::Empty>::Subscriber(char const*, void (*)(std_msgs::Empty const&), int)
 .text._ZN3ros11NodeHandle_I13Psoc4HardwareLi10ELi20ELi200ELi200EE9subscribeIN8std_msgs5EmptyEEEbRNS_10SubscriberIT_EE
                0x00003508       0x60 .\CortexM0\ARM_GCC_473\Debug\Blink.o
                0x00003508                bool ros::NodeHandle_<Psoc4Hardware, 10, 20, 200, 200>::subscribe<std_msgs::Empty>(ros::Subscriber<std_msgs::Empty>&)
 .text._Z41__static_initialization_and_destruction_0ii
                0x00003568       0x40 .\CortexM0\ARM_GCC_473\Debug\Blink.o
 .text._ZN3ros10SubscriberIN8std_msgs5EmptyEE8callbackEPh
                0x000035a8       0x4c .\CortexM0\ARM_GCC_473\Debug\Blink.o
                0x000035a8                ros::Subscriber<std_msgs::Empty>::callback(unsigned char*)
 .text._ZN3ros10SubscriberIN8std_msgs5EmptyEE15getEndpointTypeEv
                0x000035f4       0x14 .\CortexM0\ARM_GCC_473\Debug\Blink.o
                0x000035f4                ros::Subscriber<std_msgs::Empty>::getEndpointType()
 .text._ZN3ros10SubscriberIN8std_msgs5EmptyEE10getMsgTypeEv
                0x00003608       0x1c .\CortexM0\ARM_GCC_473\Debug\Blink.o
                0x00003608                ros::Subscriber<std_msgs::Empty>::getMsgType()
 .text._ZN3ros10SubscriberIN8std_msgs5EmptyEE9getMsgMD5Ev
                0x00003624       0x1c .\CortexM0\ARM_GCC_473\Debug\Blink.o
                0x00003624                ros::Subscriber<std_msgs::Empty>::getMsgMD5()
 .text._GLOBAL__sub_I__ZN5Blink5ledOnE
                0x00003640       0x18 .\CortexM0\ARM_GCC_473\Debug\Blink.o
 .text._ZNK8std_msgs6String9serializeEPh
                0x00003658       0x60 .\CortexM0\ARM_GCC_473\Debug\HelloWorld.o
                0x00003658                std_msgs::String::serialize(unsigned char*) const
 .text._ZN8std_msgs6String11deserializeEPh
                0x000036b8       0x88 .\CortexM0\ARM_GCC_473\Debug\HelloWorld.o
                0x000036b8                std_msgs::String::deserialize(unsigned char*)
 .text._ZN8std_msgs6String7getTypeEv
                0x00003740       0x18 .\CortexM0\ARM_GCC_473\Debug\HelloWorld.o
                0x00003740                std_msgs::String::getType()
 .text._ZN8std_msgs6String6getMD5Ev
                0x00003758       0x18 .\CortexM0\ARM_GCC_473\Debug\HelloWorld.o
                0x00003758                std_msgs::String::getMD5()
 .text._ZN8std_msgs6StringC2Ev
                0x00003770       0x24 .\CortexM0\ARM_GCC_473\Debug\HelloWorld.o
                0x00003770                std_msgs::String::String()
                0x00003770                std_msgs::String::String()
 .text._ZN10HelloWorld5setupEv
                0x00003794       0x2c .\CortexM0\ARM_GCC_473\Debug\HelloWorld.o
                0x00003794                HelloWorld::setup()
 .text._ZN10HelloWorld4loopEv
                0x000037c0       0x50 .\CortexM0\ARM_GCC_473\Debug\HelloWorld.o
                0x000037c0                HelloWorld::loop()
 .text._Z41__static_initialization_and_destruction_0ii
                0x00003810       0x48 .\CortexM0\ARM_GCC_473\Debug\HelloWorld.o
 .text._GLOBAL__sub_I__ZN10HelloWorld7str_msgE
                0x00003858       0x18 .\CortexM0\ARM_GCC_473\Debug\HelloWorld.o
 .text._ZNK8std_msgs4Bool9serializeEPh
                0x00003870       0x38 .\CortexM0\ARM_GCC_473\Debug\button_example.o
                0x00003870                std_msgs::Bool::serialize(unsigned char*) const
 .text._ZN8std_msgs4Bool11deserializeEPh
                0x000038a8       0x48 .\CortexM0\ARM_GCC_473\Debug\button_example.o
                0x000038a8                std_msgs::Bool::deserialize(unsigned char*)
 .text._ZN8std_msgs4Bool7getTypeEv
                0x000038f0       0x18 .\CortexM0\ARM_GCC_473\Debug\button_example.o
                0x000038f0                std_msgs::Bool::getType()
 .text._ZN8std_msgs4Bool6getMD5Ev
                0x00003908       0x18 .\CortexM0\ARM_GCC_473\Debug\button_example.o
                0x00003908                std_msgs::Bool::getMD5()
 .text._ZN8std_msgs4BoolC2Ev
                0x00003920       0x24 .\CortexM0\ARM_GCC_473\Debug\button_example.o
                0x00003920                std_msgs::Bool::Bool()
                0x00003920                std_msgs::Bool::Bool()
 .text._ZN6Button5setupEv
                0x00003944       0x50 .\CortexM0\ARM_GCC_473\Debug\button_example.o
                0x00003944                Button::setup()
 .text._ZN6Button4loopEv
                0x00003994       0xc0 .\CortexM0\ARM_GCC_473\Debug\button_example.o
                0x00003994                Button::loop()
 .text._ZN3ros11NodeHandle_I13Psoc4HardwareLi10ELi20ELi200ELi200EE7loginfoEPKc
                0x00003a54       0x20 .\CortexM0\ARM_GCC_473\Debug\button_example.o
                0x00003a54                ros::NodeHandle_<Psoc4Hardware, 10, 20, 200, 200>::loginfo(char const*)
 .text._Z41__static_initialization_and_destruction_0ii
                0x00003a74       0x48 .\CortexM0\ARM_GCC_473\Debug\button_example.o
 .text._GLOBAL__sub_I__ZN6Button10pushed_msgE
                0x00003abc       0x18 .\CortexM0\ARM_GCC_473\Debug\button_example.o
 .text._ZNK8std_msgs6UInt169serializeEPh
                0x00003ad4       0x40 .\CortexM0\ARM_GCC_473\Debug\ServoControl.o
                0x00003ad4                std_msgs::UInt16::serialize(unsigned char*) const
 .text._ZN8std_msgs6UInt1611deserializeEPh
                0x00003b14       0x4c .\CortexM0\ARM_GCC_473\Debug\ServoControl.o
                0x00003b14                std_msgs::UInt16::deserialize(unsigned char*)
 .text._ZN8std_msgs6UInt167getTypeEv
                0x00003b60       0x18 .\CortexM0\ARM_GCC_473\Debug\ServoControl.o
                0x00003b60                std_msgs::UInt16::getType()
 .text._ZN8std_msgs6UInt166getMD5Ev
                0x00003b78       0x18 .\CortexM0\ARM_GCC_473\Debug\ServoControl.o
                0x00003b78                std_msgs::UInt16::getMD5()
 .text._ZN12ServoControl11servo_us_cbERKN8std_msgs6UInt16E
                0x00003b90       0x58 .\CortexM0\ARM_GCC_473\Debug\ServoControl.o
                0x00003b90                ServoControl::servo_us_cb(std_msgs::UInt16 const&)
 .text._ZN12ServoControl5setupEv
                0x00003be8       0x20 .\CortexM0\ARM_GCC_473\Debug\ServoControl.o
                0x00003be8                ServoControl::setup()
 .text._ZN12ServoControl4loopEv
                0x00003c08        0x8 .\CortexM0\ARM_GCC_473\Debug\ServoControl.o
                0x00003c08                ServoControl::loop()
 .text._ZN8std_msgs6UInt16C2Ev
                0x00003c10       0x24 .\CortexM0\ARM_GCC_473\Debug\ServoControl.o
                0x00003c10                std_msgs::UInt16::UInt16()
                0x00003c10                std_msgs::UInt16::UInt16()
 .text._ZN3ros10SubscriberIN8std_msgs6UInt16EEC2EPKcPFvRKS2_Ei
                0x00003c34       0x4c .\CortexM0\ARM_GCC_473\Debug\ServoControl.o
                0x00003c34                ros::Subscriber<std_msgs::UInt16>::Subscriber(char const*, void (*)(std_msgs::UInt16 const&), int)
                0x00003c34                ros::Subscriber<std_msgs::UInt16>::Subscriber(char const*, void (*)(std_msgs::UInt16 const&), int)
 .text._ZN3ros11NodeHandle_I13Psoc4HardwareLi10ELi20ELi200ELi200EE9subscribeIN8std_msgs6UInt16EEEbRNS_10SubscriberIT_EE
                0x00003c80       0x60 .\CortexM0\ARM_GCC_473\Debug\ServoControl.o
                0x00003c80                bool ros::NodeHandle_<Psoc4Hardware, 10, 20, 200, 200>::subscribe<std_msgs::UInt16>(ros::Subscriber<std_msgs::UInt16>&)
 .text._Z41__static_initialization_and_destruction_0ii
                0x00003ce0       0x40 .\CortexM0\ARM_GCC_473\Debug\ServoControl.o
 .text._ZN3ros10SubscriberIN8std_msgs6UInt16EE8callbackEPh
                0x00003d20       0x4c .\CortexM0\ARM_GCC_473\Debug\ServoControl.o
                0x00003d20                ros::Subscriber<std_msgs::UInt16>::callback(unsigned char*)
 .text._ZN3ros10SubscriberIN8std_msgs6UInt16EE15getEndpointTypeEv
                0x00003d6c       0x14 .\CortexM0\ARM_GCC_473\Debug\ServoControl.o
                0x00003d6c                ros::Subscriber<std_msgs::UInt16>::getEndpointType()
 .text._ZN3ros10SubscriberIN8std_msgs6UInt16EE10getMsgTypeEv
                0x00003d80       0x1c .\CortexM0\ARM_GCC_473\Debug\ServoControl.o
                0x00003d80                ros::Subscriber<std_msgs::UInt16>::getMsgType()
 .text._ZN3ros10SubscriberIN8std_msgs6UInt16EE9getMsgMD5Ev
                0x00003d9c       0x1c .\CortexM0\ARM_GCC_473\Debug\ServoControl.o
                0x00003d9c                ros::Subscriber<std_msgs::UInt16>::getMsgMD5()
 .text._GLOBAL__sub_I__ZN12ServoControl11servo_us_cbERKN8std_msgs6UInt16E
                0x00003db8       0x18 .\CortexM0\ARM_GCC_473\Debug\ServoControl.o
 .text._ZNK8std_msgs5Int329serializeEPh
                0x00003dd0       0x60 .\CortexM0\ARM_GCC_473\Debug\Encoder.o
                0x00003dd0                std_msgs::Int32::serialize(unsigned char*) const
 .text._ZN8std_msgs5Int3211deserializeEPh
                0x00003e30       0x6c .\CortexM0\ARM_GCC_473\Debug\Encoder.o
                0x00003e30                std_msgs::Int32::deserialize(unsigned char*)
 .text._ZN8std_msgs5Int327getTypeEv
                0x00003e9c       0x18 .\CortexM0\ARM_GCC_473\Debug\Encoder.o
                0x00003e9c                std_msgs::Int32::getType()
 .text._ZN8std_msgs5Int326getMD5Ev
                0x00003eb4       0x18 .\CortexM0\ARM_GCC_473\Debug\Encoder.o
                0x00003eb4                std_msgs::Int32::getMD5()
 .text._ZNK8std_msgs5Int169serializeEPh
                0x00003ecc       0x50 .\CortexM0\ARM_GCC_473\Debug\Encoder.o
                0x00003ecc                std_msgs::Int16::serialize(unsigned char*) const
 .text._ZN8std_msgs5Int1611deserializeEPh
                0x00003f1c       0x6c .\CortexM0\ARM_GCC_473\Debug\Encoder.o
                0x00003f1c                std_msgs::Int16::deserialize(unsigned char*)
 .text._ZN8std_msgs5Int167getTypeEv
                0x00003f88       0x18 .\CortexM0\ARM_GCC_473\Debug\Encoder.o
                0x00003f88                std_msgs::Int16::getType()
 .text._ZN8std_msgs5Int166getMD5Ev
                0x00003fa0       0x18 .\CortexM0\ARM_GCC_473\Debug\Encoder.o
                0x00003fa0                std_msgs::Int16::getMD5()
 .text._ZN8std_msgs5Int32C2Ev
                0x00003fb8       0x24 .\CortexM0\ARM_GCC_473\Debug\Encoder.o
                0x00003fb8                std_msgs::Int32::Int32()
                0x00003fb8                std_msgs::Int32::Int32()
 .text._ZN8std_msgs5Int16C2Ev
                0x00003fdc       0x24 .\CortexM0\ARM_GCC_473\Debug\Encoder.o
                0x00003fdc                std_msgs::Int16::Int16()
                0x00003fdc                std_msgs::Int16::Int16()
 .text._ZN7Encoder5setupEv
                0x00004000       0x6c .\CortexM0\ARM_GCC_473\Debug\Encoder.o
                0x00004000                Encoder::setup()
 .text._ZN7Encoder12read_counterEv
                0x0000406c       0x84 .\CortexM0\ARM_GCC_473\Debug\Encoder.o
                0x0000406c                Encoder::read_counter()
 .text._ZN7Encoder4loopEv
                0x000040f0       0x88 .\CortexM0\ARM_GCC_473\Debug\Encoder.o
                0x000040f0                Encoder::loop()
 .text._Z41__static_initialization_and_destruction_0ii
                0x00004178       0x70 .\CortexM0\ARM_GCC_473\Debug\Encoder.o
 .text._GLOBAL__sub_I__ZN7Encoder11encoder_msgE
                0x000041e8       0x18 .\CortexM0\ARM_GCC_473\Debug\Encoder.o
 .text._ZN14StepperControl9messageCbERKN8std_msgs5Int16E
                0x00004200       0x1c .\CortexM0\ARM_GCC_473\Debug\StepperControl.o
                0x00004200                StepperControl::messageCb(std_msgs::Int16 const&)
 .text._ZN14StepperControl5setupEv
                0x0000421c       0x30 .\CortexM0\ARM_GCC_473\Debug\StepperControl.o
                0x0000421c                StepperControl::setup()
 .text._ZN14StepperControl4loopEv
                0x0000424c       0x70 .\CortexM0\ARM_GCC_473\Debug\StepperControl.o
                0x0000424c                StepperControl::loop()
 .text._ZN3ros10SubscriberIN8std_msgs5Int16EEC2EPKcPFvRKS2_Ei
                0x000042bc       0x4c .\CortexM0\ARM_GCC_473\Debug\StepperControl.o
                0x000042bc                ros::Subscriber<std_msgs::Int16>::Subscriber(char const*, void (*)(std_msgs::Int16 const&), int)
                0x000042bc                ros::Subscriber<std_msgs::Int16>::Subscriber(char const*, void (*)(std_msgs::Int16 const&), int)
 .text._ZN3ros11NodeHandle_I13Psoc4HardwareLi10ELi20ELi200ELi200EE9subscribeIN8std_msgs5Int16EEEbRNS_10SubscriberIT_EE
                0x00004308       0x60 .\CortexM0\ARM_GCC_473\Debug\StepperControl.o
                0x00004308                bool ros::NodeHandle_<Psoc4Hardware, 10, 20, 200, 200>::subscribe<std_msgs::Int16>(ros::Subscriber<std_msgs::Int16>&)
 .text._Z41__static_initialization_and_destruction_0ii
                0x00004368       0x40 .\CortexM0\ARM_GCC_473\Debug\StepperControl.o
 .text._ZN3ros10SubscriberIN8std_msgs5Int16EE8callbackEPh
                0x000043a8       0x4c .\CortexM0\ARM_GCC_473\Debug\StepperControl.o
                0x000043a8                ros::Subscriber<std_msgs::Int16>::callback(unsigned char*)
 .text._ZN3ros10SubscriberIN8std_msgs5Int16EE15getEndpointTypeEv
                0x000043f4       0x14 .\CortexM0\ARM_GCC_473\Debug\StepperControl.o
                0x000043f4                ros::Subscriber<std_msgs::Int16>::getEndpointType()
 .text._ZN3ros10SubscriberIN8std_msgs5Int16EE10getMsgTypeEv
                0x00004408       0x1c .\CortexM0\ARM_GCC_473\Debug\StepperControl.o
                0x00004408                ros::Subscriber<std_msgs::Int16>::getMsgType()
 .text._ZN3ros10SubscriberIN8std_msgs5Int16EE9getMsgMD5Ev
                0x00004424       0x1c .\CortexM0\ARM_GCC_473\Debug\StepperControl.o
                0x00004424                ros::Subscriber<std_msgs::Int16>::getMsgMD5()
 .text._GLOBAL__sub_I__ZN14StepperControl15steps_remainingE
                0x00004440       0x18 .\CortexM0\ARM_GCC_473\Debug\StepperControl.o
 .text._ZN8Capsense5setupEv
                0x00004458       0x30 .\CortexM0\ARM_GCC_473\Debug\capsense_button.o
                0x00004458                Capsense::setup()
 .text._ZN8Capsense4loopEv
                0x00004488       0xdc .\CortexM0\ARM_GCC_473\Debug\capsense_button.o
                0x00004488                Capsense::loop()
 .text._Z41__static_initialization_and_destruction_0ii
                0x00004564       0x48 .\CortexM0\ARM_GCC_473\Debug\capsense_button.o
 .text._GLOBAL__sub_I__ZN8Capsense10pushed_msgE
                0x000045ac       0x18 .\CortexM0\ARM_GCC_473\Debug\capsense_button.o
 .text._ZN11UpDownCount7resetCbERKN8std_msgs5EmptyE
                0x000045c4       0x14 .\CortexM0\ARM_GCC_473\Debug\UpDownCount.o
                0x000045c4                UpDownCount::resetCb(std_msgs::Empty const&)
 .text._ZN11UpDownCount5setupEv
                0x000045d8       0x40 .\CortexM0\ARM_GCC_473\Debug\UpDownCount.o
                0x000045d8                UpDownCount::setup()
 .text._ZN11UpDownCount4loopEv
                0x00004618       0x50 .\CortexM0\ARM_GCC_473\Debug\UpDownCount.o
                0x00004618                UpDownCount::loop()
 .text._Z41__static_initialization_and_destruction_0ii
                0x00004668       0x68 .\CortexM0\ARM_GCC_473\Debug\UpDownCount.o
 .text._GLOBAL__sub_I__ZN11UpDownCount10updown_msgE
                0x000046d0       0x18 .\CortexM0\ARM_GCC_473\Debug\UpDownCount.o
 .text.IntDefaultHandler
                0x000046e8        0x8 .\CortexM0\ARM_GCC_473\Debug\Cm0Start.o
                0x000046e8                IntDefaultHandler
 .text.Start_c  0x000046f0       0xa4 .\CortexM0\ARM_GCC_473\Debug\Cm0Start.o
                0x000046f0                Start_c
 .text.initialize_psoc
                0x00004794       0x74 .\CortexM0\ARM_GCC_473\Debug\Cm0Start.o
                0x00004794                initialize_psoc
 .text.CYMEMZERO
                0x00004808       0x20 .\CortexM0\ARM_GCC_473\Debug\RosOnAStick.a(cyfitter_cfg.o)
 .text.cfg_write_bytes32
                0x00004828       0x80 .\CortexM0\ARM_GCC_473\Debug\RosOnAStick.a(cyfitter_cfg.o)
 .text.AnalogSetDefault
                0x000048a8       0x40 .\CortexM0\ARM_GCC_473\Debug\RosOnAStick.a(cyfitter_cfg.o)
 .text.SetAnalogRoutingPumps
                0x000048e8       0x40 .\CortexM0\ARM_GCC_473\Debug\RosOnAStick.a(cyfitter_cfg.o)
                0x000048e8                SetAnalogRoutingPumps
 .text.ROSSerial_UART_Clock_SetFractionalDividerRegister
                0x00004928       0x38 .\CortexM0\ARM_GCC_473\Debug\RosOnAStick.a(ROSSerial_UART_Clock.o)
                0x00004928                ROSSerial_UART_Clock_SetFractionalDividerRegister
 .text.ROSSerial_UART_Init
                0x00004960        0xc .\CortexM0\ARM_GCC_473\Debug\RosOnAStick.a(ROSSerial_UART.o)
                0x00004960                ROSSerial_UART_Init
 .text.ROSSerial_UART_Enable
                0x0000496c       0x20 .\CortexM0\ARM_GCC_473\Debug\RosOnAStick.a(ROSSerial_UART.o)
                0x0000496c                ROSSerial_UART_Enable
 .text.ROSSerial_UART_Start
                0x0000498c       0x24 .\CortexM0\ARM_GCC_473\Debug\RosOnAStick.a(ROSSerial_UART.o)
                0x0000498c                ROSSerial_UART_Start
 .text.ROSSerial_UART_ScbEnableIntr
                0x000049b0       0x10 .\CortexM0\ARM_GCC_473\Debug\RosOnAStick.a(ROSSerial_UART.o)
 .text.ROSSerial_UART_SpiUartReadRxData
                0x000049c0       0x50 .\CortexM0\ARM_GCC_473\Debug\RosOnAStick.a(ROSSerial_UART_SPI_UART.o)
                0x000049c0                ROSSerial_UART_SpiUartReadRxData
 .text.ROSSerial_UART_SpiUartGetRxBufferSize
                0x00004a10       0x40 .\CortexM0\ARM_GCC_473\Debug\RosOnAStick.a(ROSSerial_UART_SPI_UART.o)
                0x00004a10                ROSSerial_UART_SpiUartGetRxBufferSize
 .text.ROSSerial_UART_SpiUartWriteTxData
                0x00004a50       0x94 .\CortexM0\ARM_GCC_473\Debug\RosOnAStick.a(ROSSerial_UART_SPI_UART.o)
                0x00004a50                ROSSerial_UART_SpiUartWriteTxData
 .text.ROSSerial_UART_UartInit
                0x00004ae4       0xf4 .\CortexM0\ARM_GCC_473\Debug\RosOnAStick.a(ROSSerial_UART_UART.o)
                0x00004ae4                ROSSerial_UART_UartInit
 .text.P1_6_Write
                0x00004bd8       0x4c .\CortexM0\ARM_GCC_473\Debug\RosOnAStick.a(P1_6.o)
                0x00004bd8                P1_6_Write
 .text.Port0_Read
                0x00004c24       0x14 .\CortexM0\ARM_GCC_473\Debug\RosOnAStick.a(Port0.o)
                0x00004c24                Port0_Read
 .text.ADC_SAR_SEQ_Start
                0x00004c38       0x24 .\CortexM0\ARM_GCC_473\Debug\RosOnAStick.a(ADC_SAR_SEQ.o)
                0x00004c38                ADC_SAR_SEQ_Start
 .text.ADC_SAR_SEQ_Init
                0x00004c5c      0x1e4 .\CortexM0\ARM_GCC_473\Debug\RosOnAStick.a(ADC_SAR_SEQ.o)
                0x00004c5c                ADC_SAR_SEQ_Init
 .text.ADC_SAR_SEQ_Enable
                0x00004e40       0x20 .\CortexM0\ARM_GCC_473\Debug\RosOnAStick.a(ADC_SAR_SEQ.o)
                0x00004e40                ADC_SAR_SEQ_Enable
 .text.ADC_SAR_SEQ_StartConvert
                0x00004e60       0x1c .\CortexM0\ARM_GCC_473\Debug\RosOnAStick.a(ADC_SAR_SEQ.o)
                0x00004e60                ADC_SAR_SEQ_StartConvert
 .text.ADC_SAR_SEQ_GetResult16
                0x00004e7c       0x44 .\CortexM0\ARM_GCC_473\Debug\RosOnAStick.a(ADC_SAR_SEQ.o)
                0x00004e7c                ADC_SAR_SEQ_GetResult16
 .text.ADC_SAR_SEQ_ISR
                0x00004ec0       0x1c .\CortexM0\ARM_GCC_473\Debug\RosOnAStick.a(ADC_SAR_SEQ_INT.o)
                0x00004ec0                ADC_SAR_SEQ_ISR
 .text.PWM_1_Init
                0x00004edc       0x58 .\CortexM0\ARM_GCC_473\Debug\RosOnAStick.a(PWM_1.o)
                0x00004edc                PWM_1_Init
 .text.PWM_1_Enable
                0x00004f34       0x38 .\CortexM0\ARM_GCC_473\Debug\RosOnAStick.a(PWM_1.o)
                0x00004f34                PWM_1_Enable
 .text.PWM_1_Start
                0x00004f6c       0x24 .\CortexM0\ARM_GCC_473\Debug\RosOnAStick.a(PWM_1.o)
                0x00004f6c                PWM_1_Start
 .text.PWM_1_WritePeriod
                0x00004f90       0x1c .\CortexM0\ARM_GCC_473\Debug\RosOnAStick.a(PWM_1.o)
                0x00004f90                PWM_1_WritePeriod
 .text.PWM_1_WriteCompare
                0x00004fac       0x1c .\CortexM0\ARM_GCC_473\Debug\RosOnAStick.a(PWM_1.o)
                0x00004fac                PWM_1_WriteCompare
 .text.PWM_1_TriggerCommand
                0x00004fc8       0x3c .\CortexM0\ARM_GCC_473\Debug\RosOnAStick.a(PWM_1.o)
                0x00004fc8                PWM_1_TriggerCommand
 .text.PWM_1_SetInterruptMode
                0x00005004       0x18 .\CortexM0\ARM_GCC_473\Debug\RosOnAStick.a(PWM_1.o)
                0x00005004                PWM_1_SetInterruptMode
 .text.QuadDec_1_Init
                0x0000501c       0x28 .\CortexM0\ARM_GCC_473\Debug\RosOnAStick.a(QuadDec_1.o)
                0x0000501c                QuadDec_1_Init
 .text.QuadDec_1_Enable
                0x00005044       0x30 .\CortexM0\ARM_GCC_473\Debug\RosOnAStick.a(QuadDec_1.o)
                0x00005044                QuadDec_1_Enable
 .text.QuadDec_1_Start
                0x00005074       0x24 .\CortexM0\ARM_GCC_473\Debug\RosOnAStick.a(QuadDec_1.o)
                0x00005074                QuadDec_1_Start
 .text.QuadDec_1_ReadCounter
                0x00005098       0x18 .\CortexM0\ARM_GCC_473\Debug\RosOnAStick.a(QuadDec_1.o)
                0x00005098                QuadDec_1_ReadCounter
 .text.QuadDec_1_TriggerCommand
                0x000050b0       0x3c .\CortexM0\ARM_GCC_473\Debug\RosOnAStick.a(QuadDec_1.o)
                0x000050b0                QuadDec_1_TriggerCommand
 .text.QuadDec_1_SetInterruptMode
                0x000050ec       0x18 .\CortexM0\ARM_GCC_473\Debug\RosOnAStick.a(QuadDec_1.o)
                0x000050ec                QuadDec_1_SetInterruptMode
 .text.Quad_Clock_Start
                0x00005104       0x1c .\CortexM0\ARM_GCC_473\Debug\RosOnAStick.a(Quad_Clock.o)
                0x00005104                Quad_Clock_Start
 .text.CapSense_Init
                0x00005120       0x3c .\CortexM0\ARM_GCC_473\Debug\RosOnAStick.a(CapSense.o)
                0x00005120                CapSense_Init
 .text.CapSense_CsdHwBlockInit
                0x0000515c       0xc0 .\CortexM0\ARM_GCC_473\Debug\RosOnAStick.a(CapSense.o)
                0x0000515c                CapSense_CsdHwBlockInit
 .text.CapSense_Enable
                0x0000521c       0x50 .\CortexM0\ARM_GCC_473\Debug\RosOnAStick.a(CapSense.o)
                0x0000521c                CapSense_Enable
 .text.CapSense_Start
                0x0000526c       0x44 .\CortexM0\ARM_GCC_473\Debug\RosOnAStick.a(CapSense.o)
                0x0000526c                CapSense_Start
 .text.CapSense_FindNextSensor
                0x000052b0       0x4c .\CortexM0\ARM_GCC_473\Debug\RosOnAStick.a(CapSense.o)
                0x000052b0                CapSense_FindNextSensor
 .text.CapSense_ScanSensor
                0x000052fc       0x34 .\CortexM0\ARM_GCC_473\Debug\RosOnAStick.a(CapSense.o)
                0x000052fc                CapSense_ScanSensor
 .text.CapSense_ScanEnabledWidgets
                0x00005330       0x58 .\CortexM0\ARM_GCC_473\Debug\RosOnAStick.a(CapSense.o)
                0x00005330                CapSense_ScanEnabledWidgets
 .text.CapSense_IsBusy
                0x00005388       0x1c .\CortexM0\ARM_GCC_473\Debug\RosOnAStick.a(CapSense.o)
                0x00005388                CapSense_IsBusy
 .text.CapSense_ReadSensorRaw
                0x000053a4       0x1c .\CortexM0\ARM_GCC_473\Debug\RosOnAStick.a(CapSense.o)
                0x000053a4                CapSense_ReadSensorRaw
 .text.CapSense_ClearSensors
                0x000053c0       0x28 .\CortexM0\ARM_GCC_473\Debug\RosOnAStick.a(CapSense.o)
                0x000053c0                CapSense_ClearSensors
 .text.CapSense_EnableSensor
                0x000053e8       0xcc .\CortexM0\ARM_GCC_473\Debug\RosOnAStick.a(CapSense.o)
                0x000053e8                CapSense_EnableSensor
 .text.CapSense_DisableSensor
                0x000054b4      0x124 .\CortexM0\ARM_GCC_473\Debug\RosOnAStick.a(CapSense.o)
                0x000054b4                CapSense_DisableSensor
 .text.CapSense_PreScan
                0x000055d8      0x13c .\CortexM0\ARM_GCC_473\Debug\RosOnAStick.a(CapSense.o)
                0x000055d8                CapSense_PreScan
 .text.CapSense_PostScan
                0x00005714       0xc8 .\CortexM0\ARM_GCC_473\Debug\RosOnAStick.a(CapSense.o)
                0x00005714                CapSense_PostScan
 .text.CapSense_SetShieldDelay
                0x000057dc       0x30 .\CortexM0\ARM_GCC_473\Debug\RosOnAStick.a(CapSense.o)
                0x000057dc                CapSense_SetShieldDelay
 .text.CapSense_GetBitValue
                0x0000580c       0x44 .\CortexM0\ARM_GCC_473\Debug\RosOnAStick.a(CapSense.o)
                0x0000580c                CapSense_GetBitValue
 .text.CapSense_SetBitValue
                0x00005850       0x68 .\CortexM0\ARM_GCC_473\Debug\RosOnAStick.a(CapSense.o)
                0x00005850                CapSense_SetBitValue
 .text.CapSense_GetSensorRaw
                0x000058b8       0x50 .\CortexM0\ARM_GCC_473\Debug\RosOnAStick.a(CapSense.o)
                0x000058b8                CapSense_GetSensorRaw
 .text.CapSense_BaseInit
                0x00005908       0x84 .\CortexM0\ARM_GCC_473\Debug\RosOnAStick.a(CapSense_CSHL.o)
                0x00005908                CapSense_BaseInit
 .text.CapSense_InitializeSensorBaseline
                0x0000598c       0x2c .\CortexM0\ARM_GCC_473\Debug\RosOnAStick.a(CapSense_CSHL.o)
                0x0000598c                CapSense_InitializeSensorBaseline
 .text.CapSense_InitializeAllBaselines
                0x000059b8       0x28 .\CortexM0\ARM_GCC_473\Debug\RosOnAStick.a(CapSense_CSHL.o)
                0x000059b8                CapSense_InitializeAllBaselines
 .text.CapSense_UpdateBaselineNoThreshold
                0x000059e0      0x210 .\CortexM0\ARM_GCC_473\Debug\RosOnAStick.a(CapSense_CSHL.o)
                0x000059e0                CapSense_UpdateBaselineNoThreshold
 .text.CapSense_UpdateSensorBaseline
                0x00005bf0       0x20 .\CortexM0\ARM_GCC_473\Debug\RosOnAStick.a(CapSense_CSHL.o)
                0x00005bf0                CapSense_UpdateSensorBaseline
 .text.CapSense_UpdateEnabledBaselines
                0x00005c10       0x40 .\CortexM0\ARM_GCC_473\Debug\RosOnAStick.a(CapSense_CSHL.o)
                0x00005c10                CapSense_UpdateEnabledBaselines
 .text.CapSense_CheckIsSensorActive
                0x00005c50      0x138 .\CortexM0\ARM_GCC_473\Debug\RosOnAStick.a(CapSense_CSHL.o)
                0x00005c50                CapSense_CheckIsSensorActive
 .text.CapSense_CheckIsWidgetActive
                0x00005d88       0x58 .\CortexM0\ARM_GCC_473\Debug\RosOnAStick.a(CapSense_CSHL.o)
                0x00005d88                CapSense_CheckIsWidgetActive
 .text.CapSense_IIR4Filter
                0x00005de0       0x3c .\CortexM0\ARM_GCC_473\Debug\RosOnAStick.a(CapSense_CSHL.o)
                0x00005de0                CapSense_IIR4Filter
 .text.CapSense_ISR
                0x00005e1c       0xd4 .\CortexM0\ARM_GCC_473\Debug\RosOnAStick.a(CapSense_INT.o)
                0x00005e1c                CapSense_ISR
 .text.CapSense_AutoTune
                0x00005ef0      0x104 .\CortexM0\ARM_GCC_473\Debug\RosOnAStick.a(CapSense_SMS.o)
                0x00005ef0                CapSense_AutoTune
 .text.CapSense_UpdateThresholds
                0x00005ff4       0xec .\CortexM0\ARM_GCC_473\Debug\RosOnAStick.a(CapSense_SMS.o)
                0x00005ff4                CapSense_UpdateThresholds
 .text.CapSense_NormalizeWidgets
                0x000060e0       0x9c .\CortexM0\ARM_GCC_473\Debug\RosOnAStick.a(CapSense_SMS.o)
                0x000060e0                CapSense_NormalizeWidgets
 .text.CapSense_SetAnalogSwitchesSrcDirect
                0x0000617c       0x18 .\CortexM0\ARM_GCC_473\Debug\RosOnAStick.a(CapSense_SMS.o)
                0x0000617c                CapSense_SetAnalogSwitchesSrcDirect
 .text.CapSense_DisableBaselineIDAC
                0x00006194       0x34 .\CortexM0\ARM_GCC_473\Debug\RosOnAStick.a(CapSense_SMS.o)
                0x00006194                CapSense_DisableBaselineIDAC
 .text.CapSense_EnableBaselineIDAC
                0x000061c8       0x8c .\CortexM0\ARM_GCC_473\Debug\RosOnAStick.a(CapSense_SMS.o)
                0x000061c8                CapSense_EnableBaselineIDAC
 .text.Stepper_Control_Write
                0x00006254       0x20 .\CortexM0\ARM_GCC_473\Debug\RosOnAStick.a(Stepper_Control.o)
                0x00006254                Stepper_Control_Write
 .text.ADC_SAR_SEQ_IRQ_StartEx
                0x00006274       0x24 .\CortexM0\ARM_GCC_473\Debug\RosOnAStick.a(ADC_SAR_SEQ_IRQ.o)
                0x00006274                ADC_SAR_SEQ_IRQ_StartEx
 .text.ADC_SAR_SEQ_IRQ_SetVector
                0x00006298       0x18 .\CortexM0\ARM_GCC_473\Debug\RosOnAStick.a(ADC_SAR_SEQ_IRQ.o)
                0x00006298                ADC_SAR_SEQ_IRQ_SetVector
 .text.ADC_SAR_SEQ_IRQ_SetPriority
                0x000062b0       0x50 .\CortexM0\ARM_GCC_473\Debug\RosOnAStick.a(ADC_SAR_SEQ_IRQ.o)
                0x000062b0                ADC_SAR_SEQ_IRQ_SetPriority
 .text.ADC_SAR_SEQ_IRQ_Enable
                0x00006300       0x14 .\CortexM0\ARM_GCC_473\Debug\RosOnAStick.a(ADC_SAR_SEQ_IRQ.o)
                0x00006300                ADC_SAR_SEQ_IRQ_Enable
 .text.ADC_SAR_SEQ_IRQ_Disable
                0x00006314       0x14 .\CortexM0\ARM_GCC_473\Debug\RosOnAStick.a(ADC_SAR_SEQ_IRQ.o)
                0x00006314                ADC_SAR_SEQ_IRQ_Disable
 .text.CapSense_SampleClk_Start
                0x00006328       0x1c .\CortexM0\ARM_GCC_473\Debug\RosOnAStick.a(CapSense_SampleClk.o)
                0x00006328                CapSense_SampleClk_Start
 .text.CapSense_SampleClk_Stop
                0x00006344       0x18 .\CortexM0\ARM_GCC_473\Debug\RosOnAStick.a(CapSense_SampleClk.o)
                0x00006344                CapSense_SampleClk_Stop
 .text.CapSense_SampleClk_SetFractionalDividerRegister
                0x0000635c       0x38 .\CortexM0\ARM_GCC_473\Debug\RosOnAStick.a(CapSense_SampleClk.o)
                0x0000635c                CapSense_SampleClk_SetFractionalDividerRegister
 .text.CapSense_SenseClk_Start
                0x00006394       0x1c .\CortexM0\ARM_GCC_473\Debug\RosOnAStick.a(CapSense_SenseClk.o)
                0x00006394                CapSense_SenseClk_Start
 .text.CapSense_SenseClk_Stop
                0x000063b0       0x18 .\CortexM0\ARM_GCC_473\Debug\RosOnAStick.a(CapSense_SenseClk.o)
                0x000063b0                CapSense_SenseClk_Stop
 .text.CapSense_SenseClk_SetFractionalDividerRegister
                0x000063c8       0x38 .\CortexM0\ARM_GCC_473\Debug\RosOnAStick.a(CapSense_SenseClk.o)
                0x000063c8                CapSense_SenseClk_SetFractionalDividerRegister
 .text          0x00006400       0x20 .\CortexM0\ARM_GCC_473\Debug\RosOnAStick.a(CyBootAsmGnu.o)
                0x00006400                CyDelayCycles
                0x00006412                CyEnterCriticalSection
                0x0000641a                CyExitCriticalSection
 .text.CyIntSetSysVector
                0x00006420       0x48 .\CortexM0\ARM_GCC_473\Debug\RosOnAStick.a(CyLib.o)
                0x00006420                CyIntSetSysVector
 .text.CyIntSetVector
                0x00006468       0x4c .\CortexM0\ARM_GCC_473\Debug\RosOnAStick.a(CyLib.o)
                0x00006468                CyIntSetVector
 .text.CyIntSetPriority
                0x000064b4       0xa8 .\CortexM0\ARM_GCC_473\Debug\RosOnAStick.a(CyLib.o)
                0x000064b4                CyIntSetPriority
 .text.CyIntEnable
                0x0000655c       0x2c .\CortexM0\ARM_GCC_473\Debug\RosOnAStick.a(CyLib.o)
                0x0000655c                CyIntEnable
 .text.CyIntDisable
                0x00006588       0x2c .\CortexM0\ARM_GCC_473\Debug\RosOnAStick.a(CyLib.o)
                0x00006588                CyIntDisable
 .text.CyHalt   0x000065b4       0x14 .\CortexM0\ARM_GCC_473\Debug\RosOnAStick.a(CyLib.o)
                0x000065b4                CyHalt
 .text.CyDelayUs
                0x000065c8       0x28 .\CortexM0\ARM_GCC_473\Debug\RosOnAStick.a(CyLib.o)
                0x000065c8                CyDelayUs
 .text.UpDown_Init
                0x000065f0       0x94 .\CortexM0\ARM_GCC_473\Debug\RosOnAStick.a(UpDown.o)
                0x000065f0                UpDown_Init
 .text.UpDown_Enable
                0x00006684       0x20 .\CortexM0\ARM_GCC_473\Debug\RosOnAStick.a(UpDown.o)
                0x00006684                UpDown_Enable
 .text.UpDown_Start
                0x000066a4       0x24 .\CortexM0\ARM_GCC_473\Debug\RosOnAStick.a(UpDown.o)
                0x000066a4                UpDown_Start
 .text.UpDown_SetInterruptMode
                0x000066c8       0x20 .\CortexM0\ARM_GCC_473\Debug\RosOnAStick.a(UpDown.o)
                0x000066c8                UpDown_SetInterruptMode
 .text.UpDown_ReadStatusRegister
                0x000066e8       0x14 .\CortexM0\ARM_GCC_473\Debug\RosOnAStick.a(UpDown.o)
                0x000066e8                UpDown_ReadStatusRegister
 .text.UpDown_WriteCounter
                0x000066fc       0x18 .\CortexM0\ARM_GCC_473\Debug\RosOnAStick.a(UpDown.o)
                0x000066fc                UpDown_WriteCounter
 .text.UpDown_ReadCounter
                0x00006714       0x1c .\CortexM0\ARM_GCC_473\Debug\RosOnAStick.a(UpDown.o)
                0x00006714                UpDown_ReadCounter
 .text.UpDown_ReadCapture
                0x00006730       0x14 .\CortexM0\ARM_GCC_473\Debug\RosOnAStick.a(UpDown.o)
                0x00006730                UpDown_ReadCapture
 .text.UpDown_WritePeriod
                0x00006744       0x18 .\CortexM0\ARM_GCC_473\Debug\RosOnAStick.a(UpDown.o)
                0x00006744                UpDown_WritePeriod
 .text.UpDown_WriteCompare
                0x0000675c       0x18 .\CortexM0\ARM_GCC_473\Debug\RosOnAStick.a(UpDown.o)
                0x0000675c                UpDown_WriteCompare
 .text.UpDown_ClearFIFO
                0x00006774       0x1c .\CortexM0\ARM_GCC_473\Debug\RosOnAStick.a(UpDown.o)
                0x00006774                UpDown_ClearFIFO
 .text.Transimpedance_Init
                0x00006790       0x3c .\CortexM0\ARM_GCC_473\Debug\RosOnAStick.a(Transimpedance.o)
                0x00006790                Transimpedance_Init
 .text.Transimpedance_Enable
                0x000067cc       0x28 .\CortexM0\ARM_GCC_473\Debug\RosOnAStick.a(Transimpedance.o)
                0x000067cc                Transimpedance_Enable
 .text.Transimpedance_Start
                0x000067f4       0x24 .\CortexM0\ARM_GCC_473\Debug\RosOnAStick.a(Transimpedance.o)
                0x000067f4                Transimpedance_Start
 .text.ROSSerial_UART_SPI_UART_ISR
                0x00006818      0x118 .\CortexM0\ARM_GCC_473\Debug\RosOnAStick.a(ROSSerial_UART_SPI_UART_INT.o)
                0x00006818                ROSSerial_UART_SPI_UART_ISR
 .text.CalibrateOneDAC_P4_v2_0
                0x00006930       0x44 C:\Program Files\Cypress\PSoC Creator\3.0\PSoC Creator\psoc\content\cycomponentlibrary\CyComponentLibrary.cylib\CortexM0\ARM_GCC_473\Debug\CyComponentLibrary.a(CSD_P4_SmartSense_v2_0.o)
                0x00006930                CalibrateOneDAC_P4_v2_0
 .text.CalibrateSensors_P4_v2_0
                0x00006974       0x22 C:\Program Files\Cypress\PSoC Creator\3.0\PSoC Creator\psoc\content\cycomponentlibrary\CyComponentLibrary.cylib\CortexM0\ARM_GCC_473\Debug\CyComponentLibrary.a(CSD_P4_SmartSense_v2_0.o)
                0x00006974                CalibrateSensors_P4_v2_0
 *fill*         0x00006996        0x2 00
 .text.TunePrescalers_P4_v2_0
                0x00006998       0x48 C:\Program Files\Cypress\PSoC Creator\3.0\PSoC Creator\psoc\content\cycomponentlibrary\CyComponentLibrary.cylib\CortexM0\ARM_GCC_473\Debug\CyComponentLibrary.a(CSD_P4_SmartSense_v2_0.o)
                0x00006998                TunePrescalers_P4_v2_0
 .text.TuneSensitivity_P4_v2_0
                0x000069e0      0x100 C:\Program Files\Cypress\PSoC Creator\3.0\PSoC Creator\psoc\content\cycomponentlibrary\CyComponentLibrary.cylib\CortexM0\ARM_GCC_473\Debug\CyComponentLibrary.a(CSD_P4_SmartSense_v2_0.o)
                0x000069e0                TuneSensitivity_P4_v2_0
 .text.MeasureNoiseEnvelope_P4_v2_0
                0x00006ae0      0x118 C:\Program Files\Cypress\PSoC Creator\3.0\PSoC Creator\psoc\content\cycomponentlibrary\CyComponentLibrary.cylib\CortexM0\ARM_GCC_473\Debug\CyComponentLibrary.a(CSD_P4_SmartSense_v2_0.o)
                0x00006ae0                MeasureNoiseEnvelope_P4_v2_0
 .text.CalculateThresholds_P4_v2_0
                0x00006bf8       0x44 C:\Program Files\Cypress\PSoC Creator\3.0\PSoC Creator\psoc\content\cycomponentlibrary\CyComponentLibrary.cylib\CortexM0\ARM_GCC_473\Debug\CyComponentLibrary.a(CSD_P4_SmartSense_v2_0.o)
                0x00006bf8                CalculateThresholds_P4_v2_0
 .text          0x00006c3c       0x9c c:/program files/cypress/psoc creator/3.0/psoc creator/import/gnu_cs/arm/4.7.3/bin/../lib/gcc/arm-none-eabi/4.7.3/armv6-m\libgcc.a(_udivsi3.o)
                0x00006c3c                __aeabi_uidiv
                0x00006c3c                __udivsi3
                0x00006cc4                __aeabi_uidivmod
 .text          0x00006cd8       0xc0 c:/program files/cypress/psoc creator/3.0/psoc creator/import/gnu_cs/arm/4.7.3/bin/../lib/gcc/arm-none-eabi/4.7.3/armv6-m\libgcc.a(_divsi3.o)
                0x00006cd8                __divsi3
                0x00006cd8                __aeabi_idiv
                0x00006d84                __aeabi_idivmod
 .text          0x00006d98        0x4 c:/program files/cypress/psoc creator/3.0/psoc creator/import/gnu_cs/arm/4.7.3/bin/../lib/gcc/arm-none-eabi/4.7.3/armv6-m\libgcc.a(_dvmd_tls.o)
                0x00006d98                __aeabi_idiv0
                0x00006d98                __aeabi_ldiv0
 .text.__libc_init_array
                0x00006d9c       0x4c c:/program files/cypress/psoc creator/3.0/psoc creator/import/gnu_cs/arm/4.7.3/bin/../lib/gcc/arm-none-eabi/4.7.3/../../../../arm-none-eabi/lib/armv6-m\libc_s.a(lib_a-init.o)
                0x00006d9c                __libc_init_array
 .text.memcpy   0x00006de8       0x12 c:/program files/cypress/psoc creator/3.0/psoc creator/import/gnu_cs/arm/4.7.3/bin/../lib/gcc/arm-none-eabi/4.7.3/../../../../arm-none-eabi/lib/armv6-m\libc_s.a(lib_a-memcpy.o)
                0x00006de8                memcpy
 .text.memset   0x00006dfa       0x12 c:/program files/cypress/psoc creator/3.0/psoc creator/import/gnu_cs/arm/4.7.3/bin/../lib/gcc/arm-none-eabi/4.7.3/../../../../arm-none-eabi/lib/armv6-m\libc_s.a(lib_a-memset.o)
                0x00006dfa                memset
 .text.strlen   0x00006e0c        0xe c:/program files/cypress/psoc creator/3.0/psoc creator/import/gnu_cs/arm/4.7.3/bin/../lib/gcc/arm-none-eabi/4.7.3/../../../../arm-none-eabi/lib/armv6-m\libc_s.a(lib_a-strlen.o)
                0x00006e0c                strlen
 *(.plt)
 *(.gnu.warning)
 *(.glue_7t)
 .glue_7t       0x00000000        0x0 linker stubs
 *(.glue_7)
 .glue_7        0x00000000        0x0 linker stubs
 *(.vfp11_veneer)
 .vfp11_veneer  0x00000000        0x0 linker stubs
 *(.bootloader)
 *(.ARM.extab* .gnu.linkonce.armextab.*)
 *(.gcc_except_table)

.v4_bx          0x00006e1c        0x0
 .v4_bx         0x00000000        0x0 linker stubs

.iplt           0x00006e1c        0x0
 .iplt          0x00000000        0x0 c:/program files/cypress/psoc creator/3.0/psoc creator/import/gnu_cs/arm/4.7.3/bin/../lib/gcc/arm-none-eabi/4.7.3/armv6-m/crtbegin.o

.eh_frame_hdr
 *(.eh_frame_hdr)

.eh_frame       0x00006e1c        0x4
 *(.eh_frame)
 .eh_frame      0x00006e1c        0x0 c:/program files/cypress/psoc creator/3.0/psoc creator/import/gnu_cs/arm/4.7.3/bin/../lib/gcc/arm-none-eabi/4.7.3/armv6-m/crtbegin.o
 .eh_frame      0x00006e1c        0x4 c:/program files/cypress/psoc creator/3.0/psoc creator/import/gnu_cs/arm/4.7.3/bin/../lib/gcc/arm-none-eabi/4.7.3/armv6-m/crtend.o
                0x00006e20                PROVIDE (__exidx_start, .)

.ARM.exidx
 *(.ARM.exidx* .gnu.linkonce.armexidx.*)
                0x00006e20                __exidx_end = .

.rodata         0x00006e20      0xb88
 *(.rodata .rodata.* .gnu.linkonce.r.*)
 .rodata        0x00006e20      0x128 .\CortexM0\ARM_GCC_473\Debug\main.o
 .rodata._ZTVN3ros11NodeHandle_I13Psoc4HardwareLi10ELi20ELi200ELi200EEE
                0x00006f48       0x18 .\CortexM0\ARM_GCC_473\Debug\main.o
                0x00006f48                vtable for ros::NodeHandle_<Psoc4Hardware, 10, 20, 200, 200>
 .rodata._ZTVN3ros15NodeHandleBase_E
                0x00006f60       0x18 .\CortexM0\ARM_GCC_473\Debug\main.o
                0x00006f60                vtable for ros::NodeHandleBase_
 .rodata._ZTVN14rosserial_msgs20RequestParamResponseE
                0x00006f78       0x18 .\CortexM0\ARM_GCC_473\Debug\main.o
                0x00006f78                vtable for rosserial_msgs::RequestParamResponse
 .rodata._ZTVN14rosserial_msgs3LogE
                0x00006f90       0x18 .\CortexM0\ARM_GCC_473\Debug\main.o
                0x00006f90                vtable for rosserial_msgs::Log
 .rodata._ZTVN14rosserial_msgs9TopicInfoE
                0x00006fa8       0x18 .\CortexM0\ARM_GCC_473\Debug\main.o
                0x00006fa8                vtable for rosserial_msgs::TopicInfo
 .rodata._ZTVN8std_msgs4TimeE
                0x00006fc0       0x18 .\CortexM0\ARM_GCC_473\Debug\main.o
                0x00006fc0                vtable for std_msgs::Time
 .rodata._ZTVN3ros3MsgE
                0x00006fd8       0x18 .\CortexM0\ARM_GCC_473\Debug\main.o
                0x00006fd8                vtable for ros::Msg
 .rodata        0x00006ff0       0x30 .\CortexM0\ARM_GCC_473\Debug\Uarts.o
                0x00006ff0                vtable for Uart
 .rodata._ZTV14HardwareSerial
                0x00007020       0x18 .\CortexM0\ARM_GCC_473\Debug\Uarts.o
                0x00007020                vtable for HardwareSerial
 .rodata        0x00007038       0x5c .\CortexM0\ARM_GCC_473\Debug\ADC.o
 *fill*         0x00007094        0x4 00
 .rodata._ZTVN15rosserial_psoc43AdcE
                0x00007098       0x18 .\CortexM0\ARM_GCC_473\Debug\ADC.o
                0x00007098                vtable for rosserial_psoc4::Adc
 .rodata        0x000070b0       0x5c .\CortexM0\ARM_GCC_473\Debug\Blink.o
 *fill*         0x0000710c        0x4 00
 .rodata._ZTVN3ros10SubscriberIN8std_msgs5EmptyEEE
                0x00007110       0x18 .\CortexM0\ARM_GCC_473\Debug\Blink.o
                0x00007110                vtable for ros::Subscriber<std_msgs::Empty>
 .rodata._ZTVN8std_msgs5EmptyE
                0x00007128       0x18 .\CortexM0\ARM_GCC_473\Debug\Blink.o
                0x00007128                vtable for std_msgs::Empty
 .rodata._ZTVN3ros11Subscriber_E
                0x00007140       0x18 .\CortexM0\ARM_GCC_473\Debug\Blink.o
                0x00007140                vtable for ros::Subscriber_
 .rodata        0x00007158       0x58 .\CortexM0\ARM_GCC_473\Debug\HelloWorld.o
 .rodata._ZTVN8std_msgs6StringE
                0x000071b0       0x18 .\CortexM0\ARM_GCC_473\Debug\HelloWorld.o
                0x000071b0                vtable for std_msgs::String
 .rodata        0x000071c8       0xa0 .\CortexM0\ARM_GCC_473\Debug\button_example.o
 .rodata._ZTVN8std_msgs4BoolE
                0x00007268       0x18 .\CortexM0\ARM_GCC_473\Debug\button_example.o
                0x00007268                vtable for std_msgs::Bool
 .rodata        0x00007280       0x5c .\CortexM0\ARM_GCC_473\Debug\ServoControl.o
 *fill*         0x000072dc        0x4 00
 .rodata._ZTVN3ros10SubscriberIN8std_msgs6UInt16EEE
                0x000072e0       0x18 .\CortexM0\ARM_GCC_473\Debug\ServoControl.o
                0x000072e0                vtable for ros::Subscriber<std_msgs::UInt16>
 .rodata._ZTVN8std_msgs6UInt16E
                0x000072f8       0x18 .\CortexM0\ARM_GCC_473\Debug\ServoControl.o
                0x000072f8                vtable for std_msgs::UInt16
 .rodata        0x00007310       0x9c .\CortexM0\ARM_GCC_473\Debug\Encoder.o
 *fill*         0x000073ac        0x4 00
 .rodata._ZTVN8std_msgs5Int16E
                0x000073b0       0x18 .\CortexM0\ARM_GCC_473\Debug\Encoder.o
                0x000073b0                vtable for std_msgs::Int16
 .rodata._ZTVN8std_msgs5Int32E
                0x000073c8       0x18 .\CortexM0\ARM_GCC_473\Debug\Encoder.o
                0x000073c8                vtable for std_msgs::Int32
 .rodata        0x000073e0       0x64 .\CortexM0\ARM_GCC_473\Debug\StepperControl.o
 *fill*         0x00007444        0x4 00
 .rodata._ZTVN3ros10SubscriberIN8std_msgs5Int16EEE
                0x00007448       0x18 .\CortexM0\ARM_GCC_473\Debug\StepperControl.o
                0x00007448                vtable for ros::Subscriber<std_msgs::Int16>
 .rodata        0x00007460       0xac .\CortexM0\ARM_GCC_473\Debug\capsense_button.o
 .rodata        0x0000750c       0xa0 .\CortexM0\ARM_GCC_473\Debug\UpDownCount.o
 .rodata        0x000075ac      0x2ec .\CortexM0\ARM_GCC_473\Debug\RosOnAStick.a(cyfitter_cfg.o)
 .rodata        0x00007898       0x10 .\CortexM0\ARM_GCC_473\Debug\RosOnAStick.a(ADC_SAR_SEQ.o)
 .rodata        0x000078a8       0x4c .\CortexM0\ARM_GCC_473\Debug\RosOnAStick.a(CapSense.o)
                0x000078a8                CapSense_portTable
                0x000078ac                CapSense_maskTable
                0x000078b0                CapSense_pinShiftTbl
                0x000078b4                CapSense_widgetNumber
                0x000078b8                CapSense_prtSelTbl
                0x000078cc                CapSense_prtCfgTbl
                0x000078e0                CapSense_prtDRTbl
 .rodata        0x000078f4        0x8 .\CortexM0\ARM_GCC_473\Debug\RosOnAStick.a(CapSense_CSHL.o)
                0x000078f4                CapSense_rawDataIndex
                0x000078f8                CapSense_numberOfSensors
 .rodata        0x000078fc       0x48 .\CortexM0\ARM_GCC_473\Debug\RosOnAStick.a(CapSense_SMS.o)
                0x000078fc                prescalerTable
                0x0000790c                CapSense_configPointers
                0x00007944                . = ALIGN (0x4)
 *(.init)
 .init          0x00007944        0x4 c:/program files/cypress/psoc creator/3.0/psoc creator/import/gnu_cs/arm/4.7.3/bin/../lib/gcc/arm-none-eabi/4.7.3/armv6-m/crti.o
                0x00007944                _init
 .init          0x00007948        0x8 c:/program files/cypress/psoc creator/3.0/psoc creator/import/gnu_cs/arm/4.7.3/bin/../lib/gcc/arm-none-eabi/4.7.3/armv6-m/crtn.o
                0x00007950                . = ALIGN (0x4)
                0x00007950                __preinit_array_start = .
 *(.preinit_array)
                0x00007950                __preinit_array_end = .
                0x00007950                . = ALIGN (0x4)
                0x00007950                __init_array_start = .
 *(SORT(.init_array.*))
 *(.init_array)
 .init_array    0x00007950        0x4 c:/program files/cypress/psoc creator/3.0/psoc creator/import/gnu_cs/arm/4.7.3/bin/../lib/gcc/arm-none-eabi/4.7.3/armv6-m/crtbegin.o
 .init_array    0x00007954        0x4 .\CortexM0\ARM_GCC_473\Debug\main.o
 .init_array    0x00007958        0x4 .\CortexM0\ARM_GCC_473\Debug\Uarts.o
 .init_array    0x0000795c        0x4 .\CortexM0\ARM_GCC_473\Debug\ADC.o
 .init_array    0x00007960        0x4 .\CortexM0\ARM_GCC_473\Debug\Blink.o
 .init_array    0x00007964        0x4 .\CortexM0\ARM_GCC_473\Debug\HelloWorld.o
 .init_array    0x00007968        0x4 .\CortexM0\ARM_GCC_473\Debug\button_example.o
 .init_array    0x0000796c        0x4 .\CortexM0\ARM_GCC_473\Debug\ServoControl.o
 .init_array    0x00007970        0x4 .\CortexM0\ARM_GCC_473\Debug\Encoder.o
 .init_array    0x00007974        0x4 .\CortexM0\ARM_GCC_473\Debug\StepperControl.o
 .init_array    0x00007978        0x4 .\CortexM0\ARM_GCC_473\Debug\capsense_button.o
 .init_array    0x0000797c        0x4 .\CortexM0\ARM_GCC_473\Debug\UpDownCount.o
 .init_array    0x00007980        0x4 .\CortexM0\ARM_GCC_473\Debug\Cm0Start.o
                0x00007984                __init_array_end = .
                0x00007984                . = ALIGN (0x4)
 *(.fini)
 .fini          0x00007984        0x4 c:/program files/cypress/psoc creator/3.0/psoc creator/import/gnu_cs/arm/4.7.3/bin/../lib/gcc/arm-none-eabi/4.7.3/armv6-m/crti.o
                0x00007984                _fini
 .fini          0x00007988        0x8 c:/program files/cypress/psoc creator/3.0/psoc creator/import/gnu_cs/arm/4.7.3/bin/../lib/gcc/arm-none-eabi/4.7.3/armv6-m/crtn.o
                0x00007990                . = ALIGN (0x4)
                0x00007990                __fini_array_start = .
 *(.fini_array)
 .fini_array    0x00007990        0x4 c:/program files/cypress/psoc creator/3.0/psoc creator/import/gnu_cs/arm/4.7.3/bin/../lib/gcc/arm-none-eabi/4.7.3/armv6-m/crtbegin.o
 *(SORT(.fini_array.*))
                0x00007994                __fini_array_end = .
                0x00007994                . = ALIGN (0x4)
 *crtbegin.o(.ctors)
 *(EXCLUDE_FILE(*crtend.o) .ctors)
 *(SORT(.ctors.*))
 *crtend.o(.ctors)
                0x00007994                . = ALIGN (0x4)
 *crtbegin.o(.dtors)
 *(EXCLUDE_FILE(*crtend.o) .dtors)
 *(SORT(.dtors.*))
 *crtend.o(.dtors)
                0x00007994                . = ALIGN (0x4)
                0x00007994                __cy_regions = .
                0x00007994        0x4 LONG 0x79a8 __cy_region_init_ram
                0x00007998        0x4 LONG 0x200000d0 __cy_region_start_data
                0x0000799c        0x4 LONG 0x50 __cy_region_init_size_ram
                0x000079a0        0x4 LONG 0x590 __cy_region_zero_size_ram
                0x000079a4                __cy_regions_end = .
                0x000079a8                . = ALIGN (0x8)
 *fill*         0x000079a4        0x4 00
                0x000079a8                _etext = .

.ramvectors     0x20000000       0xc0
                0x20000000                __cy_region_start_ram = .
 *(.ramvectors)
 .ramvectors    0x20000000       0xc0 .\CortexM0\ARM_GCC_473\Debug\Cm0Start.o
                0x20000000                CyRamVectors

.btldr_run      0x200000c0        0x4
 *(.bootloaderruntype)
 .bootloaderruntype
                0x200000c0        0x4 .\CortexM0\ARM_GCC_473\Debug\Cm0Start.o
                0x200000c0                cyBtldrRunType

.noinit         0x200000c8        0x4
 *(.noinit)
 .noinit        0x200000c8        0x4 .\CortexM0\ARM_GCC_473\Debug\Cm0Start.o

.data           0x200000d0       0x50 load address 0x000079a8
                0x200000d0                __cy_region_start_data = .
 *(.jcr)
 .jcr           0x200000d0        0x0 c:/program files/cypress/psoc creator/3.0/psoc creator/import/gnu_cs/arm/4.7.3/bin/../lib/gcc/arm-none-eabi/4.7.3/armv6-m/crtbegin.o
 .jcr           0x200000d0        0x4 c:/program files/cypress/psoc creator/3.0/psoc creator/import/gnu_cs/arm/4.7.3/bin/../lib/gcc/arm-none-eabi/4.7.3/armv6-m/crtend.o
 *(.got.plt)
 *(.got)
 *(.shdata)
 *(.data .data.* .gnu.linkonce.d.*)
 .data          0x200000d4       0x10 .\CortexM0\ARM_GCC_473\Debug\HelloWorld.o
                0x200000d4                HelloWorld::hello
 .data          0x200000e4        0x8 .\CortexM0\ARM_GCC_473\Debug\button_example.o
                0x200000e4                Button::debounce_delay
                0x200000e8                Button::published
 .data          0x200000ec        0x8 .\CortexM0\ARM_GCC_473\Debug\capsense_button.o
                0x200000ec                Capsense::debounce_delay
                0x200000f0                Capsense::published
 .data          0x200000f4        0x4 .\CortexM0\ARM_GCC_473\Debug\RosOnAStick.a(cyfitter_cfg.o)
 .data          0x200000f8        0xc .\CortexM0\ARM_GCC_473\Debug\RosOnAStick.a(CapSense.o)
                0x200000f8                CapSense_sensorEnableMask
                0x200000fc                CapSense_pcTable
                0x20000100                CapSense_widgetResolution
 .data          0x20000104        0x8 .\CortexM0\ARM_GCC_473\Debug\RosOnAStick.a(CapSense_CSHL.o)
                0x20000104                CapSense_lowBaselineReset
                0x20000108                CapSense_debounce
 .data          0x2000010c        0x4 .\CortexM0\ARM_GCC_473\Debug\RosOnAStick.a(CapSense_SMS.o)
                0x2000010c                SMS_LIB_SensorSensitivity
 .data          0x20000110       0x10 .\CortexM0\ARM_GCC_473\Debug\RosOnAStick.a(CyLib.o)
                0x20000110                cydelayFreqHz
                0x20000114                cydelayFreqKhz
                0x20000118                cydelayFreqMhz
                0x2000011c                cydelay32kMs
                0x20000120                . = ALIGN (0x8)
 *(.ram)
                0x20000120                _edata = .

.igot.plt       0x20000120        0x0 load address 0x000079f8
 .igot.plt      0x00000000        0x0 c:/program files/cypress/psoc creator/3.0/psoc creator/import/gnu_cs/arm/4.7.3/bin/../lib/gcc/arm-none-eabi/4.7.3/armv6-m/crtbegin.o

.bss            0x20000120      0x590 load address 0x000079f8
                0x20000120                PROVIDE (__bss_start__, .)
 *(.shbss)
 *(.bss .bss.* .gnu.linkonce.b.*)
 .bss           0x20000120       0x1c c:/program files/cypress/psoc creator/3.0/psoc creator/import/gnu_cs/arm/4.7.3/bin/../lib/gcc/arm-none-eabi/4.7.3/armv6-m/crtbegin.o
 .bss           0x2000013c      0x270 .\CortexM0\ARM_GCC_473\Debug\main.o
                0x2000013c                nh
 .bss           0x200003ac        0x4 .\CortexM0\ARM_GCC_473\Debug\Uarts.o
                0x200003ac                Uart0
 .bss           0x200003b0        0x4 .\CortexM0\ARM_GCC_473\Debug\SysTimer.o
                0x200003b0                SysTimer::millis_
 .bss           0x200003b4       0x30 .\CortexM0\ARM_GCC_473\Debug\ADC.o
                0x200003b4                ADC::adc_msg
                0x200003c4                ADC::p
                0x200003d8                ADC::next_report_time
 .bss           0x200003e4       0x20 .\CortexM0\ARM_GCC_473\Debug\Blink.o
                0x200003e4                Blink::ledOn
                0x200003e8                Blink::sub
 .bss           0x20000404       0x20 .\CortexM0\ARM_GCC_473\Debug\HelloWorld.o
                0x20000404                HelloWorld::str_msg
                0x2000040c                HelloWorld::chatter
                0x20000420                HelloWorld::next_time
 .bss           0x20000424       0x24 .\CortexM0\ARM_GCC_473\Debug\button_example.o
                0x20000424                Button::pushed_msg
                0x2000042c                Button::pub_button
                0x20000440                Button::last_reading
                0x20000444                Button::last_debounce_time
 .bss           0x20000448       0x20 .\CortexM0\ARM_GCC_473\Debug\ServoControl.o
                0x20000448                ServoControl::sub
 .bss           0x20000468       0x44 .\CortexM0\ARM_GCC_473\Debug\Encoder.o
                0x20000468                Encoder::encoder_msg
                0x20000470                Encoder::p
                0x20000484                Encoder::counter_msg
                0x2000048c                Encoder::pc
                0x200004a0                Encoder::next_report_time
                0x200004a4                Encoder::next_read_time
                0x200004a8                Encoder::prev_counter_val
 .bss           0x200004ac       0x28 .\CortexM0\ARM_GCC_473\Debug\StepperControl.o
                0x200004ac                StepperControl::steps_remaining
                0x200004b0                StepperControl::next_time
                0x200004b4                StepperControl::sub
 .bss           0x200004d4       0x24 .\CortexM0\ARM_GCC_473\Debug\capsense_button.o
                0x200004d4                Capsense::pushed_msg
                0x200004dc                Capsense::pub_button
                0x200004f0                Capsense::last_reading
                0x200004f4                Capsense::last_debounce_time
 .bss           0x200004f8       0x3c .\CortexM0\ARM_GCC_473\Debug\UpDownCount.o
                0x200004f8                UpDownCount::updown_msg
                0x20000500                UpDownCount::p
                0x20000514                UpDownCount::sub
                0x20000530                UpDownCount::next_report_time
 .bss           0x20000534        0x8 .\CortexM0\ARM_GCC_473\Debug\RosOnAStick.a(ROSSerial_UART.o)
                0x20000534                ROSSerial_UART_initVar
                0x20000538                ROSSerial_UART_customIntrHandler
 .bss           0x2000053c        0x1 .\CortexM0\ARM_GCC_473\Debug\RosOnAStick.a(ADC_SAR_SEQ.o)
                0x2000053c                ADC_SAR_SEQ_initVar
 .bss           0x2000053d        0x1 .\CortexM0\ARM_GCC_473\Debug\RosOnAStick.a(PWM_1.o)
                0x2000053d                PWM_1_initVar
 .bss           0x2000053e        0x1 .\CortexM0\ARM_GCC_473\Debug\RosOnAStick.a(QuadDec_1.o)
                0x2000053e                QuadDec_1_initVar
 *fill*         0x2000053f        0x1 00
 .bss           0x20000540        0x8 .\CortexM0\ARM_GCC_473\Debug\RosOnAStick.a(CapSense.o)
                0x20000540                CapSense_lowLevelTuningDone
                0x20000542                CapSense_csdStatusVar
                0x20000543                CapSense_sensorIndex
                0x20000544                CapSense_sensorRaw
 .bss           0x20000548       0x14 .\CortexM0\ARM_GCC_473\Debug\RosOnAStick.a(CapSense_CSHL.o)
                0x20000548                CapSense_sensorBaseline
                0x2000054c                CapSense_sensorBaselineLow
                0x20000550                CapSense_sensorSignal
                0x20000554                CapSense_sensorOnMask
 .bss           0x2000055c        0x1 .\CortexM0\ARM_GCC_473\Debug\RosOnAStick.a(CapSense_INT.o)
 .bss           0x2000055d        0x1 .\CortexM0\ARM_GCC_473\Debug\RosOnAStick.a(UpDown.o)
                0x2000055d                UpDown_initVar
 *fill*         0x2000055e        0x2 00
 .bss           0x20000560        0x4 .\CortexM0\ARM_GCC_473\Debug\RosOnAStick.a(Transimpedance.o)
                0x20000560                Transimpedance_initVar
 *(COMMON)
 COMMON         0x20000564       0xd5 .\CortexM0\ARM_GCC_473\Debug\RosOnAStick.a(ROSSerial_UART_SPI_UART.o)
                0x20000564                ROSSerial_UART_txBufferHead
                0x20000568                ROSSerial_UART_txBufferTail
                0x2000056c                ROSSerial_UART_txBufferInternal
                0x200005ec                ROSSerial_UART_rxBufferHead
                0x200005f0                ROSSerial_UART_rxBufferInternal
                0x20000634                ROSSerial_UART_rxBufferTail
                0x20000638                ROSSerial_UART_rxBufferOverflow
 *fill*         0x20000639        0x3 00
 COMMON         0x2000063c       0x14 .\CortexM0\ARM_GCC_473\Debug\RosOnAStick.a(ADC_SAR_SEQ.o)
                0x2000063c                ADC_SAR_SEQ_offset
                0x20000644                ADC_SAR_SEQ_countsPer10Volt
 COMMON         0x20000650       0x19 .\CortexM0\ARM_GCC_473\Debug\RosOnAStick.a(CapSense.o)
                0x20000650                CapSense_csdTrim1
                0x20000654                CapSense_sensorEnableMaskBackup
                0x20000658                CapSense_senseClkDividerVal
                0x2000065c                CapSense_modulationIDAC
                0x20000660                CapSense_compensationIDAC
                0x20000664                CapSense_unscannedSnsDriveMode
                0x20000668                CapSense_sampleClkDividerVal
 *fill*         0x20000669        0x3 00
 COMMON         0x2000066c       0x15 .\CortexM0\ARM_GCC_473\Debug\RosOnAStick.a(CapSense_CSHL.o)
                0x2000066c                CapSense_noiseThreshold
                0x20000670                CapSense_lowBaselineResetCnt
                0x20000674                CapSense_negativeNoiseThreshold
                0x20000678                CapSense_rawFilterData1
                0x2000067c                CapSense_hysteresis
                0x20000680                CapSense_fingerThreshold
 *fill*         0x20000681        0x3 00
 COMMON         0x20000684       0x29 .\CortexM0\ARM_GCC_473\Debug\RosOnAStick.a(CapSense_SMS.o)
                0x20000684                signRegisterTbl
                0x20000688                runningDifferenceTbl
                0x2000068c                sampleMinTbl
                0x20000690                scanSpeedTbl
                0x20000694                previousSampleTbl
                0x20000698                kValueTbl
                0x2000069c                CapSense_config
                0x200006a8                sampleMaxTbl
                0x200006ac                noiseEnvelopeTbl
                0x200006b0                . = ALIGN (0x8)
 *fill*         0x200006ad        0x3 00
 *(.ram.b)
                0x200006b0                _end = .
                0x200006b0                __end = .
                0x200006b0                PROVIDE (end, .)
                0x200006b0                PROVIDE (__bss_end__, .)
                0x000079a8                __cy_region_init_ram = LOADADDR (.data)
                0x00000050                __cy_region_init_size_ram = (_edata - ADDR (.data))
                0x00000590                __cy_region_zero_size_ram = (_end - _edata)

.heap           0x200006b0      0x100 load address 0x000079f8
                0x200006b0                . = _end
                0x200007b0                . = (. + 0x100)
 *fill*         0x200006b0      0x100 00
                0x200007b0                __cy_heap_limit = .

.stack          0x20000c00      0x400
                0x20000c00                __cy_stack_limit = .
                0x20001000                . = (. + 0x400)
 *fill*         0x20000c00      0x400 00
                0x00000001                ASSERT ((__cy_stack_limit >= __cy_heap_limit), region RAM overflowed with stack)

.cyloadermeta   0xf0000000       0x40
 *(.cyloadermeta)
 .cyloadermeta  0xf0000000       0x40 .\CortexM0\ARM_GCC_473\Debug\cybootloader.o
                0xf0000000                cy_meta_loader

.cyloadablemeta
                0x00007fc0       0x40
 *(.cyloadablemeta)
 .cyloadablemeta
                0x00007fc0       0x40 .\CortexM0\ARM_GCC_473\Debug\cymetadata.o
                0x00007fc0                cy_meta_loadable

.cyflashprotect
                0x90400000       0x20
 *(.cyflashprotect)
 .cyflashprotect
                0x90400000       0x20 .\CortexM0\ARM_GCC_473\Debug\cybootloader.o
                0x90400000                cy_meta_flashprotect

.cymeta         0x90500000        0xc
 *(.cymeta)
 .cymeta        0x90500000        0xc .\CortexM0\ARM_GCC_473\Debug\cybootloader.o
                0x90500000                cy_metadata

.cychipprotect  0x90600000        0x4
 *(.cychipprotect)
 .cychipprotect
                0x90600000        0x4 .\CortexM0\ARM_GCC_473\Debug\cybootloader.o
                0x90600000                cy_meta_chipprotect

.rel.dyn        0x00008000        0x0 load address 0x90600004
 .rel.iplt      0x00000000        0x0 c:/program files/cypress/psoc creator/3.0/psoc creator/import/gnu_cs/arm/4.7.3/bin/../lib/gcc/arm-none-eabi/4.7.3/armv6-m/crtbegin.o

.stab
 *(.stab)

.stabstr
 *(.stabstr)

.debug
 *(.debug)

.line
 *(.line)

.debug_srcinfo
 *(.debug_srcinfo)

.debug_sfnames
 *(.debug_sfnames)

.debug_aranges  0x00000000     0x1698
 *(.debug_aranges)
 .debug_aranges
                0x00000000      0x178 .\CortexM0\ARM_GCC_473\Debug\main.o
 .debug_aranges
                0x00000178       0x50 .\CortexM0\ARM_GCC_473\Debug\Uarts.o
 .debug_aranges
                0x000001c8       0x20 .\CortexM0\ARM_GCC_473\Debug\cxxabi-compat.o
 .debug_aranges
                0x000001e8       0x38 .\CortexM0\ARM_GCC_473\Debug\duration.o
 .debug_aranges
                0x00000220       0x38 .\CortexM0\ARM_GCC_473\Debug\init.o
 .debug_aranges
                0x00000258       0x30 .\CortexM0\ARM_GCC_473\Debug\isnprintf.o
 .debug_aranges
                0x00000288       0x20 .\CortexM0\ARM_GCC_473\Debug\SysTimer.o
 .debug_aranges
                0x000002a8       0x38 .\CortexM0\ARM_GCC_473\Debug\time.o
 .debug_aranges
                0x000002e0       0xa8 .\CortexM0\ARM_GCC_473\Debug\ADC.o
 .debug_aranges
                0x00000388       0xa8 .\CortexM0\ARM_GCC_473\Debug\Blink.o
 .debug_aranges
                0x00000430       0x88 .\CortexM0\ARM_GCC_473\Debug\HelloWorld.o
 .debug_aranges
                0x000004b8       0xc0 .\CortexM0\ARM_GCC_473\Debug\button_example.o
 .debug_aranges
                0x00000578       0xa8 .\CortexM0\ARM_GCC_473\Debug\ServoControl.o
 .debug_aranges
                0x00000620       0xb8 .\CortexM0\ARM_GCC_473\Debug\Encoder.o
 .debug_aranges
                0x000006d8       0xb0 .\CortexM0\ARM_GCC_473\Debug\StepperControl.o
 .debug_aranges
                0x00000788       0xc0 .\CortexM0\ARM_GCC_473\Debug\capsense_button.o
 .debug_aranges
                0x00000848       0xf0 .\CortexM0\ARM_GCC_473\Debug\UpDownCount.o
 .debug_aranges
                0x00000938       0x18 .\CortexM0\ARM_GCC_473\Debug\cybootloader.o
 .debug_aranges
                0x00000950       0x18 .\CortexM0\ARM_GCC_473\Debug\cymetadata.o
 .debug_aranges
                0x00000968       0x40 .\CortexM0\ARM_GCC_473\Debug\Cm0Start.o
 .debug_aranges
                0x000009a8       0x60 .\CortexM0\ARM_GCC_473\Debug\RosOnAStick.a(cyfitter_cfg.o)
 .debug_aranges
                0x00000a08       0x40 .\CortexM0\ARM_GCC_473\Debug\RosOnAStick.a(ROSSerial_UART_Clock.o)
 .debug_aranges
                0x00000a48       0x50 .\CortexM0\ARM_GCC_473\Debug\RosOnAStick.a(ROSSerial_UART.o)
 .debug_aranges
                0x00000a98       0x60 .\CortexM0\ARM_GCC_473\Debug\RosOnAStick.a(ROSSerial_UART_SPI_UART.o)
 .debug_aranges
                0x00000af8       0x50 .\CortexM0\ARM_GCC_473\Debug\RosOnAStick.a(ROSSerial_UART_UART.o)
 .debug_aranges
                0x00000b48       0x40 .\CortexM0\ARM_GCC_473\Debug\RosOnAStick.a(P1_6.o)
 .debug_aranges
                0x00000b88       0x40 .\CortexM0\ARM_GCC_473\Debug\RosOnAStick.a(Port0.o)
 .debug_aranges
                0x00000bc8       0xa8 .\CortexM0\ARM_GCC_473\Debug\RosOnAStick.a(ADC_SAR_SEQ.o)
 .debug_aranges
                0x00000c70       0x20 .\CortexM0\ARM_GCC_473\Debug\RosOnAStick.a(ADC_SAR_SEQ_INT.o)
 .debug_aranges
                0x00000c90      0x158 .\CortexM0\ARM_GCC_473\Debug\RosOnAStick.a(PWM_1.o)
 .debug_aranges
                0x00000de8      0x158 .\CortexM0\ARM_GCC_473\Debug\RosOnAStick.a(QuadDec_1.o)
 .debug_aranges
                0x00000f40       0x40 .\CortexM0\ARM_GCC_473\Debug\RosOnAStick.a(Quad_Clock.o)
 .debug_aranges
                0x00000f80      0x150 .\CortexM0\ARM_GCC_473\Debug\RosOnAStick.a(CapSense.o)
 .debug_aranges
                0x000010d0      0x110 .\CortexM0\ARM_GCC_473\Debug\RosOnAStick.a(CapSense_CSHL.o)
 .debug_aranges
                0x000011e0       0x20 .\CortexM0\ARM_GCC_473\Debug\RosOnAStick.a(CapSense_INT.o)
 .debug_aranges
                0x00001200       0x68 .\CortexM0\ARM_GCC_473\Debug\RosOnAStick.a(CapSense_SMS.o)
 .debug_aranges
                0x00001268       0x28 .\CortexM0\ARM_GCC_473\Debug\RosOnAStick.a(Stepper_Control.o)
 .debug_aranges
                0x00001290       0x80 .\CortexM0\ARM_GCC_473\Debug\RosOnAStick.a(ADC_SAR_SEQ_IRQ.o)
 .debug_aranges
                0x00001310       0x40 .\CortexM0\ARM_GCC_473\Debug\RosOnAStick.a(CapSense_SampleClk.o)
 .debug_aranges
                0x00001350       0x40 .\CortexM0\ARM_GCC_473\Debug\RosOnAStick.a(CapSense_SenseClk.o)
 .debug_aranges
                0x00001390       0x20 .\CortexM0\ARM_GCC_473\Debug\RosOnAStick.a(CyBootAsmGnu.o)
 .debug_aranges
                0x000013b0      0x1a0 .\CortexM0\ARM_GCC_473\Debug\RosOnAStick.a(CyLib.o)
 .debug_aranges
                0x00001550       0x98 .\CortexM0\ARM_GCC_473\Debug\RosOnAStick.a(UpDown.o)
 .debug_aranges
                0x000015e8       0x48 .\CortexM0\ARM_GCC_473\Debug\RosOnAStick.a(Transimpedance.o)
 .debug_aranges
                0x00001630       0x20 .\CortexM0\ARM_GCC_473\Debug\RosOnAStick.a(ROSSerial_UART_SPI_UART_INT.o)
 .debug_aranges
                0x00001650       0x48 C:\Program Files\Cypress\PSoC Creator\3.0\PSoC Creator\psoc\content\cycomponentlibrary\CyComponentLibrary.cylib\CortexM0\ARM_GCC_473\Debug\CyComponentLibrary.a(CSD_P4_SmartSense_v2_0.o)

.debug_pubnames
 *(.debug_pubnames)

.debug_info     0x00000000    0x11b79
 *(.debug_info .gnu.linkonce.wi.*)
 .debug_info    0x00000000     0x2175 .\CortexM0\ARM_GCC_473\Debug\main.o
 .debug_info    0x00002175      0x4c0 .\CortexM0\ARM_GCC_473\Debug\Uarts.o
 .debug_info    0x00002635       0x3f .\CortexM0\ARM_GCC_473\Debug\cxxabi-compat.o
 .debug_info    0x00002674      0x30b .\CortexM0\ARM_GCC_473\Debug\duration.o
 .debug_info    0x0000297f      0x40c .\CortexM0\ARM_GCC_473\Debug\init.o
 .debug_info    0x00002d8b      0x214 .\CortexM0\ARM_GCC_473\Debug\isnprintf.o
 .debug_info    0x00002f9f      0x14e .\CortexM0\ARM_GCC_473\Debug\SysTimer.o
 .debug_info    0x000030ed      0x4d9 .\CortexM0\ARM_GCC_473\Debug\time.o
 .debug_info    0x000035c6      0xbf1 .\CortexM0\ARM_GCC_473\Debug\ADC.o
 .debug_info    0x000041b7      0xcf4 .\CortexM0\ARM_GCC_473\Debug\Blink.o
 .debug_info    0x00004eab      0xa83 .\CortexM0\ARM_GCC_473\Debug\HelloWorld.o
 .debug_info    0x0000592e      0xe9f .\CortexM0\ARM_GCC_473\Debug\button_example.o
 .debug_info    0x000067cd      0xd09 .\CortexM0\ARM_GCC_473\Debug\ServoControl.o
 .debug_info    0x000074d6      0xe38 .\CortexM0\ARM_GCC_473\Debug\Encoder.o
 .debug_info    0x0000830e      0xe48 .\CortexM0\ARM_GCC_473\Debug\StepperControl.o
 .debug_info    0x00009156      0xe84 .\CortexM0\ARM_GCC_473\Debug\capsense_button.o